-- The C compiler identification is GNU 14.2.0
-- The CXX compiler identification is GNU 14.2.0
-- Detecting C compiler ABI info
-- Detecting C compiler ABI info - done
-- Check for working C compiler: /usr/bin/cc - skipped
-- Detecting C compile features
-- Detecting C compile features - done
-- Detecting CXX compiler ABI info
-- Detecting CXX compiler ABI info - done
-- Check for working CXX compiler: /usr/bin/c++ - skipped
-- Detecting CXX compile features
-- Detecting CXX compile features - done
-- Found ZLIB: /usr/lib/x86_64-linux-gnu/libz.so (found version "1.3.1")
-- Found PNG: /usr/lib/x86_64-linux-gnu/libpng.so (found version "1.6.48")
-- Checking for module 'vorbisfile'
--   Package 'vorbisfile', required by 'virtual:world', not found
-- Checking for module 'alsa'
--   Package 'alsa', required by 'virtual:world', not found
-- Music: vorbisfile/ALSA not found; silent track tracking only
-- UI fonts: FreeType not found; prototype glyph fallback only
-- Found PkgConfig: /usr/bin/pkg-config (found version "1.8.1")
-- Checking for module 'egl'
--   Package 'egl', required by 'virtual:world', not found
-- Checking for module 'glesv2'
--   Package 'glesv2', required by 'virtual:world', not found
-- Checking for module 'wayland-client'
--   Package 'wayland-client', required by 'virtual:world', not found
-- Checking for module 'wayland-egl'
--   Package 'wayland-egl', required by 'virtual:world', not found
-- Desktop shell disabled: Wayland, EGL, GLES2, or xdg-shell files are missing
-- Found Python3: /opt/pyvenv/bin/python3 (found version "3.13.5") found components: Interpreter
-- Original comparison not configured: set TORCHLIGHT_ORIGINAL to run it
-- Configuring done (7.8s)
-- Generating done (0.2s)
-- Build files have been written to: /mnt/data/work15/build-release
[1/72] Building CXX object CMakeFiles/torchlight_core.dir/src/actor_motion.cpp.o
[2/72] Building CXX object CMakeFiles/torchlight_core.dir/src/adm_document.cpp.o
[3/72] Building CXX object CMakeFiles/torchlight_core.dir/src/animation_events.cpp.o
[4/72] Building CXX object CMakeFiles/torchlight_core.dir/src/animation_manifest.cpp.o
[5/72] Building CXX object CMakeFiles/torchlight_core.dir/src/attack_action.cpp.o
[6/72] Building CXX object CMakeFiles/torchlight_core.dir/src/character_stats.cpp.o
[7/72] Building CXX object CMakeFiles/torchlight_core.dir/src/collision_scene.cpp.o
[8/72] Building CXX object CMakeFiles/torchlight_core.dir/src/line_of_sight.cpp.o
[9/72] Building CXX object CMakeFiles/torchlight_core.dir/src/combat.cpp.o
[10/72] Building CXX object CMakeFiles/torchlight_core.dir/src/consumable.cpp.o
[11/72] Building CXX object CMakeFiles/torchlight_core.dir/src/merchant.cpp.o
[12/72] Building CXX object CMakeFiles/torchlight_core.dir/src/economy.cpp.o
[13/72] Building CXX object CMakeFiles/torchlight_core.dir/src/quests.cpp.o
[14/72] Building CXX object CMakeFiles/torchlight_core.dir/src/skills.cpp.o
[15/72] Building CXX object CMakeFiles/torchlight_core.dir/src/checkpoint.cpp.o
[16/72] Building CXX object CMakeFiles/torchlight_core.dir/src/save_codec.cpp.o
[17/72] Building CXX object CMakeFiles/torchlight_core.dir/src/save_store.cpp.o
[18/72] Building CXX object CMakeFiles/torchlight_core.dir/src/settings.cpp.o
[19/72] Building CXX object CMakeFiles/torchlight_core.dir/src/ui_layout.cpp.o
[20/72] Building CXX object CMakeFiles/torchlight_core.dir/src/ui_font.cpp.o
[21/72] Building CXX object CMakeFiles/torchlight_core.dir/src/ui_text.cpp.o
[22/72] Building CXX object CMakeFiles/torchlight_core.dir/src/ui_hud.cpp.o
[23/72] Building CXX object CMakeFiles/torchlight_core.dir/src/frontend.cpp.o
[24/72] Building CXX object CMakeFiles/torchlight_core.dir/src/interaction.cpp.o
[25/72] Building CXX object CMakeFiles/torchlight_core.dir/src/damage.cpp.o
[26/72] Building CXX object CMakeFiles/torchlight_core.dir/src/dds_texture.cpp.o
[27/72] Building CXX object CMakeFiles/torchlight_core.dir/src/equipment.cpp.o
[28/72] Building CXX object CMakeFiles/torchlight_core.dir/src/entity_world.cpp.o
[29/72] Building CXX object CMakeFiles/torchlight_core.dir/src/enemy_ai.cpp.o
[30/72] Building CXX object CMakeFiles/torchlight_core.dir/src/vitals.cpp.o
[31/72] Building CXX object CMakeFiles/torchlight_core.dir/src/input_state.cpp.o
[32/72] Building CXX object CMakeFiles/torchlight_core.dir/src/inventory.cpp.o
[33/72] Building CXX object CMakeFiles/torchlight_core.dir/src/inventory_view.cpp.o
[34/72] Building CXX object CMakeFiles/torchlight_core.dir/src/player_session.cpp.o
[35/72] Building CXX object CMakeFiles/torchlight_core.dir/src/population.cpp.o
[36/72] Building CXX object CMakeFiles/torchlight_core.dir/src/progression.cpp.o
[37/72] Building CXX object CMakeFiles/torchlight_core.dir/src/treasure.cpp.o
[38/72] Building CXX object CMakeFiles/torchlight_core.dir/src/key_manager.cpp.o
[39/72] Building CXX object CMakeFiles/torchlight_core.dir/src/level_scene.cpp.o
[40/72] Building CXX object CMakeFiles/torchlight_core.dir/src/level_transition.cpp.o
[41/72] Building CXX object CMakeFiles/torchlight_core.dir/src/logic_runtime.cpp.o
[42/72] Building CXX object CMakeFiles/torchlight_core.dir/src/master_resource_index.cpp.o
[43/72] Building CXX object CMakeFiles/torchlight_core.dir/src/mouse_manager.cpp.o
[44/72] Building CXX object CMakeFiles/torchlight_core.dir/src/navigation_grid.cpp.o
[45/72] Building CXX object CMakeFiles/torchlight_core.dir/src/ogre_material.cpp.o
[46/72] Building CXX object CMakeFiles/torchlight_core.dir/src/ogre_mesh.cpp.o
[47/72] Building CXX object CMakeFiles/torchlight_core.dir/src/ogre_skeleton.cpp.o
[48/72] Building CXX object CMakeFiles/torchlight_core.dir/src/pak_archive.cpp.o
[49/72] Building CXX object CMakeFiles/torchlight_core.dir/src/pathfinder_rules.cpp.o
[50/72] Building CXX object CMakeFiles/torchlight_core.dir/src/pointer_movement.cpp.o
[51/72] Building CXX object CMakeFiles/torchlight_core.dir/src/player.cpp.o
[52/72] Building CXX object CMakeFiles/torchlight_core.dir/src/png_texture.cpp.o
[53/72] Building CXX object CMakeFiles/torchlight_core.dir/src/random_level.cpp.o
[54/72] Building CXX object CMakeFiles/torchlight_core.dir/src/randomizer.cpp.o
[55/72] Building CXX object CMakeFiles/torchlight_core.dir/src/resource_config.cpp.o
[56/72] Building CXX object CMakeFiles/torchlight_core.dir/src/scene_animation.cpp.o
[57/72] Building CXX object CMakeFiles/torchlight_core.dir/src/scene_geometry.cpp.o
[58/72] Building CXX object CMakeFiles/torchlight_core.dir/src/scene_math.cpp.o
[59/72] Building CXX object CMakeFiles/torchlight_core.dir/src/skeletal_animation.cpp.o
[60/72] Building CXX object CMakeFiles/torchlight_core.dir/src/spawn_class.cpp.o
[61/72] Building CXX object CMakeFiles/torchlight_core.dir/src/stat_graph.cpp.o
[62/72] Building CXX object CMakeFiles/torchlight_core.dir/src/unit_definition.cpp.o
[63/72] Building CXX object CMakeFiles/torchlight_core.dir/src/unit_type.cpp.o
[64/72] Building CXX object CMakeFiles/torchlight_core.dir/src/music.cpp.o
[65/72] Generating fixtures/character-stats.pak.zip
Authored combat fixture: 29 units, 65 files; no original assets
[66/72] Linking CXX static library libtorchlight_core.a
[67/72] Building CXX object CMakeFiles/torchlight_application.dir/src/application.cpp.o
FAILED: CMakeFiles/torchlight_application.dir/src/application.cpp.o
/usr/bin/c++  -I/mnt/data/work15/source/include -O3 -DNDEBUG -fPIC -Wall -Wextra -Wpedantic -Werror -MD -MT CMakeFiles/torchlight_application.dir/src/application.cpp.o -MF CMakeFiles/torchlight_application.dir/src/application.cpp.o.d -o CMakeFiles/torchlight_application.dir/src/application.cpp.o -c /mnt/data/work15/source/src/application.cpp
/mnt/data/work15/source/src/application.cpp: In function 'int torchlight::run_application(const ApplicationOptions&, ApplicationHost&)':
/mnt/data/work15/source/src/application.cpp:1249:57: error: '*(long unsigned int*)((char*)&active_pickup + offsetof(std::optional<long unsigned int>,std::optional<long unsigned int>::<unnamed>.std::_Optional_base<long unsigned int, true, true>::<unnamed>))' may be used uninitialized [-Werror=maybe-uninitialized]
 1249 |                     const auto* item = entity_world.find(*active_pickup);
      |                                        ~~~~~~~~~~~~~~~~~^~~~~~~~~~~~~~~~
/mnt/data/work15/source/src/application.cpp:541:42: note: '*(long unsigned int*)((char*)&active_pickup + offsetof(std::optional<long unsigned int>,std::optional<long unsigned int>::<unnamed>.std::_Optional_base<long unsigned int, true, true>::<unnamed>))' was declared here
  541 |             std::optional<std::uint64_t> active_pickup;
      |                                          ^~~~~~~~~~~~~
/mnt/data/work15/source/src/application.cpp:1719:56: error: '*(long unsigned int*)((char*)&merchant_entity + offsetof(std::optional<long unsigned int>,std::optional<long unsigned int>::<unnamed>.std::_Optional_base<long unsigned int, true, true>::<unnamed>))' may be used uninitialized [-Werror=maybe-uninitialized]
 1719 |                     const auto* npc = entity_world.find(*merchant_entity);
      |                                       ~~~~~~~~~~~~~~~~~^~~~~~~~~~~~~~~~~~
/mnt/data/work15/source/src/application.cpp:522:42: note: '*(long unsigned int*)((char*)&merchant_entity + offsetof(std::optional<long unsigned int>,std::optional<long unsigned int>::<unnamed>.std::_Optional_base<long unsigned int, true, true>::<unnamed>))' was declared here
  522 |             std::optional<std::uint64_t> merchant_entity;
      |                                          ^~~~~~~~~~~~~~~
cc1plus: all warnings being treated as errors
ninja: build stopped: subcommand failed.
