-- Checking for module 'vorbisfile'
--   Package 'vorbisfile', required by 'virtual:world', not found
-- Checking for module 'alsa'
--   Package 'alsa', required by 'virtual:world', not found
-- Music: vorbisfile/ALSA not found; silent track tracking only
-- UI fonts: FreeType not found; prototype glyph fallback only
-- Checking for module 'egl'
--   Package 'egl', required by 'virtual:world', not found
-- Checking for module 'glesv2'
--   Package 'glesv2', required by 'virtual:world', not found
-- Checking for module 'wayland-client'
--   Package 'wayland-client', required by 'virtual:world', not found
-- Checking for module 'wayland-egl'
--   Package 'wayland-egl', required by 'virtual:world', not found
-- Desktop shell disabled: Wayland, EGL, GLES2, or xdg-shell files are missing
-- Original comparison not configured: set TORCHLIGHT_ORIGINAL to run it
-- Configuring done (6.3s)
-- Generating done (0.1s)
-- Build files have been written to: /mnt/data/work15/build-release
[1/26] Building CXX object CMakeFiles/torchlight_core.dir/src/attack_action.cpp.o
[2/26] Building CXX object CMakeFiles/torchlight_core.dir/src/combat.cpp.o
[3/26] Building CXX object CMakeFiles/torchlight_core.dir/src/merchant.cpp.o
[4/26] Building CXX object CMakeFiles/torchlight_core.dir/src/skills.cpp.o
[5/26] Building CXX object CMakeFiles/torchlight_core.dir/src/checkpoint.cpp.o
[6/26] Building CXX object CMakeFiles/torchlight_core.dir/src/save_codec.cpp.o
[7/26] Building CXX object CMakeFiles/torchlight_core.dir/src/save_store.cpp.o
[8/26] Building CXX object CMakeFiles/torchlight_core.dir/src/frontend.cpp.o
[9/26] Building CXX object CMakeFiles/torchlight_core.dir/src/interaction.cpp.o
[10/26] Building CXX object CMakeFiles/torchlight_core.dir/src/equipment.cpp.o
[11/26] Building CXX object CMakeFiles/torchlight_core.dir/src/entity_world.cpp.o
[12/26] Building CXX object CMakeFiles/torchlight_core.dir/src/enemy_ai.cpp.o
[13/26] Building CXX object CMakeFiles/torchlight_core.dir/src/inventory.cpp.o
[14/26] Building CXX object CMakeFiles/torchlight_core.dir/src/inventory_view.cpp.o
[15/26] Building CXX object CMakeFiles/torchlight_core.dir/src/player_session.cpp.o
[16/26] Building CXX object CMakeFiles/torchlight_core.dir/src/population.cpp.o
[17/26] Building CXX object CMakeFiles/torchlight_core.dir/src/player.cpp.o
[18/26] Building CXX object CMakeFiles/torchlight_core.dir/src/scene_animation.cpp.o
[19/26] Building CXX object CMakeFiles/torchlight_core.dir/src/scene_geometry.cpp.o
[20/26] Linking CXX static library libtorchlight_core.a
[21/26] Building CXX object CMakeFiles/torchlight_application.dir/src/application.cpp.o
[22/26] Building CXX object CMakeFiles/character_stats_test.dir/tests/character_stats_test.cpp.o
[23/26] Building CXX object CMakeFiles/item_graph_test.dir/tests/item_graph_test.cpp.o
[24/26] Linking CXX static library libtorchlight_application.a
[25/26] Linking CXX executable character_stats_test
[26/26] Linking CXX executable item_graph_test
Internal ctest changing into directory: /mnt/data/work15/build-release
Test project /mnt/data/work15/build-release
    Start 64: character_stats_cycle
1/4 Test #64: character_stats_cycle ............   Passed    0.01 sec
    Start 65: character_stats_process_save
2/4 Test #65: character_stats_process_save .....   Passed    0.01 sec
    Start 66: character_stats_process_load
3/4 Test #66: character_stats_process_load .....   Passed    0.01 sec
    Start 67: item_graph_cycle
4/4 Test #67: item_graph_cycle .................   Passed    0.00 sec

100% tests passed, 0 tests failed out of 4

Label Time Summary:
core    =   0.03 sec*proc (4 tests)

Total Test time (real) =   0.03 sec
