Internal ctest changing into directory: /mnt/data/ot_asan13
Test project /mnt/data/ot_asan13
      Start 11: inventory_instances
 1/20 Test #11: inventory_instances ..............   Passed    0.16 sec
      Start 12: item_cycle
 2/20 Test #12: item_cycle .......................   Passed    0.67 sec
      Start 21: save_checkpoint
 3/20 Test #21: save_checkpoint ..................   Passed    1.37 sec
      Start 22: save_fresh_process
 4/20 Test #22: save_fresh_process ...............   Passed    3.16 sec
      Start 23: save_atomic_process
 5/20 Test #23: save_atomic_process ..............   Passed    4.55 sec
      Start 33: progression_numeric
 6/20 Test #33: progression_numeric ..............   Passed    0.25 sec
      Start 73: vitals_numeric
 7/20 Test #73: vitals_numeric ...................   Passed    0.41 sec
      Start 74: vitals_resource_cycle
 8/20 Test #74: vitals_resource_cycle ............   Passed    0.47 sec
      Start 75: vitals_fresh_process
 9/20 Test #75: vitals_fresh_process .............   Passed    2.48 sec
      Start 76: vitals_v2_migration
10/20 Test #76: vitals_v2_migration ..............   Passed    2.40 sec
      Start 78: consumable_cycle
11/20 Test #78: consumable_cycle .................   Passed    0.47 sec
      Start 79: consumable_fresh_process
12/20 Test #79: consumable_fresh_process .........   Passed    2.57 sec
      Start 80: original_consumables
13/20 Test #80: original_consumables .............   Passed   13.61 sec
      Start 86: skills_runtime
14/20 Test #86: skills_runtime ...................   Passed    0.22 sec
      Start 87: original_skills_runtime
15/20 Test #87: original_skills_runtime ..........   Passed    7.48 sec
      Start 88: quest_requirements
16/20 Test #88: quest_requirements ...............   Passed    0.24 sec
      Start 89: original_quest_controllers
17/20 Test #89: original_quest_controllers .......   Passed    0.88 sec
      Start 90: merchant_prices
18/20 Test #90: merchant_prices ..................   Passed    0.22 sec
      Start 91: original_merchant_purchases
19/20 Test #91: original_merchant_purchases ......   Passed   12.08 sec
      Start 92: gameplay_v4_migration
20/20 Test #92: gameplay_v4_migration ............   Passed    2.12 sec

100% tests passed, 0 tests failed out of 20

Label Time Summary:
assets    =  34.06 sec*proc (4 tests)
core      =  21.77 sec*proc (16 tests)

Total Test time (real) =  55.85 sec
