[1/251] Building CXX object CMakeFiles/torchlight_core.dir/src/actor_motion.cpp.o
[2/251] Building CXX object CMakeFiles/torchlight_core.dir/src/animation_events.cpp.o
[3/251] Building CXX object CMakeFiles/torchlight_core.dir/src/animation_manifest.cpp.o
[4/251] Building CXX object CMakeFiles/torchlight_core.dir/src/adm_document.cpp.o
[5/251] Building CXX object CMakeFiles/torchlight_core.dir/src/line_of_sight.cpp.o
[6/251] Building CXX object CMakeFiles/torchlight_core.dir/src/collision_scene.cpp.o
[7/251] Building CXX object CMakeFiles/torchlight_core.dir/src/attack_action.cpp.o
[8/251] Building CXX object CMakeFiles/torchlight_core.dir/src/consumable.cpp.o
[9/251] Building CXX object CMakeFiles/torchlight_core.dir/src/combat.cpp.o
[10/251] Building CXX object CMakeFiles/torchlight_core.dir/src/economy.cpp.o
[11/251] Building CXX object CMakeFiles/torchlight_core.dir/src/merchant.cpp.o
[12/251] Building CXX object CMakeFiles/torchlight_core.dir/src/quests.cpp.o
[13/251] Building CXX object CMakeFiles/torchlight_core.dir/src/skills.cpp.o
[14/251] Building CXX object CMakeFiles/torchlight_core.dir/src/checkpoint.cpp.o
[15/251] Building CXX object CMakeFiles/torchlight_core.dir/src/settings.cpp.o
[16/251] Building CXX object CMakeFiles/torchlight_core.dir/src/save_codec.cpp.o
[17/251] Building CXX object CMakeFiles/torchlight_core.dir/src/ui_text.cpp.o
[18/251] Building CXX object CMakeFiles/torchlight_core.dir/src/save_store.cpp.o
[19/251] Building CXX object CMakeFiles/torchlight_core.dir/src/ui_font.cpp.o
[20/251] Building CXX object CMakeFiles/torchlight_core.dir/src/interaction.cpp.o
[21/251] Building CXX object CMakeFiles/torchlight_core.dir/src/damage.cpp.o
[22/251] Building CXX object CMakeFiles/torchlight_core.dir/src/ui_hud.cpp.o
[23/251] Building CXX object CMakeFiles/torchlight_core.dir/src/ui_layout.cpp.o
[24/251] Building CXX object CMakeFiles/torchlight_core.dir/src/dds_texture.cpp.o
[25/251] Building CXX object CMakeFiles/torchlight_core.dir/src/equipment.cpp.o
[26/251] Building CXX object CMakeFiles/torchlight_core.dir/src/vitals.cpp.o
[27/251] Building CXX object CMakeFiles/torchlight_core.dir/src/frontend.cpp.o
[28/251] Building CXX object CMakeFiles/torchlight_core.dir/src/input_state.cpp.o
[29/251] Building CXX object CMakeFiles/torchlight_core.dir/src/entity_world.cpp.o
[30/251] Building CXX object CMakeFiles/torchlight_core.dir/src/enemy_ai.cpp.o
[31/251] Building CXX object CMakeFiles/torchlight_core.dir/src/inventory_view.cpp.o
[32/251] Building CXX object CMakeFiles/torchlight_core.dir/src/inventory.cpp.o
[33/251] Building CXX object CMakeFiles/torchlight_core.dir/src/population.cpp.o
[34/251] Building CXX object CMakeFiles/torchlight_core.dir/src/treasure.cpp.o
[35/251] Building CXX object CMakeFiles/torchlight_core.dir/src/key_manager.cpp.o
[36/251] Building CXX object CMakeFiles/torchlight_core.dir/src/progression.cpp.o
[37/251] Building CXX object CMakeFiles/torchlight_core.dir/src/level_transition.cpp.o
[38/251] Building CXX object CMakeFiles/torchlight_core.dir/src/player_session.cpp.o
[39/251] Building CXX object CMakeFiles/torchlight_core.dir/src/mouse_manager.cpp.o
[40/251] Building CXX object CMakeFiles/torchlight_core.dir/src/master_resource_index.cpp.o
[41/251] Building CXX object CMakeFiles/torchlight_core.dir/src/logic_runtime.cpp.o
[42/251] Building CXX object CMakeFiles/torchlight_core.dir/src/navigation_grid.cpp.o
[43/251] Building CXX object CMakeFiles/torchlight_core.dir/src/ogre_material.cpp.o
[44/251] Building CXX object CMakeFiles/torchlight_core.dir/src/level_scene.cpp.o
[45/251] Building CXX object CMakeFiles/torchlight_core.dir/src/pathfinder_rules.cpp.o
[46/251] Building CXX object CMakeFiles/torchlight_core.dir/src/pointer_movement.cpp.o
[47/251] Building CXX object CMakeFiles/torchlight_core.dir/src/ogre_mesh.cpp.o
[48/251] Building CXX object CMakeFiles/torchlight_core.dir/src/ogre_skeleton.cpp.o
[49/251] Building CXX object CMakeFiles/torchlight_core.dir/src/png_texture.cpp.o
[50/251] Building CXX object CMakeFiles/torchlight_core.dir/src/randomizer.cpp.o
[51/251] Building CXX object CMakeFiles/torchlight_core.dir/src/pak_archive.cpp.o
[52/251] Building CXX object CMakeFiles/torchlight_core.dir/src/resource_config.cpp.o
[53/251] Building CXX object CMakeFiles/torchlight_core.dir/src/random_level.cpp.o
[54/251] Building CXX object CMakeFiles/torchlight_core.dir/src/player.cpp.o
[55/251] Building CXX object CMakeFiles/torchlight_core.dir/src/scene_math.cpp.o
[56/251] Building CXX object CMakeFiles/torchlight_core.dir/src/scene_geometry.cpp.o
[57/251] Building CXX object CMakeFiles/torchlight_core.dir/src/scene_animation.cpp.o
[58/251] Building CXX object CMakeFiles/torchlight_core.dir/src/skeletal_animation.cpp.o
[59/251] Building CXX object CMakeFiles/torchlight_core.dir/src/stat_graph.cpp.o
[60/251] Building CXX object CMakeFiles/torchlight_core.dir/src/spawn_class.cpp.o
[61/251] Building CXX object CMakeFiles/torchlight_core.dir/src/music.cpp.o
[62/251] Building CXX object CMakeFiles/torchlight_core.dir/src/unit_definition.cpp.o
[63/251] Generating fixtures/ai-cooldown.pak.zip
Synthetic AI cooldown fixture: 21 UNIT definitions
[64/251] Building CXX object CMakeFiles/torchlight_core.dir/src/unit_type.cpp.o
[65/251] Linking CXX static library libtorchlight_core.a
[66/251] Generating fixtures/item-cycle.pak.zip
Synthetic item fixture: 16 units, 5 tables; no game assets
[67/251] Generating fixtures/ordinary-combat.pak.zip
Authored combat fixture: 24 units, 60 files; no original assets
[68/251] Generating fixtures/frontend.pak.zip
Authored combat fixture: 24 units, 60 files; no original assets
[69/251] Generating fixtures/hud.pak.zip
Authored HUD fixture: 3 original-geometry bars, 8x8 colored atlas; no original assets
[70/251] Generating fixtures/menu-widgets.pak.zip
[71/251] Generating fixtures/ui-font.pak.zip
[72/251] Generating fixtures/progression.pak.zip
Authored combat fixture: 29 units, 71 files; no original assets
[73/251] Generating fixtures/vitals.pak.zip
Authored combat fixture: 33 units, 76 files; no original assets
[74/251] Generating consumables.pak.zip
Authored combat fixture: 36 units, 78 files; no original assets
[75/251] Generating fixtures/population.pak.zip
Authored combat fixture: 36 units, 78 files; no original assets
[76/251] Generating fixtures/ranged.pak.zip
Authored combat fixture: 29 units, 66 files; no original assets
[77/251] Generating fixtures/legacy-v3.pak.zip
Authored combat fixture: 36 units, 73 files; no original assets
[78/251] Generating fixtures/hud-input.pak.zip
[79/251] Building CXX object CMakeFiles/torchlight_level_rules_dump.dir/tools/level_rules_dump.cpp.o
[80/251] Building CXX object CMakeFiles/torchlight_bootstrap.dir/src/bootstrap_main.cpp.o
[81/251] Building CXX object CMakeFiles/torchlight_scene_camera_dump.dir/tools/scene_camera_dump.cpp.o
[82/251] Building CXX object CMakeFiles/torchlight_player_units_dump.dir/tools/player_units_dump.cpp.o
[83/251] Building CXX object CMakeFiles/input_comparison.dir/tests/input_c_api.cpp.o
[84/251] Building CXX object CMakeFiles/action_comparison.dir/tests/action_c_api.cpp.o
[85/251] Building CXX object CMakeFiles/randomizer_comparison.dir/tests/randomizer_c_api.cpp.o
[86/251] Building CXX object CMakeFiles/pathfinder_comparison.dir/tests/pathfinder_c_api.cpp.o
[87/251] Building CXX object CMakeFiles/torchlight_asset_catalog.dir/src/asset_catalog_main.cpp.o
[88/251] Building CXX object CMakeFiles/camera_comparison.dir/tests/camera_c_api.cpp.o
[89/251] Building CXX object CMakeFiles/ogre_camera_reference.dir/tests/ogre_camera_reference.cpp.o
[90/251] Building CXX object CMakeFiles/pak_archive_test.dir/tests/pak_archive_test.cpp.o
[91/251] Building CXX object CMakeFiles/actor_motion_test.dir/tests/actor_motion_test.cpp.o
[92/251] Building CXX object CMakeFiles/attack_action_test.dir/tests/attack_action_test.cpp.o
[93/251] Building CXX object CMakeFiles/master_resource_index_test.dir/tests/master_resource_index_test.cpp.o
[94/251] Building CXX object CMakeFiles/adm_document_test.dir/tests/adm_document_test.cpp.o
[95/251] Building CXX object CMakeFiles/collision_mesh_test.dir/tests/collision_mesh_test.cpp.o
[96/251] Building CXX object CMakeFiles/unit_definition_test.dir/tests/unit_definition_test.cpp.o
[97/251] Building CXX object CMakeFiles/level_scene_test.dir/tests/level_scene_test.cpp.o
[98/251] Building CXX object CMakeFiles/torchlight_application.dir/src/application.cpp.o
FAILED: CMakeFiles/torchlight_application.dir/src/application.cpp.o 
/usr/bin/c++  -I/mnt/data/audit-original-ui/patched/include -O3 -DNDEBUG -fPIC -Wall -Wextra -Wpedantic -Werror -MD -MT CMakeFiles/torchlight_application.dir/src/application.cpp.o -MF CMakeFiles/torchlight_application.dir/src/application.cpp.o.d -o CMakeFiles/torchlight_application.dir/src/application.cpp.o -c /mnt/data/audit-original-ui/patched/src/application.cpp
/mnt/data/audit-original-ui/patched/src/application.cpp: In function ‘int torchlight::run_application(const ApplicationOptions&, ApplicationHost&)’:
/mnt/data/audit-original-ui/patched/src/application.cpp:1245:57: error: ‘*(long unsigned int*)((char*)&active_pickup + offsetof(std::optional<long unsigned int>,std::optional<long unsigned int>::<unnamed>.std::_Optional_base<long unsigned int, true, true>::<unnamed>))’ may be used uninitialized [-Werror=maybe-uninitialized]
 1245 |                     const auto* item = entity_world.find(*active_pickup);
      |                                        ~~~~~~~~~~~~~~~~~^~~~~~~~~~~~~~~~
/mnt/data/audit-original-ui/patched/src/application.cpp:541:42: note: ‘*(long unsigned int*)((char*)&active_pickup + offsetof(std::optional<long unsigned int>,std::optional<long unsigned int>::<unnamed>.std::_Optional_base<long unsigned int, true, true>::<unnamed>))’ was declared here
  541 |             std::optional<std::uint64_t> active_pickup;
      |                                          ^~~~~~~~~~~~~
/mnt/data/audit-original-ui/patched/src/application.cpp:1715:56: error: ‘*(long unsigned int*)((char*)&merchant_entity + offsetof(std::optional<long unsigned int>,std::optional<long unsigned int>::<unnamed>.std::_Optional_base<long unsigned int, true, true>::<unnamed>))’ may be used uninitialized [-Werror=maybe-uninitialized]
 1715 |                     const auto* npc = entity_world.find(*merchant_entity);
      |                                       ~~~~~~~~~~~~~~~~~^~~~~~~~~~~~~~~~~~
/mnt/data/audit-original-ui/patched/src/application.cpp:522:42: note: ‘*(long unsigned int*)((char*)&merchant_entity + offsetof(std::optional<long unsigned int>,std::optional<long unsigned int>::<unnamed>.std::_Optional_base<long unsigned int, true, true>::<unnamed>))’ was declared here
  522 |             std::optional<std::uint64_t> merchant_entity;
      |                                          ^~~~~~~~~~~~~~~
cc1plus: all warnings being treated as errors
[99/251] Building CXX object CMakeFiles/logic_runtime_test.dir/tests/logic_runtime_test.cpp.o
[100/251] Building CXX object CMakeFiles/player_test.dir/tests/player_test.cpp.o
[101/251] Building CXX object CMakeFiles/random_level_test.dir/tests/random_level_test.cpp.o
ninja: build stopped: subcommand failed.
