+ cmake -S /mnt/data/opentorchlight_work -B /mnt/data/opentorchlight_work/build-verification -G Ninja -DCMAKE_BUILD_TYPE=Debug -DBUILD_TESTING=ON -DTORCHLIGHT_ENABLE_DESKTOP=OFF -DTORCHLIGHT_ENABLE_RENDER=ON -DTORCHLIGHT_GAME_DIR= -DTORCHLIGHT_ORIGINAL=
-- The C compiler identification is GNU 14.2.0
-- The CXX compiler identification is GNU 14.2.0
-- Detecting C compiler ABI info
-- Detecting C compiler ABI info - done
-- Check for working C compiler: /usr/bin/cc - skipped
-- Detecting C compile features
-- Detecting C compile features - done
-- Detecting CXX compiler ABI info
-- Detecting CXX compiler ABI info - done
-- Check for working CXX compiler: /usr/bin/c++ - skipped
-- Detecting CXX compile features
-- Detecting CXX compile features - done
-- Found ZLIB: /usr/lib/x86_64-linux-gnu/libz.so (found version "1.3.1")
-- Found PNG: /usr/lib/x86_64-linux-gnu/libpng.so (found version "1.6.48")
-- Found PkgConfig: /usr/bin/pkg-config (found version "1.8.1")
-- Checking for module 'egl'
--   Package 'egl', required by 'virtual:world', not found
-- Checking for module 'glesv2'
--   Package 'glesv2', required by 'virtual:world', not found
-- Checking for module 'wayland-client'
--   Package 'wayland-client', required by 'virtual:world', not found
-- Checking for module 'wayland-egl'
--   Package 'wayland-egl', required by 'virtual:world', not found
-- Desktop shell disabled: Wayland, EGL, GLES2, or xdg-shell files are missing
-- Found Python3: /opt/pyvenv/bin/python3 (found version "3.13.5") found components: Interpreter
-- Original comparison not configured: set TORCHLIGHT_ORIGINAL to run it
-- Configuring done (4.1s)
-- Generating done (0.0s)
-- Build files have been written to: /mnt/data/opentorchlight_work/build-verification
+ cmake --build /mnt/data/opentorchlight_work/build-verification --parallel 4
[1/181] Building CXX object CMakeFiles/torchlight_core.dir/src/actor_motion.cpp.o
[2/181] Building CXX object CMakeFiles/torchlight_core.dir/src/animation_events.cpp.o
[3/181] Building CXX object CMakeFiles/torchlight_core.dir/src/animation_manifest.cpp.o
[4/181] Building CXX object CMakeFiles/torchlight_core.dir/src/adm_document.cpp.o
[5/181] Building CXX object CMakeFiles/torchlight_core.dir/src/collision_scene.cpp.o
[6/181] Building CXX object CMakeFiles/torchlight_core.dir/src/combat.cpp.o
[7/181] Building CXX object CMakeFiles/torchlight_core.dir/src/attack_action.cpp.o
[8/181] Building CXX object CMakeFiles/torchlight_core.dir/src/save_codec.cpp.o
[9/181] Building CXX object CMakeFiles/torchlight_core.dir/src/save_store.cpp.o
[10/181] Building CXX object CMakeFiles/torchlight_core.dir/src/ui_layout.cpp.o
[11/181] Building CXX object CMakeFiles/torchlight_core.dir/src/checkpoint.cpp.o
[12/181] Building CXX object CMakeFiles/torchlight_core.dir/src/damage.cpp.o
[13/181] Building CXX object CMakeFiles/torchlight_core.dir/src/dds_texture.cpp.o
[14/181] Building CXX object CMakeFiles/torchlight_core.dir/src/interaction.cpp.o
[15/181] Building CXX object CMakeFiles/torchlight_core.dir/src/equipment.cpp.o
[16/181] Building CXX object CMakeFiles/torchlight_core.dir/src/input_state.cpp.o
[17/181] Building CXX object CMakeFiles/torchlight_core.dir/src/frontend.cpp.o
[18/181] Building CXX object CMakeFiles/torchlight_core.dir/src/entity_world.cpp.o
[19/181] Building CXX object CMakeFiles/torchlight_core.dir/src/inventory.cpp.o
[20/181] Building CXX object CMakeFiles/torchlight_core.dir/src/inventory_view.cpp.o
[21/181] Building CXX object CMakeFiles/torchlight_core.dir/src/key_manager.cpp.o
[22/181] Building CXX object CMakeFiles/torchlight_core.dir/src/enemy_ai.cpp.o
[23/181] Building CXX object CMakeFiles/torchlight_core.dir/src/treasure.cpp.o
[24/181] Building CXX object CMakeFiles/torchlight_core.dir/src/player_session.cpp.o
[25/181] Building CXX object CMakeFiles/torchlight_core.dir/src/level_transition.cpp.o
[26/181] Building CXX object CMakeFiles/torchlight_core.dir/src/mouse_manager.cpp.o
[27/181] Building CXX object CMakeFiles/torchlight_core.dir/src/master_resource_index.cpp.o
[28/181] Building CXX object CMakeFiles/torchlight_core.dir/src/logic_runtime.cpp.o
[29/181] Building CXX object CMakeFiles/torchlight_core.dir/src/navigation_grid.cpp.o
[30/181] Building CXX object CMakeFiles/torchlight_core.dir/src/level_scene.cpp.o
[31/181] Building CXX object CMakeFiles/torchlight_core.dir/src/ogre_material.cpp.o
[32/181] Building CXX object CMakeFiles/torchlight_core.dir/src/pathfinder_rules.cpp.o
[33/181] Building CXX object CMakeFiles/torchlight_core.dir/src/pointer_movement.cpp.o
[34/181] Building CXX object CMakeFiles/torchlight_core.dir/src/ogre_skeleton.cpp.o
[35/181] Building CXX object CMakeFiles/torchlight_core.dir/src/ogre_mesh.cpp.o
[36/181] Building CXX object CMakeFiles/torchlight_core.dir/src/png_texture.cpp.o
[37/181] Building CXX object CMakeFiles/torchlight_core.dir/src/pak_archive.cpp.o
[38/181] Building CXX object CMakeFiles/torchlight_core.dir/src/randomizer.cpp.o
[39/181] Building CXX object CMakeFiles/torchlight_core.dir/src/resource_config.cpp.o
[40/181] Building CXX object CMakeFiles/torchlight_core.dir/src/player.cpp.o
[41/181] Building CXX object CMakeFiles/torchlight_core.dir/src/scene_math.cpp.o
[42/181] Building CXX object CMakeFiles/torchlight_core.dir/src/scene_animation.cpp.o
[43/181] Building CXX object CMakeFiles/torchlight_core.dir/src/random_level.cpp.o
[44/181] Building CXX object CMakeFiles/torchlight_core.dir/src/scene_geometry.cpp.o
[45/181] Building CXX object CMakeFiles/torchlight_core.dir/src/stat_graph.cpp.o
[46/181] Building CXX object CMakeFiles/torchlight_core.dir/src/skeletal_animation.cpp.o
[47/181] Building CXX object CMakeFiles/torchlight_core.dir/src/spawn_class.cpp.o
[48/181] Generating fixtures/ai-cooldown.pak.zip
Synthetic AI cooldown fixture: 21 UNIT definitions
[49/181] Building CXX object CMakeFiles/torchlight_core.dir/src/unit_type.cpp.o
[50/181] Building CXX object CMakeFiles/torchlight_core.dir/src/unit_definition.cpp.o
[51/181] Generating fixtures/item-cycle.pak.zip
Synthetic item fixture: 16 units, 5 tables; no game assets
[52/181] Linking CXX static library libtorchlight_core.a
[53/181] Generating fixtures/ordinary-combat.pak.zip
Authored combat fixture: 24 units, 60 files; no original assets
[54/181] Generating fixtures/frontend.pak.zip
Authored combat fixture: 24 units, 60 files; no original assets
[55/181] Building CXX object CMakeFiles/torchlight_level_rules_dump.dir/tools/level_rules_dump.cpp.o
[56/181] Building CXX object CMakeFiles/torchlight_bootstrap.dir/src/bootstrap_main.cpp.o
[57/181] Building CXX object CMakeFiles/torchlight_player_units_dump.dir/tools/player_units_dump.cpp.o
[58/181] Building CXX object CMakeFiles/torchlight_asset_catalog.dir/src/asset_catalog_main.cpp.o
[59/181] Building CXX object CMakeFiles/input_comparison.dir/tests/input_c_api.cpp.o
[60/181] Building CXX object CMakeFiles/action_comparison.dir/tests/action_c_api.cpp.o
[61/181] Building CXX object CMakeFiles/torchlight_scene_camera_dump.dir/tools/scene_camera_dump.cpp.o
[62/181] Building CXX object CMakeFiles/pathfinder_comparison.dir/tests/pathfinder_c_api.cpp.o
[63/181] Building CXX object CMakeFiles/camera_comparison.dir/tests/camera_c_api.cpp.o
[64/181] Building CXX object CMakeFiles/torchlight_application.dir/src/application.cpp.o
[65/181] Linking CXX static library libtorchlight_application.a
[66/181] Building CXX object CMakeFiles/ogre_camera_reference.dir/tests/ogre_camera_reference.cpp.o
[67/181] Building CXX object CMakeFiles/randomizer_comparison.dir/tests/randomizer_c_api.cpp.o
[68/181] Building CXX object CMakeFiles/attack_action_test.dir/tests/attack_action_test.cpp.o
[69/181] Building CXX object CMakeFiles/actor_motion_test.dir/tests/actor_motion_test.cpp.o
[70/181] Building CXX object CMakeFiles/pak_archive_test.dir/tests/pak_archive_test.cpp.o
[71/181] Building CXX object CMakeFiles/adm_document_test.dir/tests/adm_document_test.cpp.o
[72/181] Building CXX object CMakeFiles/master_resource_index_test.dir/tests/master_resource_index_test.cpp.o
[73/181] Building CXX object CMakeFiles/unit_definition_test.dir/tests/unit_definition_test.cpp.o
[74/181] Building CXX object CMakeFiles/collision_mesh_test.dir/tests/collision_mesh_test.cpp.o
[75/181] Building CXX object CMakeFiles/level_scene_test.dir/tests/level_scene_test.cpp.o
[76/181] Building CXX object CMakeFiles/logic_runtime_test.dir/tests/logic_runtime_test.cpp.o
[77/181] Building CXX object CMakeFiles/ogre_mesh_test.dir/tests/ogre_mesh_test.cpp.o
[78/181] Building CXX object CMakeFiles/random_level_test.dir/tests/random_level_test.cpp.o
[79/181] Building CXX object CMakeFiles/player_test.dir/tests/player_test.cpp.o
[80/181] Building CXX object CMakeFiles/animation_events_test.dir/tests/animation_events_test.cpp.o
[81/181] Building CXX object CMakeFiles/ogre_skeleton_test.dir/tests/ogre_skeleton_test.cpp.o
[82/181] Building CXX object CMakeFiles/animation_manifest_test.dir/tests/animation_manifest_test.cpp.o
[83/181] Building CXX object CMakeFiles/ogre_material_test.dir/tests/ogre_material_test.cpp.o
[84/181] Building CXX object CMakeFiles/dds_texture_test.dir/tests/dds_texture_test.cpp.o
[85/181] Building CXX object CMakeFiles/png_texture_test.dir/tests/png_texture_test.cpp.o
[86/181] Building CXX object CMakeFiles/skeletal_animation_test.dir/tests/skeletal_animation_test.cpp.o
[87/181] Building CXX object CMakeFiles/spawn_class_test.dir/tests/spawn_class_test.cpp.o
[88/181] Building CXX object CMakeFiles/scene_geometry_test.dir/tests/scene_geometry_test.cpp.o
[89/181] Building CXX object CMakeFiles/unit_type_test.dir/tests/unit_type_test.cpp.o
[90/181] Building CXX object CMakeFiles/entity_world_test.dir/tests/entity_world_test.cpp.o
[91/181] Building CXX object CMakeFiles/damage_test.dir/tests/damage_test.cpp.o
[92/181] Building CXX object CMakeFiles/enemy_ai_test.dir/tests/enemy_ai_test.cpp.o
[93/181] Building CXX object CMakeFiles/equipment_test.dir/tests/equipment_test.cpp.o
[94/181] Building CXX object CMakeFiles/combat_test.dir/tests/combat_test.cpp.o
[95/181] Building CXX object CMakeFiles/level_transition_test.dir/tests/level_transition_test.cpp.o
[96/181] Building CXX object CMakeFiles/warp_arrival_test.dir/tests/warp_arrival_test.cpp.o
[97/181] Building CXX object CMakeFiles/ai_cooldown_probe.dir/tests/ai_cooldown_probe.cpp.o
[98/181] Building CXX object CMakeFiles/level_entry_test.dir/tests/level_entry_test.cpp.o
[99/181] Building CXX object CMakeFiles/inventory_test.dir/tests/inventory_test.cpp.o
[100/181] Building CXX object CMakeFiles/inventory_view_test.dir/tests/inventory_view_test.cpp.o
[101/181] Building CXX object CMakeFiles/attack_speed_probe.dir/tests/attack_speed_probe.cpp.o
[102/181] Building CXX object CMakeFiles/application_scenario_probe.dir/src/gles_ui_renderer.cpp.o
[103/181] Building CXX object CMakeFiles/frontend_resource_test.dir/tests/frontend_resource_test.cpp.o
[104/181] Building CXX object CMakeFiles/application_scenario_probe.dir/src/gles_scene_renderer.cpp.o
[105/181] Building CXX object CMakeFiles/application_scenario_probe.dir/tests/application_scenario_probe.cpp.o
[106/181] Building CXX object CMakeFiles/effect_catalog_probe.dir/tests/effect_catalog_probe.cpp.o
[107/181] Building CXX object CMakeFiles/random_observation_test.dir/tests/random_observation_test.cpp.o
[108/181] Building CXX object CMakeFiles/parent_dungeon_test.dir/tests/parent_dungeon_test.cpp.o
[109/181] Building CXX object CMakeFiles/player_vitals_probe.dir/tests/player_vitals_probe.cpp.o
+ cmake -S /mnt/data/opentorchlight_work -B /mnt/data/opentorchlight_work/build-verification -G Ninja -DCMAKE_BUILD_TYPE=Debug -DBUILD_TESTING=ON -DTORCHLIGHT_ENABLE_DESKTOP=OFF -DTORCHLIGHT_ENABLE_RENDER=ON -DTORCHLIGHT_GAME_DIR= -DTORCHLIGHT_ORIGINAL=
-- Checking for module 'egl'
--   Package 'egl', required by 'virtual:world', not found
-- Checking for module 'glesv2'
--   Package 'glesv2', required by 'virtual:world', not found
-- Checking for module 'wayland-client'
--   Package 'wayland-client', required by 'virtual:world', not found
-- Checking for module 'wayland-egl'
--   Package 'wayland-egl', required by 'virtual:world', not found
-- Desktop shell disabled: Wayland, EGL, GLES2, or xdg-shell files are missing
-- Original comparison not configured: set TORCHLIGHT_ORIGINAL to run it
-- Configuring done (3.8s)
-- Generating done (0.0s)
-- Build files have been written to: /mnt/data/opentorchlight_work/build-verification
+ cmake --build /mnt/data/opentorchlight_work/build-verification --parallel 4
[1/72] Building CXX object CMakeFiles/frontend_test.dir/tests/frontend_test.cpp.o
[2/72] Building CXX object CMakeFiles/enemy_ai_cooldown_test.dir/tests/enemy_ai_cooldown_test.cpp.o
[3/72] Building CXX object CMakeFiles/ordinary_combat_test.dir/tests/ordinary_combat_test.cpp.o
[4/72] Building CXX object CMakeFiles/item_cycle_test.dir/tests/item_cycle_test.cpp.o
[5/72] Building CXX object CMakeFiles/gles_ui_probe.dir/tests/gles_ui_probe.cpp.o
[6/72] Building CXX object CMakeFiles/gles_ui_probe.dir/src/gles_ui_renderer.cpp.o
[7/72] Building CXX object CMakeFiles/frontend_cycle_test.dir/tests/frontend_cycle_test.cpp.o
[8/72] Building CXX object CMakeFiles/save_checkpoint_test.dir/tests/save_checkpoint_test.cpp.o
[9/72] Building CXX object CMakeFiles/death_finalization_test.dir/tests/death_finalization_test.cpp.o
[10/72] Linking CXX executable torchlight_asset_catalog
[11/72] Linking CXX executable torchlight_level_rules_dump
[12/72] Linking CXX executable torchlight_bootstrap
[13/72] Linking CXX executable torchlight_player_units_dump
[14/72] Linking CXX executable torchlight_scene_camera_dump
[15/72] Linking CXX executable attack_action_test
[16/72] Building CXX object CMakeFiles/gameplay_continuation_test.dir/tests/gameplay_continuation_test.cpp.o
[17/72] Linking CXX shared library libinput_comparison.so
[18/72] Linking CXX shared library libaction_comparison.so
[19/72] Linking CXX shared library libpathfinder_comparison.so
[20/72] Linking CXX shared library libcamera_comparison.so
[21/72] Linking CXX shared library libogre_camera_reference.so
[22/72] Linking CXX shared library librandomizer_comparison.so
[23/72] Linking CXX executable pak_archive_test
[24/72] Linking CXX executable actor_motion_test
[25/72] Linking CXX executable adm_document_test
[26/72] Linking CXX executable master_resource_index_test
[27/72] Linking CXX executable unit_definition_test
[28/72] Linking CXX executable level_scene_test
[29/72] Linking CXX executable collision_mesh_test
[30/72] Linking CXX executable logic_runtime_test
[31/72] Building CXX object CMakeFiles/item_cycle_resource_test.dir/tests/item_cycle_resource_test.cpp.o
[32/72] Linking CXX executable random_level_test
[33/72] Linking CXX executable ogre_mesh_test
[34/72] Linking CXX executable ogre_skeleton_test
[35/72] Linking CXX executable player_test
[36/72] Linking CXX executable animation_manifest_test
[37/72] Linking CXX executable animation_events_test
[38/72] Linking CXX executable dds_texture_test
[39/72] Linking CXX executable skeletal_animation_test
[40/72] Linking CXX executable ogre_material_test
[41/72] Linking CXX executable png_texture_test
[42/72] Linking CXX executable spawn_class_test
[43/72] Linking CXX executable unit_type_test
[44/72] Linking CXX executable scene_geometry_test
[45/72] Linking CXX executable entity_world_test
[46/72] Linking CXX executable enemy_ai_test
[47/72] Linking CXX executable damage_test
[48/72] Linking CXX executable level_transition_test
[49/72] Linking CXX executable equipment_test
[50/72] Linking CXX executable warp_arrival_test
[51/72] Linking CXX executable combat_test
[52/72] Linking CXX executable level_entry_test
[53/72] Linking CXX executable inventory_test
[54/72] Linking CXX executable enemy_ai_cooldown_test
[55/72] Linking CXX executable ai_cooldown_probe
[56/72] Linking CXX executable inventory_view_test
[57/72] Linking CXX executable frontend_test
[58/72] Linking CXX executable attack_speed_probe
[59/72] Linking CXX executable ordinary_combat_test
[60/72] Linking CXX executable item_cycle_test
[61/72] Linking CXX shared library libgles_ui_probe.so
[62/72] Linking CXX executable frontend_resource_test
[63/72] Linking CXX executable frontend_cycle_test
[64/72] Linking CXX executable save_checkpoint_test
[65/72] Linking CXX executable death_finalization_test
[66/72] Linking CXX shared library libapplication_scenario_probe.so
[67/72] Linking CXX executable gameplay_continuation_test
[68/72] Linking CXX executable effect_catalog_probe
[69/72] Linking CXX executable random_observation_test
[70/72] Linking CXX executable parent_dungeon_test
[71/72] Linking CXX executable player_vitals_probe
[72/72] Linking CXX executable item_cycle_resource_test
+ ctest --test-dir /mnt/data/opentorchlight_work/build-verification -L ^core$ --output-on-failure --no-tests=error --output-junit /mnt/data/opentorchlight_work/build-verification/verification-logs/core.xml --parallel 4
Internal ctest changing into directory: /mnt/data/opentorchlight_work/build-verification
Test project /mnt/data/opentorchlight_work/build-verification
      Start  1: ordinary_attack_action
      Start  2: actor_motion
      Start  3: animation_events
      Start  4: damage_calculation
 1/33 Test  #1: ordinary_attack_action ............   Passed    0.00 sec
 2/33 Test  #2: actor_motion ......................   Passed    0.00 sec
      Start  5: warp_arrival
      Start  6: level_entry_fallback
 3/33 Test  #3: animation_events ..................   Passed    0.00 sec
 4/33 Test  #4: damage_calculation ................   Passed    0.00 sec
      Start  7: enemy_ai_cooldown
      Start  8: ai_cooldown_export_comparison
 5/33 Test  #5: warp_arrival ......................   Passed    0.00 sec
      Start  9: desktop_gameplay_syntax
 6/33 Test  #6: level_entry_fallback ..............   Passed    0.04 sec
      Start 10: inventory_view
 7/33 Test #10: inventory_view ....................   Passed    0.00 sec
      Start 11: inventory_instances
 8/33 Test #11: inventory_instances ...............   Passed    0.00 sec
      Start 12: item_cycle
 9/33 Test #12: item_cycle ........................   Passed    0.04 sec
      Start 13: attack_speed_export_comparison
10/33 Test  #7: enemy_ai_cooldown .................   Passed    0.09 sec
      Start 14: ordinary_combat
11/33 Test #14: ordinary_combat ...................   Passed    0.09 sec
      Start 15: frontend
12/33 Test #15: frontend ..........................   Passed    0.00 sec
      Start 16: frontend_campaign_cycle
13/33 Test #16: frontend_campaign_cycle ...........   Passed    0.82 sec
      Start 17: coverage_map_current
14/33 Test #13: attack_speed_export_comparison ....   Passed    0.94 sec
      Start 18: gles_ui_headless
15/33 Test  #8: ai_cooldown_export_comparison .....   Passed    1.08 sec
      Start 19: save_checkpoint
16/33 Test #19: save_checkpoint ...................   Passed    0.08 sec
      Start 20: save_fresh_process
17/33 Test #20: save_fresh_process ................   Passed    0.95 sec
      Start 21: save_atomic_process
18/33 Test #18: gles_ui_headless ..................   Passed    1.19 sec
      Start 22: gameplay_continuation
19/33 Test #22: gameplay_continuation .............   Passed    0.04 sec
      Start 23: death_finalization
20/33 Test #23: death_finalization ................   Passed    0.01 sec
      Start 24: effect_catalog_source
21/33 Test #17: coverage_map_current ..............   Passed    1.36 sec
      Start 25: read_only_extractors
22/33 Test  #9: desktop_gameplay_syntax ...........   Passed    2.66 sec
      Start 26: combat_inputs_evidence
23/33 Test #24: effect_catalog_source .............   Passed    0.81 sec
      Start 27: player_vitals_export_comparison
24/33 Test #21: save_atomic_process ...............   Passed    1.03 sec
      Start 28: item_cycle_resource_fixture
25/33 Test #28: item_cycle_resource_fixture .......   Passed    0.01 sec
      Start 29: parent_dungeon
26/33 Test #29: parent_dungeon ....................   Passed    0.00 sec
      Start 30: scenario_first_difference
27/33 Test #26: combat_inputs_evidence ............   Passed    0.71 sec
      Start 31: asset_catalog_negative
28/33 Test #30: scenario_first_difference .........   Passed    0.69 sec
      Start 32: random_observation
29/33 Test #32: random_observation ................   Passed    0.01 sec
      Start 33: verification_driver
30/33 Test #27: player_vitals_export_comparison ...   Passed    1.16 sec
31/33 Test #31: asset_catalog_negative ............   Passed    1.06 sec
32/33 Test #33: verification_driver ...............   Passed    3.31 sec
33/33 Test #25: read_only_extractors ..............   Passed    6.19 sec

100% tests passed, 0 tests failed out of 33

Label Time Summary:
core      =  24.41 sec*proc (33 tests)
render    =   1.19 sec*proc (1 test)

Total Test time (real) =   8.56 sec

GROUP       STATUS       PASS / FAIL / SKIP    REASON
core        PASSED         33 /    0 /    0
assets      NOT RUN         0 /    0 /    0    Not requested
reference   NOT RUN         0 /    0 /    0    Not requested
render      NOT RUN         0 /    0 /    0    Not requested
desktop     NOT RUN         0 /    0 /    0    Not requested
Report: /mnt/data/opentorchlight_work/build-verification/verification.json
