[1/64] Building CXX object CMakeFiles/torchlight_core.dir/src/actor_motion.cpp.o
[2/64] Building CXX object CMakeFiles/torchlight_core.dir/src/animation_manifest.cpp.o
[3/64] Building CXX object CMakeFiles/torchlight_core.dir/src/animation_events.cpp.o
[4/64] Building CXX object CMakeFiles/torchlight_core.dir/src/adm_document.cpp.o
[5/64] Building CXX object CMakeFiles/torchlight_core.dir/src/collision_scene.cpp.o
[6/64] Building CXX object CMakeFiles/torchlight_core.dir/src/combat.cpp.o
[7/64] Building CXX object CMakeFiles/torchlight_core.dir/src/attack_action.cpp.o
[8/64] Building CXX object CMakeFiles/torchlight_core.dir/src/save_store.cpp.o
[9/64] Building CXX object CMakeFiles/torchlight_core.dir/src/save_codec.cpp.o
[10/64] Building CXX object CMakeFiles/torchlight_core.dir/src/ui_layout.cpp.o
[11/64] Building CXX object CMakeFiles/torchlight_core.dir/src/damage.cpp.o
[12/64] Building CXX object CMakeFiles/torchlight_core.dir/src/checkpoint.cpp.o
[13/64] Building CXX object CMakeFiles/torchlight_core.dir/src/dds_texture.cpp.o
[14/64] Building CXX object CMakeFiles/torchlight_core.dir/src/interaction.cpp.o
[15/64] Building CXX object CMakeFiles/torchlight_core.dir/src/frontend.cpp.o
[16/64] Building CXX object CMakeFiles/torchlight_core.dir/src/input_state.cpp.o
[17/64] Building CXX object CMakeFiles/torchlight_core.dir/src/equipment.cpp.o
[18/64] Building CXX object CMakeFiles/torchlight_core.dir/src/inventory_view.cpp.o
[19/64] Building CXX object CMakeFiles/torchlight_core.dir/src/inventory.cpp.o
[20/64] Building CXX object CMakeFiles/torchlight_core.dir/src/entity_world.cpp.o
[21/64] Building CXX object CMakeFiles/torchlight_core.dir/src/enemy_ai.cpp.o
[22/64] Building CXX object CMakeFiles/torchlight_core.dir/src/key_manager.cpp.o
[23/64] Building CXX object CMakeFiles/torchlight_core.dir/src/treasure.cpp.o
[24/64] Building CXX object CMakeFiles/torchlight_core.dir/src/progression.cpp.o
[25/64] Building CXX object CMakeFiles/torchlight_core.dir/src/level_transition.cpp.o
[26/64] Building CXX object CMakeFiles/torchlight_core.dir/src/player_session.cpp.o
[27/64] Building CXX object CMakeFiles/torchlight_core.dir/src/mouse_manager.cpp.o
[28/64] Building CXX object CMakeFiles/torchlight_core.dir/src/master_resource_index.cpp.o
[29/64] Building CXX object CMakeFiles/torchlight_core.dir/src/logic_runtime.cpp.o
[30/64] Building CXX object CMakeFiles/torchlight_core.dir/src/ogre_material.cpp.o
[31/64] Building CXX object CMakeFiles/torchlight_core.dir/src/navigation_grid.cpp.o
[32/64] Building CXX object CMakeFiles/torchlight_core.dir/src/ogre_skeleton.cpp.o
[33/64] Building CXX object CMakeFiles/torchlight_core.dir/src/pathfinder_rules.cpp.o
[34/64] Building CXX object CMakeFiles/torchlight_core.dir/src/level_scene.cpp.o
[35/64] Building CXX object CMakeFiles/torchlight_core.dir/src/pointer_movement.cpp.o
[36/64] Building CXX object CMakeFiles/torchlight_core.dir/src/ogre_mesh.cpp.o
[37/64] Building CXX object CMakeFiles/torchlight_core.dir/src/pak_archive.cpp.o
[38/64] Building CXX object CMakeFiles/torchlight_core.dir/src/png_texture.cpp.o
[39/64] Building CXX object CMakeFiles/torchlight_core.dir/src/randomizer.cpp.o
[40/64] Building CXX object CMakeFiles/torchlight_core.dir/src/resource_config.cpp.o
[41/64] Building CXX object CMakeFiles/torchlight_core.dir/src/scene_animation.cpp.o
[42/64] Building CXX object CMakeFiles/torchlight_core.dir/src/scene_math.cpp.o
[43/64] Building CXX object CMakeFiles/torchlight_core.dir/src/random_level.cpp.o
[44/64] Building CXX object CMakeFiles/torchlight_core.dir/src/player.cpp.o
[45/64] Building CXX object CMakeFiles/torchlight_core.dir/src/scene_geometry.cpp.o
[46/64] Building CXX object CMakeFiles/torchlight_core.dir/src/stat_graph.cpp.o
[47/64] Building CXX object CMakeFiles/torchlight_core.dir/src/skeletal_animation.cpp.o
[48/64] Building CXX object CMakeFiles/torchlight_core.dir/src/spawn_class.cpp.o
[49/64] Generating fixtures/ordinary-combat.pak.zip
Authored combat fixture: 24 units, 60 files; no original assets
[50/64] Generating fixtures/progression.pak.zip
Authored combat fixture: 29 units, 71 files; no original assets
[51/64] Building CXX object CMakeFiles/torchlight_core.dir/src/unit_definition.cpp.o
[52/64] Building CXX object CMakeFiles/torchlight_core.dir/src/unit_type.cpp.o
[53/64] Building CXX object CMakeFiles/world_gold_probe.dir/tests/world_gold_probe.cpp.o
[54/64] Linking CXX static library libtorchlight_core.a
[55/64] Building CXX object CMakeFiles/checkpoint_upgrade_probe.dir/tests/checkpoint_upgrade_probe.cpp.o
[56/64] Linking CXX executable world_gold_probe
[57/64] Linking CXX executable checkpoint_upgrade_probe
[58/64] Building CXX object CMakeFiles/reward_resource_probe.dir/tests/reward_resource_probe.cpp.o
[59/64] Generating fixtures/frontend.pak.zip
Authored combat fixture: 24 units, 60 files; no original assets
[60/64] Linking CXX executable reward_resource_probe
[61/64] Building CXX object CMakeFiles/save_checkpoint_test.dir/tests/save_checkpoint_test.cpp.o
[62/64] Building CXX object CMakeFiles/reward_cycle_test.dir/tests/reward_cycle_test.cpp.o
[63/64] Linking CXX executable save_checkpoint_test
[64/64] Linking CXX executable reward_cycle_test
