+ cmake -S /mnt/data/work-large10 -B /mnt/data/work-large10/build-verification -G Ninja -DCMAKE_BUILD_TYPE=Debug -DBUILD_TESTING=ON -DTORCHLIGHT_ENABLE_DESKTOP=OFF -DTORCHLIGHT_ENABLE_RENDER=ON -DTORCHLIGHT_GAME_DIR= -DTORCHLIGHT_ORIGINAL=
-- The C compiler identification is GNU 14.2.0
-- The CXX compiler identification is GNU 14.2.0
-- Detecting C compiler ABI info
-- Detecting C compiler ABI info - done
-- Check for working C compiler: /usr/bin/cc - skipped
-- Detecting C compile features
-- Detecting C compile features - done
-- Detecting CXX compiler ABI info
-- Detecting CXX compiler ABI info - done
-- Check for working CXX compiler: /usr/bin/c++ - skipped
-- Detecting CXX compile features
-- Detecting CXX compile features - done
-- Found ZLIB: /usr/lib/x86_64-linux-gnu/libz.so (found version "1.3.1")
-- Found PNG: /usr/lib/x86_64-linux-gnu/libpng.so (found version "1.6.48")
-- UI fonts: FreeType not found; prototype glyph fallback only
-- Found PkgConfig: /usr/bin/pkg-config (found version "1.8.1")
-- Checking for module 'egl'
--   Package 'egl', required by 'virtual:world', not found
-- Checking for module 'glesv2'
--   Package 'glesv2', required by 'virtual:world', not found
-- Checking for module 'wayland-client'
--   Package 'wayland-client', required by 'virtual:world', not found
-- Checking for module 'wayland-egl'
--   Package 'wayland-egl', required by 'virtual:world', not found
-- Desktop shell disabled: Wayland, EGL, GLES2, or xdg-shell files are missing
-- Found Python3: /opt/pyvenv/bin/python3 (found version "3.13.5") found components: Interpreter
-- Original comparison not configured: set TORCHLIGHT_ORIGINAL to run it
-- Configuring done (5.6s)
-- Generating done (0.1s)
-- Build files have been written to: /mnt/data/work-large10/build-verification
+ cmake --build /mnt/data/work-large10/build-verification --parallel 3
[1/196] Building CXX object CMakeFiles/torchlight_core.dir/src/actor_motion.cpp.o
[2/196] Building CXX object CMakeFiles/torchlight_core.dir/src/animation_events.cpp.o
[3/196] Building CXX object CMakeFiles/torchlight_core.dir/src/animation_manifest.cpp.o
[4/196] Building CXX object CMakeFiles/torchlight_core.dir/src/adm_document.cpp.o
[5/196] Building CXX object CMakeFiles/torchlight_core.dir/src/attack_action.cpp.o
[6/196] Building CXX object CMakeFiles/torchlight_core.dir/src/collision_scene.cpp.o
[7/196] Building CXX object CMakeFiles/torchlight_core.dir/src/combat.cpp.o
[8/196] Building CXX object CMakeFiles/torchlight_core.dir/src/save_codec.cpp.o
[9/196] Building CXX object CMakeFiles/torchlight_core.dir/src/checkpoint.cpp.o
[10/196] Building CXX object CMakeFiles/torchlight_core.dir/src/save_store.cpp.o
[11/196] Building CXX object CMakeFiles/torchlight_core.dir/src/ui_font.cpp.o
FAILED: CMakeFiles/torchlight_core.dir/src/ui_font.cpp.o 
/usr/bin/c++  -I/mnt/data/work-large10/include -g -fPIC -Wall -Wextra -Wpedantic -Werror -MD -MT CMakeFiles/torchlight_core.dir/src/ui_font.cpp.o -MF CMakeFiles/torchlight_core.dir/src/ui_font.cpp.o.d -o CMakeFiles/torchlight_core.dir/src/ui_font.cpp.o -c /mnt/data/work-large10/src/ui_font.cpp
/mnt/data/work-large10/src/ui_font.cpp: In constructor ‘torchlight::UiFont::UiFont(const torchlight::PakArchive&, torchlight::UiFontDefinition)’:
/mnt/data/work-large10/src/ui_font.cpp:211:34: error: unused parameter ‘archive’ [-Werror=unused-parameter]
  211 | UiFont::UiFont(const PakArchive &archive, UiFontDefinition definition)
      |                ~~~~~~~~~~~~~~~~~~^~~~~~~
cc1plus: all warnings being treated as errors
[12/196] Building CXX object CMakeFiles/torchlight_core.dir/src/ui_layout.cpp.o
[13/196] Building CXX object CMakeFiles/torchlight_core.dir/src/ui_hud.cpp.o
ninja: build stopped: subcommand failed.

GROUP       STATUS       PASS / FAIL / SKIP    REASON
core        FAILED          0 /    0 /    0    build failed: exit 1
assets      NOT RUN         0 /    0 /    0    Not requested
reference   NOT RUN         0 /    0 /    0    Not requested
render      NOT RUN         0 /    0 /    0    Not requested
desktop     NOT RUN         0 /    0 /    0    Not requested
Report: /mnt/data/large9-baseline.json
