.gitattributes: OK
.gitignore: OK
AGENTS.md: OK
AUTOMATED_VERIFICATION_RESULT_RU.md: OK
CMakeLists.txt: OK
CMakePresets.json: OK
COMBAT_ACTION_RESULT_RU.md: OK
FRONTEND_CAMPAIGN_RESULT_RU.md: OK
GAMEPLAY_CONTINUATION_RESULT_RU.md: OK
GPT_PRO_LARGE_TASK.md: OK
GPT_PRO_REVIEW.md: OK
GPT_PRO_UI_TASK.md: OK
ITEM_CYCLE_RESULT_RU.md: OK
NEXT_CHECKS.md: OK
PORTING.md: OK
PROGRESSION_REWARDS_RESULT_RU.md: OK
README.md: OK
REVIEW.md: OK
XP_PRODUCER_RECOVERY_RU.md: OK
include/torchlight/actor_motion.hpp: OK
include/torchlight/adm_document.hpp: OK
include/torchlight/animation_events.hpp: OK
include/torchlight/animation_manifest.hpp: OK
include/torchlight/application.hpp: OK
include/torchlight/application_keys.hpp: OK
include/torchlight/attack_action.hpp: OK
include/torchlight/checkpoint.hpp: OK
include/torchlight/collision_scene.hpp: OK
include/torchlight/combat.hpp: OK
include/torchlight/damage.hpp: OK
include/torchlight/dds_texture.hpp: OK
include/torchlight/diagnostic_json.hpp: OK
include/torchlight/enemy_ai.hpp: OK
include/torchlight/entity_world.hpp: OK
include/torchlight/equipment.hpp: OK
include/torchlight/frontend.hpp: OK
include/torchlight/gles_scene_renderer.hpp: OK
include/torchlight/gles_ui_renderer.hpp: OK
include/torchlight/input_state.hpp: OK
include/torchlight/interaction.hpp: OK
include/torchlight/inventory.hpp: OK
include/torchlight/inventory_view.hpp: OK
include/torchlight/key_manager.hpp: OK
include/torchlight/level_scene.hpp: OK
include/torchlight/level_transition.hpp: OK
include/torchlight/logic_runtime.hpp: OK
include/torchlight/master_resource_index.hpp: OK
include/torchlight/mouse_manager.hpp: OK
include/torchlight/navigation_grid.hpp: OK
include/torchlight/ogre_material.hpp: OK
include/torchlight/ogre_mesh.hpp: OK
include/torchlight/ogre_skeleton.hpp: OK
include/torchlight/original_combat_inputs.hpp: OK
include/torchlight/pak_archive.hpp: OK
include/torchlight/pathfinder_rules.hpp: OK
include/torchlight/player.hpp: OK
include/torchlight/player_session.hpp: OK
include/torchlight/png_texture.hpp: OK
include/torchlight/pointer_movement.hpp: OK
include/torchlight/progression.hpp: OK
include/torchlight/random_level.hpp: OK
include/torchlight/randomizer.hpp: OK
include/torchlight/resource_config.hpp: OK
include/torchlight/save_store.hpp: OK
include/torchlight/scene_animation.hpp: OK
include/torchlight/scene_geometry.hpp: OK
include/torchlight/scene_math.hpp: OK
include/torchlight/skeletal_animation.hpp: OK
include/torchlight/spawn_class.hpp: OK
include/torchlight/stat_graph.hpp: OK
include/torchlight/treasure.hpp: OK
include/torchlight/ui_font.hpp: OK
include/torchlight/ui_hud.hpp: OK
include/torchlight/ui_layout.hpp: OK
include/torchlight/unit_definition.hpp: OK
include/torchlight/unit_type.hpp: OK
research/animation-runtime.md: OK
research/automatic-verification.md: OK
research/camera-movement.md: OK
research/checkpoint-format.md: OK
research/collision-navigation.md: OK
research/combat-runtime.md: OK
research/coverage-boundaries.json: OK
research/coverage-summary.json: OK
research/coverage.tsv: OK
research/decompile-classes.txt: OK
research/decompile-targets.txt: OK
research/decompiled-core/README.md: OK
research/decompiled-core/ai_flag_manager.c: OK
research/decompiled-core/ai_manager.c: OK
research/decompiled-core/ai_skill.c: OK
research/decompiled-core/ai_skill_manager.c: OK
research/decompiled-core/ai_stat_watcher.c: OK
research/decompiled-core/animation_player.c: OK
research/decompiled-core/animation_set.c: OK
research/decompiled-core/astar_pathfinder.c: OK
research/decompiled-core/attack_description.c: OK
research/decompiled-core/base_unit.c: OK
research/decompiled-core/character.c: OK
research/decompiled-core/character_save_state.c: OK
research/decompiled-core/collision_list.c: OK
research/decompiled-core/combine_menu.c: OK
research/decompiled-core/damage_shape.c: OK
research/decompiled-core/data_group.c: OK
research/decompiled-core/data_value.c: OK
research/decompiled-core/effect.c: OK
research/decompiled-core/effect_group_manager.c: OK
research/decompiled-core/effect_manager.c: OK
research/decompiled-core/enchant_menu.c: OK
research/decompiled-core/equipment.c: OK
research/decompiled-core/game.c: OK
research/decompiled-core/game_client.c: OK
research/decompiled-core/game_globals.c: OK
research/decompiled-core/game_speed.c: OK
research/decompiled-core/game_state_controller.c: OK
research/decompiled-core/game_ui.c: OK
research/decompiled-core/generic_model.c: OK
research/decompiled-core/inventory.c: OK
research/decompiled-core/inventory_menu.c: OK
research/decompiled-core/item_save_state.c: OK
research/decompiled-core/journal_menu.c: OK
research/decompiled-core/layout.c: OK
research/decompiled-core/layout_scene.c: OK
research/decompiled-core/level.c: OK
research/decompiled-core/level_state.c: OK
research/decompiled-core/level_template_data.c: OK
research/decompiled-core/master_resource_manager.c: OK
research/decompiled-core/merchant_menu.c: OK
research/decompiled-core/missile.c: OK
research/decompiled-core/monster.c: OK
research/decompiled-core/path.c: OK
research/decompiled-core/path_controller.c: OK
research/decompiled-core/pet_menu.c: OK
research/decompiled-core/player.c: OK
research/decompiled-core/positionable_object.c: OK
research/decompiled-core/quest.c: OK
research/decompiled-core/quest_controller.c: OK
research/decompiled-core/quest_dialog.c: OK
research/decompiled-core/quest_manager.c: OK
research/decompiled-core/quest_menu.c: OK
research/decompiled-core/quest_requirements.c: OK
research/decompiled-core/quest_rewards.c: OK
research/decompiled-core/quest_unit_data.c: OK
research/decompiled-core/resource_manager.c: OK
research/decompiled-core/shape.c: OK
research/decompiled-core/shared_stash.c: OK
research/decompiled-core/skill.c: OK
research/decompiled-core/skill_effects_and_affixes.c: OK
research/decompiled-core/skill_event.c: OK
research/decompiled-core/skill_manager.c: OK
research/decompiled-core/sound_bank.c: OK
research/decompiled-core/sound_manager.c: OK
research/decompiled-core/sound_object.c: OK
research/decompiled-core/stash_menu.c: OK
research/decompiled-core/timeline.c: OK
research/decompiled-core/trigger_unit.c: OK
research/decompiled-core/unit_spawner.c: OK
research/decompiled-core/wardrobe.c: OK
research/decompiled/README.md: OK
research/decompiled/animation_blend.c: OK
research/decompiled/animation_find_random.c: OK
research/decompiled/animation_get_index.c: OK
research/decompiled/animation_play.c: OK
research/decompiled/animation_update_model.c: OK
research/decompiled/animation_update_player.c: OK
research/decompiled/attack_description_constructor.c: OK
research/decompiled/character_animation_play_ai.c: OK
research/decompiled/character_attack.c: OK
research/decompiled/character_attack_ai.c: OK
research/decompiled/character_blend_animation_index.c: OK
research/decompiled/character_blend_animation_name.c: OK
research/decompiled/character_get_animation_speed.c: OK
research/decompiled/character_load_model.c: OK
research/decompiled/character_perform_attack.c: OK
research/decompiled/character_queue_blend_animation.c: OK
research/decompiled/character_roll_attack.error.txt: OK
research/decompiled/character_running_speed.c: OK
research/decompiled/character_select_attack.c: OK
research/decompiled/character_set_animation_playing.c: OK
research/decompiled/character_set_animation_speed.c: OK
research/decompiled/character_unit_init.c: OK
research/decompiled/character_update_animation.c: OK
research/decompiled/character_update_attack.error.txt: OK
research/decompiled/character_update_motion.c: OK
research/decompiled/character_walking_speed.c: OK
research/decompiled/equipment_attach_location.c: OK
research/decompiled/equipment_equipped.c: OK
research/decompiled/equipment_load_model.c: OK
research/decompiled/equipment_unit_init.error.txt: OK
research/decompiled/player_unit_init.c: OK
research/decompiled/spawner_destroy_units.c: OK
research/decompiled/spawner_hide_and_disable_units.c: OK
research/decompiled/wardrobe_constructor.c: OK
research/decompiled/wardrobe_set_base_texture.c: OK
research/decompiled/wardrobe_update.c: OK
research/decompiler-workflow.md: OK
research/disassembly/556bd0.asm: OK
research/disassembly/562ef0.asm: OK
research/disassembly/56e4d0.asm: OK
research/disassembly/56e600.asm: OK
research/disassembly/56e650.asm: OK
research/disassembly/57a900.asm: OK
research/disassembly/57a9f0.asm: OK
research/disassembly/57b6a0.asm: OK
research/disassembly/57c060.asm: OK
research/disassembly/57cbb0.asm: OK
research/disassembly/585770-level-entry-forwarding.asm: OK
research/disassembly/58d398-level-entry-mode.asm: OK
research/disassembly/58df80-perform-warp-arrival-call.asm: OK
research/disassembly/606a20-missile-max-velocity.asm: OK
research/disassembly/606a30-missile-friction.asm: OK
research/disassembly/652850-spawner-input.asm: OK
research/disassembly/65c410-spawner-descriptor.asm: OK
research/disassembly/65ec30-spawner-give-loot.asm: OK
research/disassembly/692ce0-warper-field-getters.asm: OK
research/disassembly/7f6ae0-base-level-resetting.asm: OK
research/disassembly/811230-interrupt.asm: OK
research/disassembly/811a70-give-gold.asm: OK
research/disassembly/811bc0-select-attack.asm: OK
research/disassembly/812580-attack-range.asm: OK
research/disassembly/8137e0-effect-value.asm: OK
research/disassembly/813930-strength.asm: OK
research/disassembly/8139a0-dexterity.asm: OK
research/disassembly/813a10-max-mana.asm: OK
research/disassembly/815d40-max-damage.asm: OK
research/disassembly/824920.asm: OK
research/disassembly/824a50-strike-range.asm: OK
research/disassembly/825310.asm: OK
research/disassembly/826140-in-attack-range.asm: OK
research/disassembly/829f60.asm: OK
research/disassembly/82a4e0-interrupt-ai.asm: OK
research/disassembly/82b550-attack-speed.asm: OK
research/disassembly/82b550.asm: OK
research/disassembly/83b1a0-get-item.asm: OK
research/disassembly/83ead0-character-set-level-xp.asm: OK
research/disassembly/843ed0.asm: OK
research/disassembly/847280-perform-attack.asm: OK
research/disassembly/848790.asm: OK
research/disassembly/848870.asm: OK
research/disassembly/87f120-weapon-missiles.asm: OK
research/disassembly/880950-attack-descriptions.asm: OK
research/disassembly/880b62-equipment-ai-cooldown.asm: OK
research/disassembly/880bb0-weapon-speed-read.asm: OK
research/disassembly/881450-attack-description-speed.asm: OK
research/disassembly/889110.asm: OK
research/disassembly/8996e0-attack-constructor.asm: OK
research/disassembly/89aef0.asm: OK
research/disassembly/8a2de0-random-animation.asm: OK
research/disassembly/8aa4b0.asm: OK
research/disassembly/8c9ec0-gold-constructor.asm: OK
research/disassembly/8ca940-gold-unit-init.asm: OK
research/disassembly/8dfd80-ai-cooldown.asm: OK
research/disassembly/8e2ae0-ai-cooldown-init.asm: OK
research/disassembly/8e3a40-ai-cooldown-tick.asm: OK
research/disassembly/8e3f90-player-reset.asm: OK
research/disassembly/8e47d0-player-die.asm: OK
research/disassembly/8f5810-player-level-resetting.asm: OK
research/disassembly/91a670.asm: OK
research/disassembly/91a680.asm: OK
research/disassembly/91a6a0.asm: OK
research/disassembly/91a980.asm: OK
research/disassembly/91aaa0.asm: OK
research/disassembly/91ab30.asm: OK
research/disassembly/91ab90.asm: OK
research/disassembly/91ac90.asm: OK
research/disassembly/91ad20.asm: OK
research/disassembly/91ad30.asm: OK
research/disassembly/91ad50.asm: OK
research/disassembly/91ad60.asm: OK
research/disassembly/91ae10.asm: OK
research/disassembly/91ae70.asm: OK
research/disassembly/91aea0.asm: OK
research/disassembly/91aec0.asm: OK
research/disassembly/91cbb0-slot-effect.asm: OK
research/disassembly/91ccd0-other-slot-effect.asm: OK
research/disassembly/936300-level-restart.asm: OK
research/disassembly/950a40.asm: OK
research/disassembly/953000-warp-arrival.asm: OK
research/disassembly/95f150-level-entry-argument.asm: OK
research/disassembly/960050-level-entry-nodes.asm: OK
research/disassembly/977760-material-ambient.asm: OK
research/disassembly/987fe0-logic-timer.asm: OK
research/disassembly/9b1050-warper-constructor.asm: OK
research/disassembly/CLevelTemplateData-chunk-validation.txt: OK
research/disassembly/CLevelTemplateData-createRandomLayout.txt: OK
research/disassembly/CLevelTemplateData-matchExits.txt: OK
research/disassembly/CLevelTemplateData-random-choice.txt: OK
research/disassembly/CRandomizer.txt: OK
research/disassembly/UTILITIES-random.txt: OK
research/disassembly/a0aeb0.asm: OK
research/disassembly/a147f0.asm: OK
research/disassembly/a83690.asm: OK
research/disassembly/a842c0.asm: OK
research/disassembly/a843a0.asm: OK
research/disassembly/a924c0.asm: OK
research/disassembly/a980e0.asm: OK
research/disassembly/ab4f80.asm: OK
research/disassembly/ab6080.asm: OK
research/disassembly/ab80c0.asm: OK
research/disassembly/b05ec0-death-menu-click.asm: OK
research/disassembly/b06110-death-menu-update.asm: OK
research/disassembly/d05fb0-missile-constructor.asm: OK
research/disassembly/d4a1d0-add-flag.asm: OK
research/disassembly/d4a280-tick-flags.asm: OK
research/disassembly/d50c10-add-ai-flag.asm: OK
research/disassembly/d50c40-has-ai-flag.asm: OK
research/disassembly/d50c60-remove-ai-flag.asm: OK
research/disassembly/d50c70-update-ai.asm: OK
research/disassembly/d608f0-effect-catalog.asm: OK
research/disassembly/ed6700.asm: OK
research/disassembly/f63210.asm: OK
research/disassembly/f63220.asm: OK
research/disassembly/f63240.asm: OK
research/disassembly/f63250.asm: OK
research/disassembly/f63260.asm: OK
research/disassembly/f63280.asm: OK
research/disassembly/f632b0.asm: OK
research/disassembly/item-cycle-death-loot.asm: OK
research/disassembly/item-cycle-first-group.asm: OK
research/disassembly/item-cycle-inventory-equip.asm: OK
research/disassembly/item-cycle-inventory-pickup.asm: OK
research/disassembly/item-cycle-inventory-unequip.asm: OK
research/disassembly/item-cycle-roll-treasure.asm: OK
research/disassembly/item-cycle-spawn-at-position.asm: OK
research/disassembly/item-cycle-spawner-no-loot.asm: OK
research/disassembly/item-cycle-treasure-init.asm: OK
research/disassembly/layout-command-initializers.asm: OK
research/frontend-save-evidence.md: OK
research/gameplay-continuation.md: OK
research/gameplay-export-provenance.md: OK
research/input-recovery.md: OK
research/item-cycle.md: OK
research/layout-links.md: OK
research/layout-logic.md: OK
research/level-entry-fallback.md: OK
research/level-transitions.md: OK
research/material-runtime.md: OK
research/modding-sources.md: OK
research/monster-ai-cooldown.md: OK
research/ordinary-attack-action.md: OK
research/original-callgraph.tsv: OK
research/original-combat-inputs.json: OK
research/original-gameplay-inputs.json: OK
research/original-strings.txt: OK
research/original-symbols.txt: OK
research/parent-dungeon-boundary.md: OK
research/progression-and-world-rewards.md: OK
research/random-level-generation.md: OK
research/remaining-work-inventory.md: OK
research/reviews/2026-09-15-gpt-pro-ai-cooldown.md: OK
research/reviews/2026-09-15-gpt-pro-combat-action-task.md: OK
research/reviews/2026-09-15-gpt-pro-combat-action.md: OK
research/reviews/2026-09-15-gpt-pro-entry-fallback.md: OK
research/reviews/2026-09-15-gpt-pro-expanded.md: OK
research/reviews/2026-09-15-gpt-pro-frontend-campaign-task.md: OK
research/reviews/2026-09-15-gpt-pro-gameplay-continuation-task.md: OK
research/reviews/2026-09-15-gpt-pro-gameplay-continuation.md: OK
research/reviews/2026-09-15-gpt-pro-item-cycle-task.md: OK
research/reviews/2026-09-15-gpt-pro-item-cycle.md: OK
research/reviews/2026-09-15-gpt-pro-verification-plan.md: OK
research/reviews/2026-09-15-gpt-pro-warp-arrival.md: OK
research/reviews/2026-09-15-gpt-pro.md: OK
research/reviews/2026-09-16-gpt-pro-verification-stand-task.md: OK
research/reviews/2026-09-16-gpt-pro-verification-stand.md: OK
research/reviews/README.md: OK
research/runtime-bootstrap.md: OK
research/runtime-entities.md: OK
research/spawn-classes.md: OK
research/torched-sdk.json: OK
research/torched-sdk.md: OK
research/ui-actions.json: OK
research/ui-actions.md: OK
research/ui-visuals.md: OK
research/unit-type-hierarchy.md: OK
src/actor_motion.cpp: OK
src/adm_document.cpp: OK
src/animation_events.cpp: OK
src/animation_manifest.cpp: OK
src/application.cpp: OK
src/asset_catalog_main.cpp: OK
src/attack_action.cpp: OK
src/bootstrap_main.cpp: OK
src/checkpoint.cpp: OK
src/collision_scene.cpp: OK
src/combat.cpp: OK
src/damage.cpp: OK
src/dds_texture.cpp: OK
src/enemy_ai.cpp: OK
src/entity_world.cpp: OK
src/equipment.cpp: OK
src/frontend.cpp: OK
src/gles_scene_renderer.cpp: OK
src/gles_ui_renderer.cpp: OK
src/input_state.cpp: OK
src/interaction.cpp: OK
src/inventory.cpp: OK
src/inventory_view.cpp: OK
src/key_manager.cpp: OK
src/level_scene.cpp: OK
src/level_transition.cpp: OK
src/linux_desktop_main.cpp: OK
src/logic_runtime.cpp: OK
src/master_resource_index.cpp: OK
src/mouse_manager.cpp: OK
src/navigation_grid.cpp: OK
src/ogre_material.cpp: OK
src/ogre_mesh.cpp: OK
src/ogre_skeleton.cpp: OK
src/pak_archive.cpp: OK
src/pathfinder_rules.cpp: OK
src/player.cpp: OK
src/player_session.cpp: OK
src/png_texture.cpp: OK
src/pointer_movement.cpp: OK
src/progression.cpp: OK
src/random_level.cpp: OK
src/randomizer.cpp: OK
src/resource_config.cpp: OK
src/save_codec.cpp: OK
src/save_store.cpp: OK
src/scene_animation.cpp: OK
src/scene_geometry.cpp: OK
src/scene_math.cpp: OK
src/skeletal_animation.cpp: OK
src/spawn_class.cpp: OK
src/stat_graph.cpp: OK
src/treasure.cpp: OK
src/ui_font.cpp: OK
src/ui_hud.cpp: OK
src/ui_layout.cpp: OK
src/unit_definition.cpp: OK
src/unit_type.cpp: OK
tests/action_c_api.cpp: OK
tests/actor_motion_test.cpp: OK
tests/adm_document_test.cpp: OK
tests/ai_cooldown_fixture.hpp: OK
tests/ai_cooldown_probe.cpp: OK
tests/animation_events_test.cpp: OK
tests/animation_manifest_test.cpp: OK
tests/application_scenario_probe.cpp: OK
tests/application_scenario_test.py: OK
tests/asset_catalog_test.py: OK
tests/attack_action_test.cpp: OK
tests/attack_fixture.hpp: OK
tests/attack_speed_probe.cpp: OK
tests/camera_c_api.cpp: OK
tests/check_desktop_gameplay_syntax.py: OK
tests/checkpoint_upgrade_probe.cpp: OK
tests/collision_mesh_test.cpp: OK
tests/combat_test.cpp: OK
tests/compare_ai_cooldown.py: OK
tests/compare_attack_speed.py: OK
tests/compare_monster_experience.py: OK
tests/compare_original_action.py: OK
tests/compare_original_camera.py: OK
tests/compare_original_input.py: OK
tests/compare_original_pathfinder.py: OK
tests/compare_original_random.py: OK
tests/compare_player_vitals.py: OK
tests/compare_world_gold.py: OK
tests/damage_test.cpp: OK
tests/dds_texture_test.cpp: OK
tests/death_finalization_test.cpp: OK
tests/effect_catalog_probe.cpp: OK
tests/effect_catalog_source_test.py: OK
tests/enemy_ai_cooldown_test.cpp: OK
tests/enemy_ai_test.cpp: OK
tests/entity_world_test.cpp: OK
tests/equipment_test.cpp: OK
tests/fixtures/checkpoint-v1.hex: OK
tests/frontend_cycle_process_test.py: OK
tests/frontend_cycle_test.cpp: OK
tests/frontend_resource_test.cpp: OK
tests/frontend_test.cpp: OK
tests/gameplay_continuation_test.cpp: OK
tests/gles_render_smoke_test.cpp: OK
tests/gles_ui_headless_test.py: OK
tests/gles_ui_probe.cpp: OK
tests/input_c_api.cpp: OK
tests/inventory_test.cpp: OK
tests/inventory_view_test.cpp: OK
tests/item_cycle_resource_test.cpp: OK
tests/item_cycle_test.cpp: OK
tests/legacy_reward_save_test.py: OK
tests/level_entry_test.cpp: OK
tests/level_scene_test.cpp: OK
tests/level_transition_test.cpp: OK
tests/logic_runtime_test.cpp: OK
tests/make_ai_cooldown_fixture.py: OK
tests/make_attack_fixture.py: OK
tests/make_frontend_fixture.py: OK
tests/make_hud_fixture.py: OK
tests/make_item_cycle_fixture.py: OK
tests/make_progression_fixture.py: OK
tests/master_resource_index_test.cpp: OK
tests/monster_experience_probe.cpp: OK
tests/ogre_camera_reference.cpp: OK
tests/ogre_material_test.cpp: OK
tests/ogre_mesh_render_test.cpp: OK
tests/ogre_mesh_test.cpp: OK
tests/ogre_skeleton_test.cpp: OK
tests/ordinary_combat_test.cpp: OK
tests/pak_archive_test.cpp: OK
tests/parent_dungeon_test.cpp: OK
tests/pathfinder_c_api.cpp: OK
tests/player_test.cpp: OK
tests/player_vitals_probe.cpp: OK
tests/png_texture_test.cpp: OK
tests/random_level_test.cpp: OK
tests/random_observation_test.cpp: OK
tests/randomizer_c_api.cpp: OK
tests/read_only_extractors_test.py: OK
tests/reward_cycle_test.cpp: OK
tests/reward_resource_probe.cpp: OK
tests/reward_save_process_test.py: OK
tests/save_atomic_process_test.py: OK
tests/save_checkpoint_test.cpp: OK
tests/save_process_test.py: OK
tests/scenario_diff_test.py: OK
tests/scenarios/dungeon-roundtrip.scenario: OK
tests/scenarios/town-continue.scenario: OK
tests/scenarios/town-new.scenario: OK
tests/scene_geometry_render_test.cpp: OK
tests/scene_geometry_test.cpp: OK
tests/skeletal_animation_test.cpp: OK
tests/spawn_class_test.cpp: OK
tests/support/gles-api/GLES2/gl2.h: OK
tests/ui_font_probe.cpp: OK
tests/unit_definition_test.cpp: OK
tests/unit_type_test.cpp: OK
tests/verification_driver_test.py: OK
tests/verify_original_entry_dispatch.py: OK
tests/warp_arrival_test.cpp: OK
tests/world_gold_probe.cpp: OK
tools/audit_original.py: OK
tools/audit_torched.py: OK
tools/camera_reference.py: OK
tools/check.py: OK
tools/check.sh: OK
tools/compare_scenarios.py: OK
tools/coverage_map.py: OK
tools/dump_original_combat_inputs.py: OK
tools/dump_original_gameplay_inputs.py: OK
tools/dump_torched_il.py: OK
tools/egl_context.py: OK
tools/ghidra/ExportCallGraph.java: OK
tools/ghidra/ExportClassDecompilations.java: OK
tools/ghidra/ExportTargetDecompilations.java: OK
tools/ghidra/analyze_original.sh: OK
tools/ghidra/export_analysis_indexes.sh: OK
tools/ghidra/export_core_classes.sh: OK
tools/ghidra/sync_target_decompilations.sh: OK
tools/level_rules_dump.cpp: OK
tools/original.py: OK
tools/package_gpt_context.sh: OK
tools/player_units_dump.cpp: OK
tools/run_scenario.py: OK
tools/scene_camera_dump.cpp: OK
verification/gameplay-continuation/README.md: OK
verification/gameplay-continuation/apt-update.log: OK
verification/gameplay-continuation/baseline.log: OK
verification/gameplay-continuation/before-inputs.log: OK
verification/gameplay-continuation/before_inputs.cpp: OK
verification/gameplay-continuation/clean-applied-build.log: OK
verification/gameplay-continuation/environment.log: OK
verification/gameplay-continuation/final-portable-and-sanitizers.log: OK
verification/gameplay-continuation/input-checksums.log: OK
verification/gameplay-continuation/new-check-details.log: OK
verification/gameplay-continuation/read-only-tools.log: OK
verification/gameplay-continuation/sanitizer-flags.txt: OK
verification/gameplay-continuation/verification.json: OK
verification/large-5/README.md: OK
verification/large-5/baseline.exit: OK
verification/large-5/baseline.log: OK
verification/large-5/capabilities.log: OK
verification/large-5/clean-build.exit: OK
verification/large-5/clean-build.log: OK
verification/large-5/coverage-final.log: OK
verification/large-5/focused-tests.exit: OK
verification/large-5/focused-tests.log: OK
verification/large-5/input.sha256: OK
verification/large-5/portable-final.exit: OK
verification/large-5/portable-final.log: OK
verification/large-5/post-package-source-tests.log: OK
verification/large-5/sanitizer-final.exit: OK
verification/large-5/sanitizer-final.log: OK
verification/large-8/README.md: OK
verification/large-8/baseline.log: OK
verification/large-8/coverage-audit.json: OK
verification/large-8/coverage-check.log: OK
verification/large-8/environment.json: OK
verification/large-8/focused-tests.log: OK
verification/large-8/input.sha256: OK
verification/large-8/sanitizer-build.log: OK
verification/large-8/sanitizer-config.log: OK
verification/large-8/sanitizer-tests.log: OK
verification/large-8/sanitizer.junit.xml: OK
verification/large-8/verification.json: OK
