-- The C compiler identification is GNU 14.2.0
-- The CXX compiler identification is GNU 14.2.0
-- Detecting C compiler ABI info
-- Detecting C compiler ABI info - done
-- Check for working C compiler: /usr/bin/cc - skipped
-- Detecting C compile features
-- Detecting C compile features - done
-- Detecting CXX compiler ABI info
-- Detecting CXX compiler ABI info - done
-- Check for working CXX compiler: /usr/bin/c++ - skipped
-- Detecting CXX compile features
-- Detecting CXX compile features - done
-- Found ZLIB: /usr/lib/x86_64-linux-gnu/libz.so (found version "1.3.1")
-- Found PNG: /usr/lib/x86_64-linux-gnu/libpng.so (found version "1.6.48")
-- Found PkgConfig: /usr/bin/pkg-config (found version "1.8.1")
-- Checking for module 'egl'
--   Package 'egl', required by 'virtual:world', not found
-- Checking for module 'glesv2'
--   Package 'glesv2', required by 'virtual:world', not found
-- Checking for module 'wayland-client'
--   Package 'wayland-client', required by 'virtual:world', not found
-- Checking for module 'wayland-egl'
--   Package 'wayland-egl', required by 'virtual:world', not found
-- Desktop shell disabled: Wayland, EGL, GLES2, or xdg-shell files are missing
-- Found Python3: /opt/pyvenv/bin/python3 (found version "3.13.5") found components: Interpreter
-- Original comparison not configured: set TORCHLIGHT_ORIGINAL to run it
-- Configuring done (5.6s)
-- Generating done (0.0s)
-- Build files have been written to: /mnt/data/ot-large5-clean/build-portable
[1/169] Building CXX object CMakeFiles/torchlight_core.dir/src/actor_motion.cpp.o
[2/169] Building CXX object CMakeFiles/torchlight_core.dir/src/animation_manifest.cpp.o
[3/169] Building CXX object CMakeFiles/torchlight_core.dir/src/animation_events.cpp.o
[4/169] Building CXX object CMakeFiles/torchlight_core.dir/src/adm_document.cpp.o
[5/169] Building CXX object CMakeFiles/torchlight_core.dir/src/collision_scene.cpp.o
[6/169] Building CXX object CMakeFiles/torchlight_core.dir/src/combat.cpp.o
[7/169] Building CXX object CMakeFiles/torchlight_core.dir/src/attack_action.cpp.o
[8/169] Building CXX object CMakeFiles/torchlight_core.dir/src/checkpoint.cpp.o
[9/169] Building CXX object CMakeFiles/torchlight_core.dir/src/ui_layout.cpp.o
[10/169] Building CXX object CMakeFiles/torchlight_core.dir/src/save_codec.cpp.o
[11/169] Building CXX object CMakeFiles/torchlight_core.dir/src/save_store.cpp.o
[12/169] Building CXX object CMakeFiles/torchlight_core.dir/src/damage.cpp.o
[13/169] Building CXX object CMakeFiles/torchlight_core.dir/src/frontend.cpp.o
[14/169] Building CXX object CMakeFiles/torchlight_core.dir/src/dds_texture.cpp.o
[15/169] Building CXX object CMakeFiles/torchlight_core.dir/src/equipment.cpp.o
[16/169] Building CXX object CMakeFiles/torchlight_core.dir/src/input_state.cpp.o
[17/169] Building CXX object CMakeFiles/torchlight_core.dir/src/interaction.cpp.o
[18/169] Building CXX object CMakeFiles/torchlight_core.dir/src/inventory.cpp.o
[19/169] Building CXX object CMakeFiles/torchlight_core.dir/src/entity_world.cpp.o
[20/169] Building CXX object CMakeFiles/torchlight_core.dir/src/enemy_ai.cpp.o
[21/169] Building CXX object CMakeFiles/torchlight_core.dir/src/inventory_view.cpp.o
[22/169] Building CXX object CMakeFiles/torchlight_core.dir/src/key_manager.cpp.o
[23/169] Building CXX object CMakeFiles/torchlight_core.dir/src/treasure.cpp.o
[24/169] Building CXX object CMakeFiles/torchlight_core.dir/src/level_transition.cpp.o
[25/169] Building CXX object CMakeFiles/torchlight_core.dir/src/player_session.cpp.o
[26/169] Building CXX object CMakeFiles/torchlight_core.dir/src/mouse_manager.cpp.o
[27/169] Building CXX object CMakeFiles/torchlight_core.dir/src/master_resource_index.cpp.o
[28/169] Building CXX object CMakeFiles/torchlight_core.dir/src/logic_runtime.cpp.o
[29/169] Building CXX object CMakeFiles/torchlight_core.dir/src/navigation_grid.cpp.o
[30/169] Building CXX object CMakeFiles/torchlight_core.dir/src/level_scene.cpp.o
[31/169] Building CXX object CMakeFiles/torchlight_core.dir/src/ogre_material.cpp.o
[32/169] Building CXX object CMakeFiles/torchlight_core.dir/src/pathfinder_rules.cpp.o
[33/169] Building CXX object CMakeFiles/torchlight_core.dir/src/pointer_movement.cpp.o
[34/169] Building CXX object CMakeFiles/torchlight_core.dir/src/ogre_skeleton.cpp.o
[35/169] Building CXX object CMakeFiles/torchlight_core.dir/src/ogre_mesh.cpp.o
[36/169] Building CXX object CMakeFiles/torchlight_core.dir/src/png_texture.cpp.o
[37/169] Building CXX object CMakeFiles/torchlight_core.dir/src/randomizer.cpp.o
[38/169] Building CXX object CMakeFiles/torchlight_core.dir/src/pak_archive.cpp.o
[39/169] Building CXX object CMakeFiles/torchlight_core.dir/src/resource_config.cpp.o
[40/169] Building CXX object CMakeFiles/torchlight_core.dir/src/player.cpp.o
[41/169] Building CXX object CMakeFiles/torchlight_core.dir/src/scene_animation.cpp.o
[42/169] Building CXX object CMakeFiles/torchlight_core.dir/src/random_level.cpp.o
[43/169] Building CXX object CMakeFiles/torchlight_core.dir/src/scene_math.cpp.o
[44/169] Building CXX object CMakeFiles/torchlight_core.dir/src/scene_geometry.cpp.o
[45/169] Building CXX object CMakeFiles/torchlight_core.dir/src/stat_graph.cpp.o
[46/169] Building CXX object CMakeFiles/torchlight_core.dir/src/skeletal_animation.cpp.o
[47/169] Building CXX object CMakeFiles/torchlight_core.dir/src/spawn_class.cpp.o
[48/169] Generating fixtures/ai-cooldown.pak.zip
Synthetic AI cooldown fixture: 21 UNIT definitions
[49/169] Building CXX object CMakeFiles/torchlight_core.dir/src/unit_definition.cpp.o
[50/169] Building CXX object CMakeFiles/torchlight_core.dir/src/unit_type.cpp.o
[51/169] Generating fixtures/item-cycle.pak.zip
Synthetic item fixture: 16 units, 5 tables; no game assets
[52/169] Generating fixtures/ordinary-combat.pak.zip
Authored combat fixture: 24 units, 60 files; no original assets
[53/169] Linking CXX static library libtorchlight_core.a
[54/169] Generating fixtures/frontend.pak.zip
Authored combat fixture: 24 units, 60 files; no original assets
[55/169] Building CXX object CMakeFiles/torchlight_level_rules_dump.dir/tools/level_rules_dump.cpp.o
[56/169] Building CXX object CMakeFiles/torchlight_player_units_dump.dir/tools/player_units_dump.cpp.o
[57/169] Building CXX object CMakeFiles/torchlight_bootstrap.dir/src/bootstrap_main.cpp.o
[58/169] Building CXX object CMakeFiles/action_comparison.dir/tests/action_c_api.cpp.o
[59/169] Building CXX object CMakeFiles/input_comparison.dir/tests/input_c_api.cpp.o
[60/169] Building CXX object CMakeFiles/pathfinder_comparison.dir/tests/pathfinder_c_api.cpp.o
[61/169] Building CXX object CMakeFiles/camera_comparison.dir/tests/camera_c_api.cpp.o
[62/169] Building CXX object CMakeFiles/torchlight_scene_camera_dump.dir/tools/scene_camera_dump.cpp.o
[63/169] Building CXX object CMakeFiles/ogre_camera_reference.dir/tests/ogre_camera_reference.cpp.o
[64/169] Building CXX object CMakeFiles/pak_archive_test.dir/tests/pak_archive_test.cpp.o
[65/169] Building CXX object CMakeFiles/randomizer_comparison.dir/tests/randomizer_c_api.cpp.o
[66/169] Building CXX object CMakeFiles/actor_motion_test.dir/tests/actor_motion_test.cpp.o
[67/169] Building CXX object CMakeFiles/attack_action_test.dir/tests/attack_action_test.cpp.o
[68/169] Building CXX object CMakeFiles/collision_mesh_test.dir/tests/collision_mesh_test.cpp.o
[69/169] Building CXX object CMakeFiles/adm_document_test.dir/tests/adm_document_test.cpp.o
[70/169] Building CXX object CMakeFiles/master_resource_index_test.dir/tests/master_resource_index_test.cpp.o
[71/169] Building CXX object CMakeFiles/unit_definition_test.dir/tests/unit_definition_test.cpp.o
[72/169] Building CXX object CMakeFiles/level_scene_test.dir/tests/level_scene_test.cpp.o
[73/169] Building CXX object CMakeFiles/ogre_mesh_test.dir/tests/ogre_mesh_test.cpp.o
[74/169] Building CXX object CMakeFiles/logic_runtime_test.dir/tests/logic_runtime_test.cpp.o
[75/169] Building CXX object CMakeFiles/random_level_test.dir/tests/random_level_test.cpp.o
[76/169] Building CXX object CMakeFiles/player_test.dir/tests/player_test.cpp.o
[77/169] Building CXX object CMakeFiles/ogre_skeleton_test.dir/tests/ogre_skeleton_test.cpp.o
[78/169] Building CXX object CMakeFiles/ogre_material_test.dir/tests/ogre_material_test.cpp.o
[79/169] Building CXX object CMakeFiles/animation_manifest_test.dir/tests/animation_manifest_test.cpp.o
[80/169] Building CXX object CMakeFiles/animation_events_test.dir/tests/animation_events_test.cpp.o
[81/169] Building CXX object CMakeFiles/dds_texture_test.dir/tests/dds_texture_test.cpp.o
[82/169] Building CXX object CMakeFiles/png_texture_test.dir/tests/png_texture_test.cpp.o
[83/169] Building CXX object CMakeFiles/spawn_class_test.dir/tests/spawn_class_test.cpp.o
[84/169] Building CXX object CMakeFiles/skeletal_animation_test.dir/tests/skeletal_animation_test.cpp.o
[85/169] Building CXX object CMakeFiles/scene_geometry_test.dir/tests/scene_geometry_test.cpp.o
[86/169] Building CXX object CMakeFiles/unit_type_test.dir/tests/unit_type_test.cpp.o
[87/169] Building CXX object CMakeFiles/damage_test.dir/tests/damage_test.cpp.o
[88/169] Building CXX object CMakeFiles/entity_world_test.dir/tests/entity_world_test.cpp.o
[89/169] Building CXX object CMakeFiles/enemy_ai_test.dir/tests/enemy_ai_test.cpp.o
[90/169] Building CXX object CMakeFiles/combat_test.dir/tests/combat_test.cpp.o
[91/169] Building CXX object CMakeFiles/level_transition_test.dir/tests/level_transition_test.cpp.o
[92/169] Building CXX object CMakeFiles/equipment_test.dir/tests/equipment_test.cpp.o
[93/169] Building CXX object CMakeFiles/warp_arrival_test.dir/tests/warp_arrival_test.cpp.o
[94/169] Building CXX object CMakeFiles/ai_cooldown_probe.dir/tests/ai_cooldown_probe.cpp.o
[95/169] Building CXX object CMakeFiles/level_entry_test.dir/tests/level_entry_test.cpp.o
[96/169] Building CXX object CMakeFiles/attack_speed_probe.dir/tests/attack_speed_probe.cpp.o
[97/169] Building CXX object CMakeFiles/inventory_test.dir/tests/inventory_test.cpp.o
[98/169] Building CXX object CMakeFiles/inventory_view_test.dir/tests/inventory_view_test.cpp.o
[99/169] Building CXX object CMakeFiles/effect_catalog_probe.dir/tests/effect_catalog_probe.cpp.o
[100/169] Building CXX object CMakeFiles/player_vitals_probe.dir/tests/player_vitals_probe.cpp.o
[101/169] Building CXX object CMakeFiles/frontend_resource_test.dir/tests/frontend_resource_test.cpp.o
[102/169] Building CXX object CMakeFiles/enemy_ai_cooldown_test.dir/tests/enemy_ai_cooldown_test.cpp.o
[103/169] Building CXX object CMakeFiles/death_finalization_test.dir/tests/death_finalization_test.cpp.o
[104/169] Building CXX object CMakeFiles/item_cycle_test.dir/tests/item_cycle_test.cpp.o
[105/169] Building CXX object CMakeFiles/ordinary_combat_test.dir/tests/ordinary_combat_test.cpp.o
[106/169] Building CXX object CMakeFiles/item_cycle_resource_test.dir/tests/item_cycle_resource_test.cpp.o
[107/169] Building CXX object CMakeFiles/frontend_test.dir/tests/frontend_test.cpp.o
[108/169] Building CXX object CMakeFiles/save_checkpoint_test.dir/tests/save_checkpoint_test.cpp.o
[109/169] Building CXX object CMakeFiles/gles_ui_probe.dir/tests/gles_ui_probe.cpp.o
[110/169] Linking CXX executable torchlight_bootstrap
[111/169] Building CXX object CMakeFiles/gles_ui_probe.dir/src/gles_ui_renderer.cpp.o
[112/169] Linking CXX executable torchlight_level_rules_dump
[113/169] Building CXX object CMakeFiles/gameplay_continuation_test.dir/tests/gameplay_continuation_test.cpp.o
[114/169] Linking CXX executable torchlight_player_units_dump
[115/169] Linking CXX shared library libinput_comparison.so
[116/169] Linking CXX shared library libaction_comparison.so
[117/169] Linking CXX executable attack_action_test
[118/169] Linking CXX shared library libpathfinder_comparison.so
[119/169] Linking CXX executable torchlight_scene_camera_dump
[120/169] Linking CXX shared library libcamera_comparison.so
[121/169] Linking CXX shared library librandomizer_comparison.so
[122/169] Linking CXX shared library libogre_camera_reference.so
[123/169] Linking CXX executable pak_archive_test
[124/169] Linking CXX executable actor_motion_test
[125/169] Linking CXX executable master_resource_index_test
[126/169] Linking CXX executable adm_document_test
[127/169] Linking CXX executable collision_mesh_test
[128/169] Linking CXX executable unit_definition_test
[129/169] Linking CXX executable level_scene_test
[130/169] Linking CXX executable logic_runtime_test
[131/169] Linking CXX executable random_level_test
[132/169] Linking CXX executable ogre_mesh_test
[133/169] Linking CXX executable player_test
[134/169] Linking CXX executable ogre_skeleton_test
[135/169] Linking CXX executable animation_events_test
[136/169] Linking CXX executable animation_manifest_test
[137/169] Linking CXX executable dds_texture_test
[138/169] Linking CXX executable skeletal_animation_test
[139/169] Linking CXX executable ogre_material_test
[140/169] Linking CXX executable png_texture_test
[141/169] Linking CXX executable spawn_class_test
[142/169] Building CXX object CMakeFiles/frontend_cycle_test.dir/tests/frontend_cycle_test.cpp.o
[143/169] Linking CXX executable unit_type_test
[144/169] Linking CXX executable scene_geometry_test
[145/169] Linking CXX executable damage_test
[146/169] Linking CXX executable entity_world_test
[147/169] Linking CXX executable enemy_ai_test
[148/169] Linking CXX executable combat_test
[149/169] Linking CXX executable warp_arrival_test
[150/169] Linking CXX executable level_transition_test
[151/169] Linking CXX executable equipment_test
[152/169] Linking CXX executable level_entry_test
[153/169] Linking CXX executable enemy_ai_cooldown_test
[154/169] Linking CXX executable inventory_test
[155/169] Linking CXX executable ai_cooldown_probe
[156/169] Linking CXX executable inventory_view_test
[157/169] Linking CXX executable frontend_test
[158/169] Linking CXX executable attack_speed_probe
[159/169] Linking CXX executable item_cycle_test
[160/169] Linking CXX shared library libgles_ui_probe.so
[161/169] Linking CXX executable ordinary_combat_test
[162/169] Linking CXX executable frontend_resource_test
[163/169] Linking CXX executable frontend_cycle_test
[164/169] Linking CXX executable gameplay_continuation_test
[165/169] Linking CXX executable death_finalization_test
[166/169] Linking CXX executable save_checkpoint_test
[167/169] Linking CXX executable effect_catalog_probe
[168/169] Linking CXX executable player_vitals_probe
[169/169] Linking CXX executable item_cycle_resource_test
Internal ctest changing into directory: /mnt/data/ot-large5-clean/build-portable
Test project /mnt/data/ot-large5-clean/build-portable
      Start  1: ordinary_attack_action
 1/28 Test  #1: ordinary_attack_action ............   Passed    0.01 sec
      Start  2: actor_motion
 2/28 Test  #2: actor_motion ......................   Passed    0.00 sec
      Start  3: animation_events
 3/28 Test  #3: animation_events ..................   Passed    0.00 sec
      Start  4: damage_calculation
 4/28 Test  #4: damage_calculation ................   Passed    0.00 sec
      Start  5: warp_arrival
 5/28 Test  #5: warp_arrival ......................   Passed    0.00 sec
      Start  6: level_entry_fallback
 6/28 Test  #6: level_entry_fallback ..............   Passed    0.05 sec
      Start  7: enemy_ai_cooldown
 7/28 Test  #7: enemy_ai_cooldown .................   Passed    0.07 sec
      Start  8: ai_cooldown_export_comparison
 8/28 Test  #8: ai_cooldown_export_comparison .....   Passed    1.14 sec
      Start  9: desktop_gameplay_syntax
 9/28 Test  #9: desktop_gameplay_syntax ...........   Passed    2.57 sec
      Start 10: inventory_view
10/28 Test #10: inventory_view ....................   Passed    0.00 sec
      Start 11: inventory_instances
11/28 Test #11: inventory_instances ...............   Passed    0.00 sec
      Start 12: item_cycle
12/28 Test #12: item_cycle ........................   Passed    0.03 sec
      Start 13: attack_speed_export_comparison
13/28 Test #13: attack_speed_export_comparison ....   Passed    0.95 sec
      Start 14: ordinary_combat
14/28 Test #14: ordinary_combat ...................   Passed    0.09 sec
      Start 15: frontend
15/28 Test #15: frontend ..........................   Passed    0.00 sec
      Start 16: frontend_campaign_cycle
16/28 Test #16: frontend_campaign_cycle ...........   Passed    0.82 sec
      Start 17: coverage_map_current
17/28 Test #17: coverage_map_current ..............   Passed    1.34 sec
      Start 18: gles_ui_headless
18/28 Test #18: gles_ui_headless ..................   Passed    1.33 sec
      Start 19: save_checkpoint
19/28 Test #19: save_checkpoint ...................   Passed    0.10 sec
      Start 20: save_fresh_process
20/28 Test #20: save_fresh_process ................   Passed    0.91 sec
      Start 21: save_atomic_process
21/28 Test #21: save_atomic_process ...............   Passed    1.11 sec
      Start 22: gameplay_continuation
22/28 Test #22: gameplay_continuation .............   Passed    0.04 sec
      Start 23: death_finalization
23/28 Test #23: death_finalization ................   Passed    0.01 sec
      Start 24: effect_catalog_source
24/28 Test #24: effect_catalog_source .............   Passed    1.05 sec
      Start 25: read_only_extractors
25/28 Test #25: read_only_extractors ..............   Passed    9.85 sec
      Start 26: combat_inputs_evidence
26/28 Test #26: combat_inputs_evidence ............   Passed    0.80 sec
      Start 27: player_vitals_export_comparison
27/28 Test #27: player_vitals_export_comparison ...   Passed    0.99 sec
      Start 28: item_cycle_resource_fixture
28/28 Test #28: item_cycle_resource_fixture .......   Passed    0.01 sec

100% tests passed, 0 tests failed out of 28

Total Test time (real) =  23.30 sec
Portable tests passed; original-game checks and UI audit were not run.
