Coverage: 17026 explicit rows; no automatic promotions from decompilation.
 158.074 partial    0x0058b5d0 [save] CGameClient::saveCharacter(bool, bool)
 155.898 unseen     0x00ab8100 [frontend] CGameUI::updateIngameUI(float, CGameClient*, Ogre::RenderWindow*)
 155.236 partial    0x00581ce0 [save] CGameClient::loadCharacter(std::basic_string<wchar_t, std::char_traits<wchar_t>, std::allocator<wchar_t> > const&, std::vector<CCharacter*, std::allocator<CCharacter*> >&, std::vector<CCharacterSaveState*, std::allocator<CCharacterSaveState*> >&, bool)
 154.224 unseen     0x00a9e4a0 [frontend] CGameUI::create()
 145.898 unseen     0x00aa6bf0 [frontend] CGameUI::showEquipmentTooltip(CCharacter*, CEquipment*, CEquipmentTooltip*, CEquipmentTooltip*, CEquipmentTooltip*)
 143.699 partial    0x008f6080 [save] CPlayer::storeLevelSavedState(CLevel&)
 143.069 unseen     0x00a8f780 [frontend] CGameUI::menuItemClick(CCharacter*, CSubMenu*, int, bool)
 142.580 unseen     0x00ab6080 [frontend] CGameUI::processIngameInput(void*, float, bool)
 142.479 unseen     0x00557490 [frontend] CGame::update(float, float, bool)
 142.074 unseen     0x00566c80 [frontend] CGame::setup(bool)
 141.814 unseen     0x00567ce0 [frontend] CGame::createWindow(bool)
 141.549 unseen     0x00569080 [frontend] CGame::CGame(std::string, CSettings*, bool)
 141.549 unseen     0x00882e30 [frontend] CEquipment::createIcon(CGameUI&, bool)
 141.004 unseen     0x00ab4f80 [frontend] CGameUI::handleKeyPresses()
 140.580 unseen     0x00a8e0d0 [frontend] CGameUI::closeAll()
 139.236 unseen     0x00a98c20 [frontend] CGameUI::updateSlots()
 138.263 unseen     0x00840db0 [save] CCharacter::applySaveState(CCharacterSaveState&)
 137.236 unseen     0x00a828e0 [frontend] CGameUI::getSingleton()
 136.854 partial    0x0057f7c0 [save] CGameClient::restoreLevelState(CLevelState*)
 135.923 unseen     0x00a8f450 [frontend] CGameUI::queueTip(EContextTip)
