openjdk version "21.0.12.1" 2026-08-18 LTS
OpenJDK Runtime Environment Temurin-21.0.12.1+1 (build 21.0.12.1+1-LTS)
OpenJDK 64-Bit Server VM Temurin-21.0.12.1+1 (build 21.0.12.1+1-LTS, mixed mode)
INFO  Using log config file: jar:file:/workspace/scratch/3ba0fff8d310/otl-recovery-1518/repo/build-source-cache/ghidra/ghidra_12.1.3_PUBLIC/Ghidra/Framework/Generic/lib/Generic.jar!/generic.log4j.xml (LoggingInitialization)  
INFO  Using log file: /workspace/scratch/3ba0fff8d310/otl-recovery-1518/gameui-analysis/ghidra-config/agent-ghidra/ghidra_12.1.3_PUBLIC/application.log (LoggingInitialization)  
INFO  Loading user preferences: /workspace/scratch/3ba0fff8d310/otl-recovery-1518/gameui-analysis/ghidra-config/agent-ghidra/ghidra_12.1.3_PUBLIC/preferences (Preferences)  
INFO  Searching for classes... (ClassSearcher)  
INFO  Class search complete (809 ms) (ClassSearcher)  
INFO  Initializing SSL Context (DefaultSSLContextInitializer)  
INFO  Initializing Random Number Generator... (SecureRandomFactory)  
INFO  Random Number Generator initialization complete: NativePRNGNonBlocking (SecureRandomFactory)  
INFO  Trust manager disabled, cacerts have not been set (DefaultTrustManagerFactory)  
INFO  Headless startup complete (1936 ms) (AnalyzeHeadless)  
INFO  Class searcher loaded 59 extension points (20 false positives) (ClassSearcher)  
INFO  HEADLESS Script Paths:
    /workspace/scratch/3ba0fff8d310/otl-recovery-1518/repo/build-source-cache/ghidra/ghidra_12.1.3_PUBLIC/Ghidra/Features/Base/ghidra_scripts
    /workspace/scratch/3ba0fff8d310/otl-recovery-1518/repo/build-source-cache/ghidra/ghidra_12.1.3_PUBLIC/Ghidra/Features/MicrosoftCodeAnalyzer/ghidra_scripts
    /workspace/scratch/3ba0fff8d310/otl-recovery-1518/repo/build-source-cache/ghidra/ghidra_12.1.3_PUBLIC/Ghidra/Features/GnuDemangler/ghidra_scripts
    /workspace/scratch/3ba0fff8d310/otl-recovery-1518/repo/build-source-cache/ghidra/ghidra_12.1.3_PUBLIC/Ghidra/Processors/DATA/ghidra_scripts
    /workspace/scratch/3ba0fff8d310/otl-recovery-1518/repo/build-source-cache/ghidra/ghidra_12.1.3_PUBLIC/Ghidra/Features/SystemEmulation/ghidra_scripts
    /workspace/scratch/3ba0fff8d310/otl-recovery-1518/pipeline-integration-2464d59/research/night-audit-2026-10-06/eh-export
    /workspace/scratch/3ba0fff8d310/otl-recovery-1518/repo/build-source-cache/ghidra/ghidra_12.1.3_PUBLIC/Ghidra/Debug/Debugger/ghidra_scripts
    /workspace/scratch/3ba0fff8d310/otl-recovery-1518/repo/build-source-cache/ghidra/ghidra_12.1.3_PUBLIC/Ghidra/Processors/PIC/ghidra_scripts
    /workspace/scratch/3ba0fff8d310/otl-recovery-1518/repo/build-source-cache/ghidra/ghidra_12.1.3_PUBLIC/Ghidra/Features/SwiftDemangler/ghidra_scripts
    /workspace/scratch/3ba0fff8d310/otl-recovery-1518/repo/build-source-cache/ghidra/ghidra_12.1.3_PUBLIC/Ghidra/Features/PDB/ghidra_scripts
    /workspace/scratch/3ba0fff8d310/otl-recovery-1518/repo/build-source-cache/ghidra/ghidra_12.1.3_PUBLIC/Ghidra/Debug/Debugger-rmi-trace/ghidra_scripts
    /workspace/scratch/3ba0fff8d310/otl-recovery-1518/repo/build-source-cache/ghidra/ghidra_12.1.3_PUBLIC/Ghidra/Features/BytePatterns/ghidra_scripts
    /workspace/scratch/3ba0fff8d310/otl-recovery-1518/repo/build-source-cache/ghidra/ghidra_12.1.3_PUBLIC/Ghidra/Features/VersionTracking/ghidra_scripts
    /workspace/scratch/3ba0fff8d310/otl-recovery-1518/repo/build-source-cache/ghidra/ghidra_12.1.3_PUBLIC/Ghidra/Processors/Atmel/ghidra_scripts
    /workspace/scratch/3ba0fff8d310/otl-recovery-1518/repo/build-source-cache/ghidra/ghidra_12.1.3_PUBLIC/Ghidra/Features/BSim/ghidra_scripts
    /workspace/scratch/3ba0fff8d310/otl-recovery-1518/repo/build-source-cache/ghidra/ghidra_12.1.3_PUBLIC/Ghidra/Features/WildcardAssembler/ghidra_scripts
    /workspace/scratch/3ba0fff8d310/otl-recovery-1518/repo/build-source-cache/ghidra/ghidra_12.1.3_PUBLIC/Ghidra/Features/PyGhidra/ghidra_scripts
    /workspace/scratch/3ba0fff8d310/otl-recovery-1518/repo/build-source-cache/ghidra/ghidra_12.1.3_PUBLIC/Ghidra/Features/FileFormats/ghidra_scripts
    /workspace/scratch/3ba0fff8d310/otl-recovery-1518/repo/build-source-cache/ghidra/ghidra_12.1.3_PUBLIC/Ghidra/Features/Decompiler/ghidra_scripts
    /workspace/scratch/3ba0fff8d310/otl-recovery-1518/repo/build-source-cache/ghidra/ghidra_12.1.3_PUBLIC/Ghidra/Features/DecompilerDependent/ghidra_scripts
    /workspace/scratch/3ba0fff8d310/otl-recovery-1518/repo/build-source-cache/ghidra/ghidra_12.1.3_PUBLIC/Ghidra/Processors/8051/ghidra_scripts
    /workspace/scratch/3ba0fff8d310/otl-recovery-1518/repo/build-source-cache/ghidra/ghidra_12.1.3_PUBLIC/Ghidra/Features/FunctionID/ghidra_scripts
    /workspace/scratch/3ba0fff8d310/otl-recovery-1518/repo/build-source-cache/ghidra/ghidra_12.1.3_PUBLIC/Ghidra/Processors/JVM/ghidra_scripts (HeadlessAnalyzer)  
INFO  HEADLESS: execution starts (HeadlessAnalyzer)  
INFO  Opening existing project: /workspace/scratch/3ba0fff8d310/otl-recovery-1518/gameui-analysis/ghidra-project/GameUI (HeadlessAnalyzer)  
INFO  Opening project: /workspace/scratch/3ba0fff8d310/otl-recovery-1518/gameui-analysis/ghidra-project/GameUI (HeadlessProject)  
INFO  REPORT: Processing read-only project file: /Torchlight.bin.x86_64 (HeadlessAnalyzer)  
INFO  REPORT: Execute script: ExportExceptionRegions.java '/workspace/scratch/3ba0fff8d310/otl-recovery-1518/pipeline-integration-2464d59/research/night-audit-2026-10-06/eh-export/regions.json'  (HeadlessAnalyzer)  
INFO  SCRIPT: /workspace/scratch/3ba0fff8d310/otl-recovery-1518/pipeline-integration-2464d59/research/night-audit-2026-10-06/eh-export/ExportExceptionRegions.java (HeadlessAnalyzer)  
ERROR Can't create LSDA data @ 00000000. The address is not in the program's initialized memory!  CIE @ 01109a28 FDE @ 01109a48 (FrameDescriptionEntry)  
ERROR Can't create LSDA data @ 00000000. The address is not in the program's initialized memory!  CIE @ 01109a28 FDE @ 01109a60 (FrameDescriptionEntry)  
ERROR Can't create LSDA data @ 00000000. The address is not in the program's initialized memory!  CIE @ 01109a28 FDE @ 01109a78 (FrameDescriptionEntry)  
ERROR Can't create LSDA data @ 00000000. The address is not in the program's initialized memory!  CIE @ 01109a28 FDE @ 01109a90 (FrameDescriptionEntry)  
ERROR Can't create LSDA data @ 00000000. The address is not in the program's initialized memory!  CIE @ 01109a28 FDE @ 01109aa8 (FrameDescriptionEntry)  
ERROR Can't create LSDA data @ 00000000. The address is not in the program's initialized memory!  CIE @ 01109a28 FDE @ 01109ac0 (FrameDescriptionEntry)  
ERROR Can't create LSDA data @ 00000000. The address is not in the program's initialized memory!  CIE @ 01109a28 FDE @ 01109ad8 (FrameDescriptionEntry)  
ERROR Can't create LSDA data @ 00000000. The address is not in the program's initialized memory!  CIE @ 01109a28 FDE @ 01109af0 (FrameDescriptionEntry)  
ERROR Can't create LSDA data @ 00000000. The address is not in the program's initialized memory!  CIE @ 01109a28 FDE @ 01109b08 (FrameDescriptionEntry)  
ERROR Can't create LSDA data @ 00000000. The address is not in the program's initialized memory!  CIE @ 01109a28 FDE @ 01109b20 (FrameDescriptionEntry)  
ERROR Can't create LSDA data @ 00000000. The address is not in the program's initialized memory!  CIE @ 01109a28 FDE @ 01109b38 (FrameDescriptionEntry)  
ERROR Can't create LSDA data @ 00000000. The address is not in the program's initialized memory!  CIE @ 01109a28 FDE @ 01109b50 (FrameDescriptionEntry)  
ERROR Can't create LSDA data @ 00000000. The address is not in the program's initialized memory!  CIE @ 01109a28 FDE @ 01109b68 (FrameDescriptionEntry)  
ERROR Can't create LSDA data @ 00000000. The address is not in the program's initialized memory!  CIE @ 01109a28 FDE @ 01109b90 (FrameDescriptionEntry)  
ERROR Can't create LSDA data @ 00000000. The address is not in the program's initialized memory!  CIE @ 01109a28 FDE @ 01109ba8 (FrameDescriptionEntry)  
ERROR Can't create LSDA data @ 00000000. The address is not in the program's initialized memory!  CIE @ 01109a28 FDE @ 01109bc0 (FrameDescriptionEntry)  
ERROR Can't create LSDA data @ 00000000. The address is not in the program's initialized memory!  CIE @ 01109a28 FDE @ 01109be8 (FrameDescriptionEntry)  
ERROR Can't create LSDA data @ 00000000. The address is not in the program's initialized memory!  CIE @ 01109a28 FDE @ 01109c00 (FrameDescriptionEntry)  
ERROR Can't create LSDA data @ 00000000. The address is not in the program's initialized memory!  CIE @ 01109a28 FDE @ 01109c18 (FrameDescriptionEntry)  
ERROR Can't create LSDA data @ 00000000. The address is not in the program's initialized memory!  CIE @ 01109a28 FDE @ 01109c30 (FrameDescriptionEntry)  
ERROR Can't create LSDA data @ 00000000. The address is not in the program's initialized memory!  CIE @ 01109a28 FDE @ 01109c58 (FrameDescriptionEntry)  
ERROR Can't create LSDA data @ 00000000. The address is not in the program's initialized memory!  CIE @ 01109a28 FDE @ 01109c70 (FrameDescriptionEntry)  
ERROR Can't create LSDA data @ 00000000. The address is not in the program's initialized memory!  CIE @ 01109a28 FDE @ 01109c88 (FrameDescriptionEntry)  
ERROR Can't create LSDA data @ 00000000. The address is not in the program's initialized memory!  CIE @ 01109a28 FDE @ 01109ca0 (FrameDescriptionEntry)  
ERROR Can't create LSDA data @ 00000000. The address is not in the program's initialized memory!  CIE @ 01109a28 FDE @ 01109ce0 (FrameDescriptionEntry)  
ERROR Can't create LSDA data @ 00000000. The address is not in the program's initialized memory!  CIE @ 01109a28 FDE @ 01109d00 (FrameDescriptionEntry)  
ERROR Can't create LSDA data @ 00000000. The address is not in the program's initialized memory!  CIE @ 01109a28 FDE @ 01109d20 (FrameDescriptionEntry)  
ERROR Can't create LSDA data @ 00000000. The address is not in the program's initialized memory!  CIE @ 01109a28 FDE @ 01109d38 (FrameDescriptionEntry)  
ERROR Can't create LSDA data @ 00000000. The address is not in the program's initialized memory!  CIE @ 01109a28 FDE @ 01109d50 (FrameDescriptionEntry)  
ERROR Can't create LSDA data @ 00000000. The address is not in the program's initialized memory!  CIE @ 01109a28 FDE @ 01109d70 (FrameDescriptionEntry)  
ERROR Can't create LSDA data @ 00000000. The address is not in the program's initialized memory!  CIE @ 01109a28 FDE @ 01109d90 (FrameDescriptionEntry)  
ERROR Can't create LSDA data @ 00000000. The address is not in the program's initialized memory!  CIE @ 01109a28 FDE @ 01109db8 (FrameDescriptionEntry)  
ERROR Can't create LSDA data @ 00000000. The address is not in the program's initialized memory!  CIE @ 01109a28 FDE @ 01109dd8 (FrameDescriptionEntry)  
ERROR Can't create LSDA data @ 00000000. The address is not in the program's initialized memory!  CIE @ 01109a28 FDE @ 01109df0 (FrameDescriptionEntry)  
ERROR Can't create LSDA data @ 00000000. The address is not in the program's initialized memory!  CIE @ 01109a28 FDE @ 01109e10 (FrameDescriptionEntry)  
ERROR Can't create LSDA data @ 00000000. The address is not in the program's initialized memory!  CIE @ 01109a28 FDE @ 01109e28 (FrameDescriptionEntry)  
ERROR Can't create LSDA data @ 00000000. The address is not in the program's initialized memory!  CIE @ 01109a28 FDE @ 01109e40 (FrameDescriptionEntry)  
ERROR Can't create LSDA data @ 00000000. The address is not in the program's initialized memory!  CIE @ 01109a28 FDE @ 01109e58 (FrameDescriptionEntry)  
ERROR Can't create LSDA data @ 00000000. The address is not in the program's initialized memory!  CIE @ 01109a28 FDE @ 01109e80 (FrameDescriptionEntry)  
ERROR Can't create LSDA data @ 00000000. The address is not in the program's initialized memory!  CIE @ 01109a28 FDE @ 01109ea0 (FrameDescriptionEntry)  
ERROR Can't create LSDA data @ 00000000. The address is not in the program's initialized memory!  CIE @ 01109a28 FDE @ 01109ec8 (FrameDescriptionEntry)  
ERROR Can't create LSDA data @ 00000000. The address is not in the program's initialized memory!  CIE @ 01109a28 FDE @ 01109ee8 (FrameDescriptionEntry)  
ERROR Can't create LSDA data @ 00000000. The address is not in the program's initialized memory!  CIE @ 01109a28 FDE @ 01109f78 (FrameDescriptionEntry)  
ERROR Can't create LSDA data @ 00000000. The address is not in the program's initialized memory!  CIE @ 01109a28 FDE @ 01109f98 (FrameDescriptionEntry)  
ERROR Can't create LSDA data @ 00000000. The address is not in the program's initialized memory!  CIE @ 01109a28 FDE @ 01109fb8 (FrameDescriptionEntry)  
ERROR Can't create LSDA data @ 00000000. The address is not in the program's initialized memory!  CIE @ 01109a28 FDE @ 01109fe0 (FrameDescriptionEntry)  
ERROR Can't create LSDA data @ 00000000. The address is not in the program's initialized memory!  CIE @ 01109a28 FDE @ 0110a008 (FrameDescriptionEntry)  
ERROR Can't create LSDA data @ 00000000. The address is not in the program's initialized memory!  CIE @ 01109a28 FDE @ 0110a020 (FrameDescriptionEntry)  
ERROR Can't create LSDA data @ 00000000. The address is not in the program's initialized memory!  CIE @ 01109a28 FDE @ 0110a038 (FrameDescriptionEntry)  
ERROR Can't create LSDA data @ 00000000. The address is not in the program's initialized memory!  CIE @ 01109a28 FDE @ 0110a058 (FrameDescriptionEntry)  
ERROR Can't create LSDA data @ 00000000. The address is not in the program's initialized memory!  CIE @ 01109a28 FDE @ 0110a078 (FrameDescriptionEntry)  
ERROR Can't create LSDA data @ 00000000. The address is not in the program's initialized memory!  CIE @ 01109a28 FDE @ 0110a090 (FrameDescriptionEntry)  
ERROR Can't create LSDA data @ 00000000. The address is not in the program's initialized memory!  CIE @ 01109a28 FDE @ 0110a0a8 (FrameDescriptionEntry)  
ERROR Can't create LSDA data @ 00000000. The address is not in the program's initialized memory!  CIE @ 01109a28 FDE @ 0110a0c8 (FrameDescriptionEntry)  
ERROR Can't create LSDA data @ 00000000. The address is not in the program's initialized memory!  CIE @ 01109a28 FDE @ 0110a0e0 (FrameDescriptionEntry)  
ERROR Can't create LSDA data @ 00000000. The address is not in the program's initialized memory!  CIE @ 01109a28 FDE @ 0110a108 (FrameDescriptionEntry)  
ERROR Can't create LSDA data @ 00000000. The address is not in the program's initialized memory!  CIE @ 01109a28 FDE @ 0110a128 (FrameDescriptionEntry)  
ERROR Can't create LSDA data @ 00000000. The address is not in the program's initialized memory!  CIE @ 01109a28 FDE @ 0110a150 (FrameDescriptionEntry)  
ERROR Can't create LSDA data @ 00000000. The address is not in the program's initialized memory!  CIE @ 01109a28 FDE @ 0110a168 (FrameDescriptionEntry)  
ERROR Can't create LSDA data @ 00000000. The address is not in the program's initialized memory!  CIE @ 01109a28 FDE @ 0110a180 (FrameDescriptionEntry)  
ERROR Can't create LSDA data @ 00000000. The address is not in the program's initialized memory!  CIE @ 01109a28 FDE @ 0110a198 (FrameDescriptionEntry)  
ERROR Can't create LSDA data @ 00000000. The address is not in the program's initialized memory!  CIE @ 01109a28 FDE @ 0110a1b0 (FrameDescriptionEntry)  
ERROR Can't create LSDA data @ 00000000. The address is not in the program's initialized memory!  CIE @ 01109a28 FDE @ 0110a1c8 (FrameDescriptionEntry)  
ERROR Can't create LSDA data @ 00000000. The address is not in the program's initialized memory!  CIE @ 01109a28 FDE @ 0110a1e8 (FrameDescriptionEntry)  
ERROR Can't create LSDA data @ 00000000. The address is not in the program's initialized memory!  CIE @ 01109a28 FDE @ 0110a200 (FrameDescriptionEntry)  
ERROR Can't create LSDA data @ 00000000. The address is not in the program's initialized memory!  CIE @ 01109a28 FDE @ 0110a218 (FrameDescriptionEntry)  
ERROR Can't create LSDA data @ 00000000. The address is not in the program's initialized memory!  CIE @ 01109a28 FDE @ 0110a230 (FrameDescriptionEntry)  
ERROR Can't create LSDA data @ 00000000. The address is not in the program's initialized memory!  CIE @ 01109a28 FDE @ 0110a248 (FrameDescriptionEntry)  
ERROR Can't create LSDA data @ 00000000. The address is not in the program's initialized memory!  CIE @ 01109a28 FDE @ 0110a260 (FrameDescriptionEntry)  
ERROR Can't create LSDA data @ 00000000. The address is not in the program's initialized memory!  CIE @ 01109a28 FDE @ 0110a280 (FrameDescriptionEntry)  
ERROR Can't create LSDA data @ 00000000. The address is not in the program's initialized memory!  CIE @ 01109a28 FDE @ 0110a2a8 (FrameDescriptionEntry)  
ERROR Can't create LSDA data @ 00000000. The address is not in the program's initialized memory!  CIE @ 01109a28 FDE @ 0110a2d0 (FrameDescriptionEntry)  
ERROR Can't create LSDA data @ 00000000. The address is not in the program's initialized memory!  CIE @ 01109a28 FDE @ 0110a2f0 (FrameDescriptionEntry)  
ERROR Can't create LSDA data @ 00000000. The address is not in the program's initialized memory!  CIE @ 01109a28 FDE @ 0110a310 (FrameDescriptionEntry)  
ERROR Can't create LSDA data @ 00000000. The address is not in the program's initialized memory!  CIE @ 01109a28 FDE @ 0110a340 (FrameDescriptionEntry)  
ERROR Can't create LSDA data @ 00000000. The address is not in the program's initialized memory!  CIE @ 01109a28 FDE @ 0110a368 (FrameDescriptionEntry)  
ERROR Can't create LSDA data @ 00000000. The address is not in the program's initialized memory!  CIE @ 01109a28 FDE @ 0110a388 (FrameDescriptionEntry)  
ERROR Can't create LSDA data @ 00000000. The address is not in the program's initialized memory!  CIE @ 01109a28 FDE @ 0110a3f8 (FrameDescriptionEntry)  
ERROR Can't create LSDA data @ 00000000. The address is not in the program's initialized memory!  CIE @ 01109a28 FDE @ 0110a418 (FrameDescriptionEntry)  
ERROR Can't create LSDA data @ 00000000. The address is not in the program's initialized memory!  CIE @ 01109a28 FDE @ 0110a450 (FrameDescriptionEntry)  
ERROR Can't create LSDA data @ 00000000. The address is not in the program's initialized memory!  CIE @ 01109a28 FDE @ 0110a470 (FrameDescriptionEntry)  
ERROR Can't create LSDA data @ 00000000. The address is not in the program's initialized memory!  CIE @ 01109a28 FDE @ 0110a498 (FrameDescriptionEntry)  
ERROR Can't create LSDA data @ 00000000. The address is not in the program's initialized memory!  CIE @ 01109a28 FDE @ 0110a4b8 (FrameDescriptionEntry)  
ERROR Can't create LSDA data @ 00000000. The address is not in the program's initialized memory!  CIE @ 01109a28 FDE @ 0110a4e0 (FrameDescriptionEntry)  
ERROR Can't create LSDA data @ 00000000. The address is not in the program's initialized memory!  CIE @ 01109a28 FDE @ 0110a4f8 (FrameDescriptionEntry)  
ERROR Can't create LSDA data @ 00000000. The address is not in the program's initialized memory!  CIE @ 01109a28 FDE @ 0110a588 (FrameDescriptionEntry)  
ERROR Can't create LSDA data @ 00000000. The address is not in the program's initialized memory!  CIE @ 01109a28 FDE @ 0110a5a0 (FrameDescriptionEntry)  
ERROR Can't create LSDA data @ 00000000. The address is not in the program's initialized memory!  CIE @ 01109a28 FDE @ 0110a5b8 (FrameDescriptionEntry)  
ERROR Can't create LSDA data @ 00000000. The address is not in the program's initialized memory!  CIE @ 01109a28 FDE @ 0110a5d0 (FrameDescriptionEntry)  
ERROR Can't create LSDA data @ 00000000. The address is not in the program's initialized memory!  CIE @ 01109a28 FDE @ 0110a5e8 (FrameDescriptionEntry)  
ERROR Can't create LSDA data @ 00000000. The address is not in the program's initialized memory!  CIE @ 01109a28 FDE @ 0110a600 (FrameDescriptionEntry)  
ERROR Can't create LSDA data @ 00000000. The address is not in the program's initialized memory!  CIE @ 01109a28 FDE @ 0110a618 (FrameDescriptionEntry)  
ERROR Can't create LSDA data @ 00000000. The address is not in the program's initialized memory!  CIE @ 01109a28 FDE @ 0110a630 (FrameDescriptionEntry)  
ERROR Can't create LSDA data @ 00000000. The address is not in the program's initialized memory!  CIE @ 01109a28 FDE @ 0110a650 (FrameDescriptionEntry)  
ERROR Can't create LSDA data @ 00000000. The address is not in the program's initialized memory!  CIE @ 01109a28 FDE @ 0110a668 (FrameDescriptionEntry)  
ERROR Can't create LSDA data @ 00000000. The address is not in the program's initialized memory!  CIE @ 01109a28 FDE @ 0110a688 (FrameDescriptionEntry)  
ERROR Can't create LSDA data @ 00000000. The address is not in the program's initialized memory!  CIE @ 01109a28 FDE @ 0110a6a8 (FrameDescriptionEntry)  
ERROR Can't create LSDA data @ 00000000. The address is not in the program's initialized memory!  CIE @ 01109a28 FDE @ 0110a6c0 (FrameDescriptionEntry)  
ERROR Can't create LSDA data @ 00000000. The address is not in the program's initialized memory!  CIE @ 01109a28 FDE @ 0110a6d8 (FrameDescriptionEntry)  
ERROR Can't create LSDA data @ 00000000. The address is not in the program's initialized memory!  CIE @ 01109a28 FDE @ 0110a6f0 (FrameDescriptionEntry)  
ERROR Can't create LSDA data @ 00000000. The address is not in the program's initialized memory!  CIE @ 01109a28 FDE @ 0110a708 (FrameDescriptionEntry)  
ERROR Can't create LSDA data @ 00000000. The address is not in the program's initialized memory!  CIE @ 01109a28 FDE @ 0110a728 (FrameDescriptionEntry)  
ERROR Can't create LSDA data @ 00000000. The address is not in the program's initialized memory!  CIE @ 01109a28 FDE @ 0110a750 (FrameDescriptionEntry)  
ERROR Can't create LSDA data @ 00000000. The address is not in the program's initialized memory!  CIE @ 01109a28 FDE @ 0110a768 (FrameDescriptionEntry)  
ERROR Can't create LSDA data @ 00000000. The address is not in the program's initialized memory!  CIE @ 01109a28 FDE @ 0110a788 (FrameDescriptionEntry)  
ERROR Can't create LSDA data @ 00000000. The address is not in the program's initialized memory!  CIE @ 01109a28 FDE @ 0110a7a8 (FrameDescriptionEntry)  
ERROR Can't create LSDA data @ 00000000. The address is not in the program's initialized memory!  CIE @ 01109a28 FDE @ 0110a7c0 (FrameDescriptionEntry)  
ERROR Can't create LSDA data @ 00000000. The address is not in the program's initialized memory!  CIE @ 01109a28 FDE @ 0110a7e8 (FrameDescriptionEntry)  
ERROR Can't create LSDA data @ 00000000. The address is not in the program's initialized memory!  CIE @ 01109a28 FDE @ 0110a808 (FrameDescriptionEntry)  
ERROR Can't create LSDA data @ 00000000. The address is not in the program's initialized memory!  CIE @ 01109a28 FDE @ 0110a830 (FrameDescriptionEntry)  
ERROR Can't create LSDA data @ 00000000. The address is not in the program's initialized memory!  CIE @ 01109a28 FDE @ 0110a850 (FrameDescriptionEntry)  
ERROR Can't create LSDA data @ 00000000. The address is not in the program's initialized memory!  CIE @ 01109a28 FDE @ 0110a870 (FrameDescriptionEntry)  
ERROR Can't create LSDA data @ 00000000. The address is not in the program's initialized memory!  CIE @ 01109a28 FDE @ 0110a888 (FrameDescriptionEntry)  
ERROR Can't create LSDA data @ 00000000. The address is not in the program's initialized memory!  CIE @ 01109a28 FDE @ 0110a8a8 (FrameDescriptionEntry)  
ERROR Can't create LSDA data @ 00000000. The address is not in the program's initialized memory!  CIE @ 01109a28 FDE @ 0110a8d0 (FrameDescriptionEntry)  
ERROR Can't create LSDA data @ 00000000. The address is not in the program's initialized memory!  CIE @ 01109a28 FDE @ 0110a8f8 (FrameDescriptionEntry)  
ERROR Can't create LSDA data @ 00000000. The address is not in the program's initialized memory!  CIE @ 01109a28 FDE @ 0110a918 (FrameDescriptionEntry)  
ERROR Can't create LSDA data @ 00000000. The address is not in the program's initialized memory!  CIE @ 01109a28 FDE @ 0110a930 (FrameDescriptionEntry)  
ERROR Can't create LSDA data @ 00000000. The address is not in the program's initialized memory!  CIE @ 01109a28 FDE @ 0110a948 (FrameDescriptionEntry)  
ERROR Can't create LSDA data @ 00000000. The address is not in the program's initialized memory!  CIE @ 01109a28 FDE @ 0110a978 (FrameDescriptionEntry)  
ERROR Can't create LSDA data @ 00000000. The address is not in the program's initialized memory!  CIE @ 01109a28 FDE @ 0110a990 (FrameDescriptionEntry)  
ERROR Can't create LSDA data @ 00000000. The address is not in the program's initialized memory!  CIE @ 01109a28 FDE @ 0110a9a8 (FrameDescriptionEntry)  
ERROR Can't create LSDA data @ 00000000. The address is not in the program's initialized memory!  CIE @ 01109a28 FDE @ 0110a9d8 (FrameDescriptionEntry)  
ERROR Can't create LSDA data @ 00000000. The address is not in the program's initialized memory!  CIE @ 01109a28 FDE @ 0110a9f8 (FrameDescriptionEntry)  
ERROR Can't create LSDA data @ 00000000. The address is not in the program's initialized memory!  CIE @ 01109a28 FDE @ 0110aa10 (FrameDescriptionEntry)  
ERROR Can't create LSDA data @ 00000000. The address is not in the program's initialized memory!  CIE @ 01109a28 FDE @ 0110aa30 (FrameDescriptionEntry)  
ERROR Can't create LSDA data @ 00000000. The address is not in the program's initialized memory!  CIE @ 01109a28 FDE @ 0110aa48 (FrameDescriptionEntry)  
ERROR Can't create LSDA data @ 00000000. The address is not in the program's initialized memory!  CIE @ 01109a28 FDE @ 0110aa60 (FrameDescriptionEntry)  
ERROR Can't create LSDA data @ 00000000. The address is not in the program's initialized memory!  CIE @ 01109a28 FDE @ 0110aa88 (FrameDescriptionEntry)  
ERROR Can't create LSDA data @ 00000000. The address is not in the program's initialized memory!  CIE @ 01109a28 FDE @ 0110aac0 (FrameDescriptionEntry)  
ERROR Can't create LSDA data @ 00000000. The address is not in the program's initialized memory!  CIE @ 01109a28 FDE @ 0110aae8 (FrameDescriptionEntry)  
ERROR Can't create LSDA data @ 00000000. The address is not in the program's initialized memory!  CIE @ 01109a28 FDE @ 0110ab08 (FrameDescriptionEntry)  
ERROR Can't create LSDA data @ 00000000. The address is not in the program's initialized memory!  CIE @ 01109a28 FDE @ 0110ab28 (FrameDescriptionEntry)  
ERROR Can't create LSDA data @ 00000000. The address is not in the program's initialized memory!  CIE @ 01109a28 FDE @ 0110ab48 (FrameDescriptionEntry)  
ERROR Can't create LSDA data @ 00000000. The address is not in the program's initialized memory!  CIE @ 01109a28 FDE @ 0110ab78 (FrameDescriptionEntry)  
ERROR Can't create LSDA data @ 00000000. The address is not in the program's initialized memory!  CIE @ 01109a28 FDE @ 0110ab98 (FrameDescriptionEntry)  
ERROR Can't create LSDA data @ 00000000. The address is not in the program's initialized memory!  CIE @ 01109a28 FDE @ 0110abc0 (FrameDescriptionEntry)  
ERROR Can't create LSDA data @ 00000000. The address is not in the program's initialized memory!  CIE @ 01109a28 FDE @ 0110abe8 (FrameDescriptionEntry)  
ERROR Can't create LSDA data @ 00000000. The address is not in the program's initialized memory!  CIE @ 01109a28 FDE @ 0110ac08 (FrameDescriptionEntry)  
ERROR Can't create LSDA data @ 00000000. The address is not in the program's initialized memory!  CIE @ 01109a28 FDE @ 0110ac28 (FrameDescriptionEntry)  
ERROR Can't create LSDA data @ 00000000. The address is not in the program's initialized memory!  CIE @ 01109a28 FDE @ 0110ac48 (FrameDescriptionEntry)  
ERROR Can't create LSDA data @ 00000000. The address is not in the program's initialized memory!  CIE @ 01109a28 FDE @ 0110ac68 (FrameDescriptionEntry)  
ERROR Can't create LSDA data @ 00000000. The address is not in the program's initialized memory!  CIE @ 01109a28 FDE @ 0110ac88 (FrameDescriptionEntry)  
ERROR Can't create LSDA data @ 00000000. The address is not in the program's initialized memory!  CIE @ 01109a28 FDE @ 0110aca8 (FrameDescriptionEntry)  
ERROR Can't create LSDA data @ 00000000. The address is not in the program's initialized memory!  CIE @ 01109a28 FDE @ 0110acc8 (FrameDescriptionEntry)  
ERROR Can't create LSDA data @ 00000000. The address is not in the program's initialized memory!  CIE @ 01109a28 FDE @ 0110ad00 (FrameDescriptionEntry)  
ERROR Can't create LSDA data @ 00000000. The address is not in the program's initialized memory!  CIE @ 01109a28 FDE @ 0110ad28 (FrameDescriptionEntry)  
ERROR Can't create LSDA data @ 00000000. The address is not in the program's initialized memory!  CIE @ 01109a28 FDE @ 0110ad40 (FrameDescriptionEntry)  
ERROR Can't create LSDA data @ 00000000. The address is not in the program's initialized memory!  CIE @ 01109a28 FDE @ 0110ad60 (FrameDescriptionEntry)  
ERROR Can't create LSDA data @ 00000000. The address is not in the program's initialized memory!  CIE @ 01109a28 FDE @ 0110ad88 (FrameDescriptionEntry)  
ERROR Can't create LSDA data @ 00000000. The address is not in the program's initialized memory!  CIE @ 01109a28 FDE @ 0110ada8 (FrameDescriptionEntry)  
ERROR Can't create LSDA data @ 00000000. The address is not in the program's initialized memory!  CIE @ 01109a28 FDE @ 0110adc8 (FrameDescriptionEntry)  
ERROR Can't create LSDA data @ 00000000. The address is not in the program's initialized memory!  CIE @ 01109a28 FDE @ 0110ade8 (FrameDescriptionEntry)  
ERROR Can't create LSDA data @ 00000000. The address is not in the program's initialized memory!  CIE @ 01109a28 FDE @ 0110ae08 (FrameDescriptionEntry)  
ERROR Can't create LSDA data @ 00000000. The address is not in the program's initialized memory!  CIE @ 01109a28 FDE @ 0110ae20 (FrameDescriptionEntry)  
ERROR Can't create LSDA data @ 00000000. The address is not in the program's initialized memory!  CIE @ 01109a28 FDE @ 0110ae38 (FrameDescriptionEntry)  
ERROR Can't create LSDA data @ 00000000. The address is not in the program's initialized memory!  CIE @ 01109a28 FDE @ 0110ae60 (FrameDescriptionEntry)  
ERROR Can't create LSDA data @ 00000000. The address is not in the program's initialized memory!  CIE @ 01109a28 FDE @ 0110ae80 (FrameDescriptionEntry)  
ERROR Can't create LSDA data @ 00000000. The address is not in the program's initialized memory!  CIE @ 01109a28 FDE @ 0110aea8 (FrameDescriptionEntry)  
ERROR Can't create LSDA data @ 00000000. The address is not in the program's initialized memory!  CIE @ 01109a28 FDE @ 0110aed0 (FrameDescriptionEntry)  
ERROR Can't create LSDA data @ 00000000. The address is not in the program's initialized memory!  CIE @ 01109a28 FDE @ 0110aef8 (FrameDescriptionEntry)  
ERROR Can't create LSDA data @ 00000000. The address is not in the program's initialized memory!  CIE @ 01109a28 FDE @ 0110af50 (FrameDescriptionEntry)  
ERROR Can't create LSDA data @ 00000000. The address is not in the program's initialized memory!  CIE @ 01109a28 FDE @ 0110af80 (FrameDescriptionEntry)  
ERROR Can't create LSDA data @ 00000000. The address is not in the program's initialized memory!  CIE @ 01109a28 FDE @ 0110afa0 (FrameDescriptionEntry)  
ERROR Can't create LSDA data @ 00000000. The address is not in the program's initialized memory!  CIE @ 01109a28 FDE @ 0110afc0 (FrameDescriptionEntry)  
ERROR Can't create LSDA data @ 00000000. The address is not in the program's initialized memory!  CIE @ 01109a28 FDE @ 0110aff0 (FrameDescriptionEntry)  
ERROR Can't create LSDA data @ 00000000. The address is not in the program's initialized memory!  CIE @ 01109a28 FDE @ 0110b020 (FrameDescriptionEntry)  
ERROR Can't create LSDA data @ 00000000. The address is not in the program's initialized memory!  CIE @ 01109a28 FDE @ 0110b048 (FrameDescriptionEntry)  
ERROR Can't create LSDA data @ 00000000. The address is not in the program's initialized memory!  CIE @ 01109a28 FDE @ 0110b068 (FrameDescriptionEntry)  
ERROR Can't create LSDA data @ 00000000. The address is not in the program's initialized memory!  CIE @ 01109a28 FDE @ 0110b088 (FrameDescriptionEntry)  
ERROR Can't create LSDA data @ 00000000. The address is not in the program's initialized memory!  CIE @ 01109a28 FDE @ 0110b0d8 (FrameDescriptionEntry)  
ERROR Can't create LSDA data @ 00000000. The address is not in the program's initialized memory!  CIE @ 01109a28 FDE @ 0110b180 (FrameDescriptionEntry)  
ERROR Can't create LSDA data @ 00000000. The address is not in the program's initialized memory!  CIE @ 01109a28 FDE @ 0110b1a8 (FrameDescriptionEntry)  
ERROR Can't create LSDA data @ 00000000. The address is not in the program's initialized memory!  CIE @ 01109a28 FDE @ 0110b1d8 (FrameDescriptionEntry)  
ERROR Can't create LSDA data @ 00000000. The address is not in the program's initialized memory!  CIE @ 01109a28 FDE @ 0110b1f8 (FrameDescriptionEntry)  
ERROR Can't create LSDA data @ 00000000. The address is not in the program's initialized memory!  CIE @ 01109a28 FDE @ 0110b220 (FrameDescriptionEntry)  
ERROR Can't create LSDA data @ 00000000. The address is not in the program's initialized memory!  CIE @ 01109a28 FDE @ 0110b240 (FrameDescriptionEntry)  
ERROR Can't create LSDA data @ 00000000. The address is not in the program's initialized memory!  CIE @ 01109a28 FDE @ 0110b260 (FrameDescriptionEntry)  
ERROR Can't create LSDA data @ 00000000. The address is not in the program's initialized memory!  CIE @ 01109a28 FDE @ 0110b280 (FrameDescriptionEntry)  
ERROR Can't create LSDA data @ 00000000. The address is not in the program's initialized memory!  CIE @ 01109a28 FDE @ 0110b2c0 (FrameDescriptionEntry)  
ERROR Can't create LSDA data @ 00000000. The address is not in the program's initialized memory!  CIE @ 01109a28 FDE @ 0110b2e0 (FrameDescriptionEntry)  
ERROR Can't create LSDA data @ 00000000. The address is not in the program's initialized memory!  CIE @ 01109a28 FDE @ 0110b300 (FrameDescriptionEntry)  
ERROR Can't create LSDA data @ 00000000. The address is not in the program's initialized memory!  CIE @ 01109a28 FDE @ 0110b398 (FrameDescriptionEntry)  
ERROR Can't create LSDA data @ 00000000. The address is not in the program's initialized memory!  CIE @ 01109a28 FDE @ 0110b3d0 (FrameDescriptionEntry)  
ERROR Can't create LSDA data @ 00000000. The address is not in the program's initialized memory!  CIE @ 01109a28 FDE @ 0110b3e8 (FrameDescriptionEntry)  
ERROR Can't create LSDA data @ 00000000. The address is not in the program's initialized memory!  CIE @ 01109a28 FDE @ 0110b400 (FrameDescriptionEntry)  
ERROR Can't create LSDA data @ 00000000. The address is not in the program's initialized memory!  CIE @ 01109a28 FDE @ 0110b418 (FrameDescriptionEntry)  
ERROR Can't create LSDA data @ 00000000. The address is not in the program's initialized memory!  CIE @ 01109a28 FDE @ 0110b438 (FrameDescriptionEntry)  
ERROR Can't create LSDA data @ 00000000. The address is not in the program's initialized memory!  CIE @ 01109a28 FDE @ 0110b450 (FrameDescriptionEntry)  
ERROR Can't create LSDA data @ 00000000. The address is not in the program's initialized memory!  CIE @ 01109a28 FDE @ 0110b468 (FrameDescriptionEntry)  
ERROR Can't create LSDA data @ 00000000. The address is not in the program's initialized memory!  CIE @ 01109a28 FDE @ 0110b480 (FrameDescriptionEntry)  
ERROR Can't create LSDA data @ 00000000. The address is not in the program's initialized memory!  CIE @ 01109a28 FDE @ 0110b498 (FrameDescriptionEntry)  
ERROR Can't create LSDA data @ 00000000. The address is not in the program's initialized memory!  CIE @ 01109a28 FDE @ 0110b4b0 (FrameDescriptionEntry)  
ERROR Can't create LSDA data @ 00000000. The address is not in the program's initialized memory!  CIE @ 01109a28 FDE @ 0110b4c8 (FrameDescriptionEntry)  
ERROR Can't create LSDA data @ 00000000. The address is not in the program's initialized memory!  CIE @ 01109a28 FDE @ 0110b4e8 (FrameDescriptionEntry)  
ERROR Can't create LSDA data @ 00000000. The address is not in the program's initialized memory!  CIE @ 01109a28 FDE @ 0110b500 (FrameDescriptionEntry)  
ERROR Can't create LSDA data @ 00000000. The address is not in the program's initialized memory!  CIE @ 01109a28 FDE @ 0110b520 (FrameDescriptionEntry)  
ERROR Can't create LSDA data @ 00000000. The address is not in the program's initialized memory!  CIE @ 01109a28 FDE @ 0110b538 (FrameDescriptionEntry)  
ERROR Can't create LSDA data @ 00000000. The address is not in the program's initialized memory!  CIE @ 01109a28 FDE @ 0110b580 (FrameDescriptionEntry)  
ERROR Can't create LSDA data @ 00000000. The address is not in the program's initialized memory!  CIE @ 01109a28 FDE @ 0110b5a8 (FrameDescriptionEntry)  
ERROR Can't create LSDA data @ 00000000. The address is not in the program's initialized memory!  CIE @ 01109a28 FDE @ 0110b5c0 (FrameDescriptionEntry)  
ERROR Can't create LSDA data @ 00000000. The address is not in the program's initialized memory!  CIE @ 01109a28 FDE @ 0110b5e0 (FrameDescriptionEntry)  
ERROR Can't create LSDA data @ 00000000. The address is not in the program's initialized memory!  CIE @ 01109a28 FDE @ 0110b600 (FrameDescriptionEntry)  
ERROR Can't create LSDA data @ 00000000. The address is not in the program's initialized memory!  CIE @ 01109a28 FDE @ 0110b620 (FrameDescriptionEntry)  
ERROR Can't create LSDA data @ 00000000. The address is not in the program's initialized memory!  CIE @ 01109a28 FDE @ 0110b638 (FrameDescriptionEntry)  
ERROR Can't create LSDA data @ 00000000. The address is not in the program's initialized memory!  CIE @ 01109a28 FDE @ 0110b650 (FrameDescriptionEntry)  
ERROR Can't create LSDA data @ 00000000. The address is not in the program's initialized memory!  CIE @ 01109a28 FDE @ 0110b668 (FrameDescriptionEntry)  
ERROR Can't create LSDA data @ 00000000. The address is not in the program's initialized memory!  CIE @ 01109a28 FDE @ 0110b680 (FrameDescriptionEntry)  
ERROR Can't create LSDA data @ 00000000. The address is not in the program's initialized memory!  CIE @ 01109a28 FDE @ 0110b698 (FrameDescriptionEntry)  
ERROR Can't create LSDA data @ 00000000. The address is not in the program's initialized memory!  CIE @ 01109a28 FDE @ 0110b6b0 (FrameDescriptionEntry)  
ERROR Can't create LSDA data @ 00000000. The address is not in the program's initialized memory!  CIE @ 01109a28 FDE @ 0110b6c8 (FrameDescriptionEntry)  
ERROR Can't create LSDA data @ 00000000. The address is not in the program's initialized memory!  CIE @ 01109a28 FDE @ 0110b6e0 (FrameDescriptionEntry)  
ERROR Can't create LSDA data @ 00000000. The address is not in the program's initialized memory!  CIE @ 01109a28 FDE @ 0110b720 (FrameDescriptionEntry)  
ERROR Can't create LSDA data @ 00000000. The address is not in the program's initialized memory!  CIE @ 01109a28 FDE @ 0110b740 (FrameDescriptionEntry)  
ERROR Can't create LSDA data @ 00000000. The address is not in the program's initialized memory!  CIE @ 01109a28 FDE @ 0110b760 (FrameDescriptionEntry)  
ERROR Can't create LSDA data @ 00000000. The address is not in the program's initialized memory!  CIE @ 01109a28 FDE @ 0110b780 (FrameDescriptionEntry)  
ERROR Can't create LSDA data @ 00000000. The address is not in the program's initialized memory!  CIE @ 01109a28 FDE @ 0110b7a0 (FrameDescriptionEntry)  
ERROR Can't create LSDA data @ 00000000. The address is not in the program's initialized memory!  CIE @ 01109a28 FDE @ 0110b7c0 (FrameDescriptionEntry)  
ERROR Can't create LSDA data @ 00000000. The address is not in the program's initialized memory!  CIE @ 01109a28 FDE @ 0110b7e0 (FrameDescriptionEntry)  
ERROR Can't create LSDA data @ 00000000. The address is not in the program's initialized memory!  CIE @ 01109a28 FDE @ 0110b800 (FrameDescriptionEntry)  
ERROR Can't create LSDA data @ 00000000. The address is not in the program's initialized memory!  CIE @ 01109a28 FDE @ 0110b820 (FrameDescriptionEntry)  
ERROR Can't create LSDA data @ 00000000. The address is not in the program's initialized memory!  CIE @ 01109a28 FDE @ 0110b840 (FrameDescriptionEntry)  
ERROR Can't create LSDA data @ 00000000. The address is not in the program's initialized memory!  CIE @ 01109a28 FDE @ 0110b860 (FrameDescriptionEntry)  
ERROR Can't create LSDA data @ 00000000. The address is not in the program's initialized memory!  CIE @ 01109a28 FDE @ 0110b880 (FrameDescriptionEntry)  
ERROR Can't create LSDA data @ 00000000. The address is not in the program's initialized memory!  CIE @ 01109a28 FDE @ 0110b8a0 (FrameDescriptionEntry)  
ERROR Can't create LSDA data @ 00000000. The address is not in the program's initialized memory!  CIE @ 01109a28 FDE @ 0110b8c8 (FrameDescriptionEntry)  
ERROR Can't create LSDA data @ 00000000. The address is not in the program's initialized memory!  CIE @ 01109a28 FDE @ 0110bb70 (FrameDescriptionEntry)  
ERROR Can't create LSDA data @ 00000000. The address is not in the program's initialized memory!  CIE @ 01109a28 FDE @ 0110bb88 (FrameDescriptionEntry)  
ERROR Can't create LSDA data @ 00000000. The address is not in the program's initialized memory!  CIE @ 01109a28 FDE @ 0110bbd0 (FrameDescriptionEntry)  
ERROR Can't create LSDA data @ 00000000. The address is not in the program's initialized memory!  CIE @ 01109a28 FDE @ 0110bbf0 (FrameDescriptionEntry)  
ERROR Can't create LSDA data @ 00000000. The address is not in the program's initialized memory!  CIE @ 01109a28 FDE @ 0110bc10 (FrameDescriptionEntry)  
ERROR Can't create LSDA data @ 00000000. The address is not in the program's initialized memory!  CIE @ 01109a28 FDE @ 0110bc30 (FrameDescriptionEntry)  
ERROR Can't create LSDA data @ 00000000. The address is not in the program's initialized memory!  CIE @ 01109a28 FDE @ 0110bc58 (FrameDescriptionEntry)  
ERROR Can't create LSDA data @ 00000000. The address is not in the program's initialized memory!  CIE @ 01109a28 FDE @ 0110bc70 (FrameDescriptionEntry)  
ERROR Can't create LSDA data @ 00000000. The address is not in the program's initialized memory!  CIE @ 01109a28 FDE @ 0110bc88 (FrameDescriptionEntry)  
ERROR Can't create LSDA data @ 00000000. The address is not in the program's initialized memory!  CIE @ 01109a28 FDE @ 0110bca0 (FrameDescriptionEntry)  
ERROR Can't create LSDA data @ 00000000. The address is not in the program's initialized memory!  CIE @ 01109a28 FDE @ 0110c4a8 (FrameDescriptionEntry)  
ERROR Can't create LSDA data @ 00000000. The address is not in the program's initialized memory!  CIE @ 01109a28 FDE @ 0110c4c0 (FrameDescriptionEntry)  
ERROR Can't create LSDA data @ 00000000. The address is not in the program's initialized memory!  CIE @ 01109a28 FDE @ 0110c4d8 (FrameDescriptionEntry)  
ERROR Can't create LSDA data @ 00000000. The address is not in the program's initialized memory!  CIE @ 01109a28 FDE @ 0110c4f0 (FrameDescriptionEntry)  
ERROR Can't create LSDA data @ 00000000. The address is not in the program's initialized memory!  CIE @ 01109a28 FDE @ 0110c510 (FrameDescriptionEntry)  
ERROR Can't create LSDA data @ 00000000. The address is not in the program's initialized memory!  CIE @ 01109a28 FDE @ 0110c528 (FrameDescriptionEntry)  
ERROR Can't create LSDA data @ 00000000. The address is not in the program's initialized memory!  CIE @ 01109a28 FDE @ 0110c588 (FrameDescriptionEntry)  
ERROR Can't create LSDA data @ 00000000. The address is not in the program's initialized memory!  CIE @ 01109a28 FDE @ 0110c5a8 (FrameDescriptionEntry)  
ERROR Can't create LSDA data @ 00000000. The address is not in the program's initialized memory!  CIE @ 01109a28 FDE @ 0110c5c0 (FrameDescriptionEntry)  
ERROR Can't create LSDA data @ 00000000. The address is not in the program's initialized memory!  CIE @ 01109a28 FDE @ 0110c5f8 (FrameDescriptionEntry)  
ERROR Can't create LSDA data @ 00000000. The address is not in the program's initialized memory!  CIE @ 01109a28 FDE @ 0110c620 (FrameDescriptionEntry)  
ERROR Can't create LSDA data @ 00000000. The address is not in the program's initialized memory!  CIE @ 01109a28 FDE @ 0110c640 (FrameDescriptionEntry)  
ERROR Can't create LSDA data @ 00000000. The address is not in the program's initialized memory!  CIE @ 01109a28 FDE @ 0110c660 (FrameDescriptionEntry)  
ERROR Can't create LSDA data @ 00000000. The address is not in the program's initialized memory!  CIE @ 01109a28 FDE @ 0110c680 (FrameDescriptionEntry)  
ERROR Can't create LSDA data @ 00000000. The address is not in the program's initialized memory!  CIE @ 01109a28 FDE @ 0110c6a8 (FrameDescriptionEntry)  
ERROR Can't create LSDA data @ 00000000. The address is not in the program's initialized memory!  CIE @ 01109a28 FDE @ 0110c6d0 (FrameDescriptionEntry)  
ERROR Can't create LSDA data @ 00000000. The address is not in the program's initialized memory!  CIE @ 01109a28 FDE @ 0110d110 (FrameDescriptionEntry)  
ERROR Can't create LSDA data @ 00000000. The address is not in the program's initialized memory!  CIE @ 01109a28 FDE @ 0110d128 (FrameDescriptionEntry)  
ERROR Can't create LSDA data @ 00000000. The address is not in the program's initialized memory!  CIE @ 01109a28 FDE @ 0110d140 (FrameDescriptionEntry)  
ERROR Can't create LSDA data @ 00000000. The address is not in the program's initialized memory!  CIE @ 01109a28 FDE @ 0110d168 (FrameDescriptionEntry)  
ERROR Can't create LSDA data @ 00000000. The address is not in the program's initialized memory!  CIE @ 01109a28 FDE @ 0110d190 (FrameDescriptionEntry)  
ERROR Can't create LSDA data @ 00000000. The address is not in the program's initialized memory!  CIE @ 01109a28 FDE @ 0110d1b0 (FrameDescriptionEntry)  
ERROR Can't create LSDA data @ 00000000. The address is not in the program's initialized memory!  CIE @ 01109a28 FDE @ 0110d1d0 (FrameDescriptionEntry)  
ERROR Can't create LSDA data @ 00000000. The address is not in the program's initialized memory!  CIE @ 01109a28 FDE @ 0110d1e8 (FrameDescriptionEntry)  
ERROR Can't create LSDA data @ 00000000. The address is not in the program's initialized memory!  CIE @ 01109a28 FDE @ 0110d200 (FrameDescriptionEntry)  
ERROR Can't create LSDA data @ 00000000. The address is not in the program's initialized memory!  CIE @ 01109a28 FDE @ 0110d220 (FrameDescriptionEntry)  
ERROR Can't create LSDA data @ 00000000. The address is not in the program's initialized memory!  CIE @ 01109a28 FDE @ 0110d248 (FrameDescriptionEntry)  
ERROR Can't create LSDA data @ 00000000. The address is not in the program's initialized memory!  CIE @ 01109a28 FDE @ 0110d268 (FrameDescriptionEntry)  
ERROR Can't create LSDA data @ 00000000. The address is not in the program's initialized memory!  CIE @ 01109a28 FDE @ 0110d288 (FrameDescriptionEntry)  
ERROR Can't create LSDA data @ 00000000. The address is not in the program's initialized memory!  CIE @ 01109a28 FDE @ 0110d2c0 (FrameDescriptionEntry)  
ERROR Can't create LSDA data @ 00000000. The address is not in the program's initialized memory!  CIE @ 01109a28 FDE @ 0110d310 (FrameDescriptionEntry)  
ERROR Can't create LSDA data @ 00000000. The address is not in the program's initialized memory!  CIE @ 01109a28 FDE @ 0110d328 (FrameDescriptionEntry)  
ERROR Can't create LSDA data @ 00000000. The address is not in the program's initialized memory!  CIE @ 01109a28 FDE @ 0110d348 (FrameDescriptionEntry)  
ERROR Can't create LSDA data @ 00000000. The address is not in the program's initialized memory!  CIE @ 01109a28 FDE @ 0110d360 (FrameDescriptionEntry)  
ERROR Can't create LSDA data @ 00000000. The address is not in the program's initialized memory!  CIE @ 01109a28 FDE @ 0110d388 (FrameDescriptionEntry)  
ERROR Can't create LSDA data @ 00000000. The address is not in the program's initialized memory!  CIE @ 01109a28 FDE @ 0110d3a0 (FrameDescriptionEntry)  
ERROR Can't create LSDA data @ 00000000. The address is not in the program's initialized memory!  CIE @ 01109a28 FDE @ 0110d3b8 (FrameDescriptionEntry)  
ERROR Can't create LSDA data @ 00000000. The address is not in the program's initialized memory!  CIE @ 01109a28 FDE @ 0110d3d0 (FrameDescriptionEntry)  
ERROR Can't create LSDA data @ 00000000. The address is not in the program's initialized memory!  CIE @ 01109a28 FDE @ 0110d3e8 (FrameDescriptionEntry)  
ERROR Can't create LSDA data @ 00000000. The address is not in the program's initialized memory!  CIE @ 01109a28 FDE @ 0110d400 (FrameDescriptionEntry)  
ERROR Can't create LSDA data @ 00000000. The address is not in the program's initialized memory!  CIE @ 01109a28 FDE @ 0110d428 (FrameDescriptionEntry)  
ERROR Can't create LSDA data @ 00000000. The address is not in the program's initialized memory!  CIE @ 01109a28 FDE @ 0110d450 (FrameDescriptionEntry)  
ERROR Can't create LSDA data @ 00000000. The address is not in the program's initialized memory!  CIE @ 01109a28 FDE @ 0110d468 (FrameDescriptionEntry)  
ERROR Can't create LSDA data @ 00000000. The address is not in the program's initialized memory!  CIE @ 01109a28 FDE @ 0110f158 (FrameDescriptionEntry)  
ERROR Can't create LSDA data @ 00000000. The address is not in the program's initialized memory!  CIE @ 01109a28 FDE @ 0110f170 (FrameDescriptionEntry)  
ERROR Can't create LSDA data @ 00000000. The address is not in the program's initialized memory!  CIE @ 01109a28 FDE @ 0110f188 (FrameDescriptionEntry)  
ERROR Can't create LSDA data @ 00000000. The address is not in the program's initialized memory!  CIE @ 01109a28 FDE @ 0110f1a8 (FrameDescriptionEntry)  
ERROR Can't create LSDA data @ 00000000. The address is not in the program's initialized memory!  CIE @ 01109a28 FDE @ 0110f1c0 (FrameDescriptionEntry)  
ERROR Can't create LSDA data @ 00000000. The address is not in the program's initialized memory!  CIE @ 01109a28 FDE @ 0110f240 (FrameDescriptionEntry)  
ERROR Can't create LSDA data @ 00000000. The address is not in the program's initialized memory!  CIE @ 01109a28 FDE @ 0110f258 (FrameDescriptionEntry)  
ERROR Can't create LSDA data @ 00000000. The address is not in the program's initialized memory!  CIE @ 01109a28 FDE @ 0110f290 (FrameDescriptionEntry)  
ERROR Can't create LSDA data @ 00000000. The address is not in the program's initialized memory!  CIE @ 01109a28 FDE @ 0110f2b8 (FrameDescriptionEntry)  
ERROR Can't create LSDA data @ 00000000. The address is not in the program's initialized memory!  CIE @ 01109a28 FDE @ 0110f350 (FrameDescriptionEntry)  
ERROR Can't create LSDA data @ 00000000. The address is not in the program's initialized memory!  CIE @ 01109a28 FDE @ 0110f370 (FrameDescriptionEntry)  
ERROR Can't create LSDA data @ 00000000. The address is not in the program's initialized memory!  CIE @ 01109a28 FDE @ 0110f388 (FrameDescriptionEntry)  
ERROR Can't create LSDA data @ 00000000. The address is not in the program's initialized memory!  CIE @ 01109a28 FDE @ 0110f3a8 (FrameDescriptionEntry)  
ERROR Can't create LSDA data @ 00000000. The address is not in the program's initialized memory!  CIE @ 01109a28 FDE @ 0110f3c0 (FrameDescriptionEntry)  
ERROR Can't create LSDA data @ 00000000. The address is not in the program's initialized memory!  CIE @ 01109a28 FDE @ 0110f408 (FrameDescriptionEntry)  
ERROR Can't create LSDA data @ 00000000. The address is not in the program's initialized memory!  CIE @ 01109a28 FDE @ 0110f430 (FrameDescriptionEntry)  
ERROR Can't create LSDA data @ 00000000. The address is not in the program's initialized memory!  CIE @ 01109a28 FDE @ 0110f450 (FrameDescriptionEntry)  
ERROR Can't create LSDA data @ 00000000. The address is not in the program's initialized memory!  CIE @ 01109a28 FDE @ 0110f578 (FrameDescriptionEntry)  
ERROR Can't create LSDA data @ 00000000. The address is not in the program's initialized memory!  CIE @ 01109a28 FDE @ 0110f590 (FrameDescriptionEntry)  
ERROR Can't create LSDA data @ 00000000. The address is not in the program's initialized memory!  CIE @ 01109a28 FDE @ 0110f5a8 (FrameDescriptionEntry)  
ERROR Can't create LSDA data @ 00000000. The address is not in the program's initialized memory!  CIE @ 01109a28 FDE @ 0110f5c0 (FrameDescriptionEntry)  
ERROR Can't create LSDA data @ 00000000. The address is not in the program's initialized memory!  CIE @ 01109a28 FDE @ 0110f5d8 (FrameDescriptionEntry)  
ERROR Can't create LSDA data @ 00000000. The address is not in the program's initialized memory!  CIE @ 01109a28 FDE @ 0110f5f0 (FrameDescriptionEntry)  
ERROR Can't create LSDA data @ 00000000. The address is not in the program's initialized memory!  CIE @ 01109a28 FDE @ 0110f610 (FrameDescriptionEntry)  
ERROR Can't create LSDA data @ 00000000. The address is not in the program's initialized memory!  CIE @ 01109a28 FDE @ 0110f628 (FrameDescriptionEntry)  
ERROR Can't create LSDA data @ 00000000. The address is not in the program's initialized memory!  CIE @ 01109a28 FDE @ 0110f640 (FrameDescriptionEntry)  
ERROR Can't create LSDA data @ 00000000. The address is not in the program's initialized memory!  CIE @ 01109a28 FDE @ 0110f658 (FrameDescriptionEntry)  
ERROR Can't create LSDA data @ 00000000. The address is not in the program's initialized memory!  CIE @ 01109a28 FDE @ 0110f6d8 (FrameDescriptionEntry)  
ERROR Can't create LSDA data @ 00000000. The address is not in the program's initialized memory!  CIE @ 01109a28 FDE @ 0110f6f8 (FrameDescriptionEntry)  
ERROR Can't create LSDA data @ 00000000. The address is not in the program's initialized memory!  CIE @ 01109a28 FDE @ 0110f710 (FrameDescriptionEntry)  
ERROR Can't create LSDA data @ 00000000. The address is not in the program's initialized memory!  CIE @ 01109a28 FDE @ 0110f740 (FrameDescriptionEntry)  
ERROR Can't create LSDA data @ 00000000. The address is not in the program's initialized memory!  CIE @ 01109a28 FDE @ 0110f778 (FrameDescriptionEntry)  
ERROR Can't create LSDA data @ 00000000. The address is not in the program's initialized memory!  CIE @ 01109a28 FDE @ 0110f7a8 (FrameDescriptionEntry)  
ERROR Can't create LSDA data @ 00000000. The address is not in the program's initialized memory!  CIE @ 01109a28 FDE @ 0110f7c8 (FrameDescriptionEntry)  
ERROR Can't create LSDA data @ 00000000. The address is not in the program's initialized memory!  CIE @ 01109a28 FDE @ 0110f7e0 (FrameDescriptionEntry)  
ERROR Can't create LSDA data @ 00000000. The address is not in the program's initialized memory!  CIE @ 01109a28 FDE @ 0110f800 (FrameDescriptionEntry)  
ERROR Can't create LSDA data @ 00000000. The address is not in the program's initialized memory!  CIE @ 01109a28 FDE @ 0110f838 (FrameDescriptionEntry)  
ERROR Can't create LSDA data @ 00000000. The address is not in the program's initialized memory!  CIE @ 01109a28 FDE @ 0110f850 (FrameDescriptionEntry)  
ERROR Can't create LSDA data @ 00000000. The address is not in the program's initialized memory!  CIE @ 01109a28 FDE @ 01110090 (FrameDescriptionEntry)  
ERROR Can't create LSDA data @ 00000000. The address is not in the program's initialized memory!  CIE @ 01109a28 FDE @ 011100a8 (FrameDescriptionEntry)  
ERROR Can't create LSDA data @ 00000000. The address is not in the program's initialized memory!  CIE @ 01109a28 FDE @ 011100c0 (FrameDescriptionEntry)  
ERROR Can't create LSDA data @ 00000000. The address is not in the program's initialized memory!  CIE @ 01109a28 FDE @ 011100d8 (FrameDescriptionEntry)  
ERROR Can't create LSDA data @ 00000000. The address is not in the program's initialized memory!  CIE @ 01109a28 FDE @ 01110150 (FrameDescriptionEntry)  
ERROR Can't create LSDA data @ 00000000. The address is not in the program's initialized memory!  CIE @ 01109a28 FDE @ 01110168 (FrameDescriptionEntry)  
ERROR Can't create LSDA data @ 00000000. The address is not in the program's initialized memory!  CIE @ 01109a28 FDE @ 01110180 (FrameDescriptionEntry)  
ERROR Can't create LSDA data @ 00000000. The address is not in the program's initialized memory!  CIE @ 01109a28 FDE @ 011101a0 (FrameDescriptionEntry)  
ERROR Can't create LSDA data @ 00000000. The address is not in the program's initialized memory!  CIE @ 01109a28 FDE @ 011101c8 (FrameDescriptionEntry)  
ERROR Can't create LSDA data @ 00000000. The address is not in the program's initialized memory!  CIE @ 01109a28 FDE @ 01110200 (FrameDescriptionEntry)  
ERROR Can't create LSDA data @ 00000000. The address is not in the program's initialized memory!  CIE @ 01109a28 FDE @ 01110220 (FrameDescriptionEntry)  
ERROR Can't create LSDA data @ 00000000. The address is not in the program's initialized memory!  CIE @ 01109a28 FDE @ 011102a0 (FrameDescriptionEntry)  
ERROR Can't create LSDA data @ 00000000. The address is not in the program's initialized memory!  CIE @ 01109a28 FDE @ 011102c0 (FrameDescriptionEntry)  
ERROR Can't create LSDA data @ 00000000. The address is not in the program's initialized memory!  CIE @ 01109a28 FDE @ 011102f8 (FrameDescriptionEntry)  
ERROR Can't create LSDA data @ 00000000. The address is not in the program's initialized memory!  CIE @ 01109a28 FDE @ 01110368 (FrameDescriptionEntry)  
ERROR Can't create LSDA data @ 00000000. The address is not in the program's initialized memory!  CIE @ 01109a28 FDE @ 01110490 (FrameDescriptionEntry)  
ERROR Can't create LSDA data @ 00000000. The address is not in the program's initialized memory!  CIE @ 01109a28 FDE @ 01110578 (FrameDescriptionEntry)  
ERROR Can't create LSDA data @ 00000000. The address is not in the program's initialized memory!  CIE @ 01109a28 FDE @ 011105b0 (FrameDescriptionEntry)  
ERROR Can't create LSDA data @ 00000000. The address is not in the program's initialized memory!  CIE @ 01109a28 FDE @ 011108b0 (FrameDescriptionEntry)  
ERROR Can't create LSDA data @ 00000000. The address is not in the program's initialized memory!  CIE @ 01109a28 FDE @ 011108c8 (FrameDescriptionEntry)  
ERROR Can't create LSDA data @ 00000000. The address is not in the program's initialized memory!  CIE @ 01109a28 FDE @ 01110948 (FrameDescriptionEntry)  
ERROR Can't create LSDA data @ 00000000. The address is not in the program's initialized memory!  CIE @ 01109a28 FDE @ 01110960 (FrameDescriptionEntry)  
ERROR Can't create LSDA data @ 00000000. The address is not in the program's initialized memory!  CIE @ 01109a28 FDE @ 01110988 (FrameDescriptionEntry)  
ERROR Can't create LSDA data @ 00000000. The address is not in the program's initialized memory!  CIE @ 01109a28 FDE @ 011109a0 (FrameDescriptionEntry)  
ERROR Can't create LSDA data @ 00000000. The address is not in the program's initialized memory!  CIE @ 01109a28 FDE @ 011109c8 (FrameDescriptionEntry)  
ERROR Can't create LSDA data @ 00000000. The address is not in the program's initialized memory!  CIE @ 01109a28 FDE @ 011109f0 (FrameDescriptionEntry)  
INFO  ExportExceptionRegions.java> EXPORTED selected=5 regions=17015 lsda=2884 (GhidraScript)  
INFO  REPORT: Discarding changes to the following read-only file: /Torchlight.bin.x86_64 (HeadlessAnalyzer)  
