-- The C compiler identification is GNU 14.2.0
-- The CXX compiler identification is GNU 14.2.0
-- Detecting C compiler ABI info
-- Detecting C compiler ABI info - done
-- Check for working C compiler: /usr/bin/cc - skipped
-- Detecting C compile features
-- Detecting C compile features - done
-- Detecting CXX compiler ABI info
-- Detecting CXX compiler ABI info - done
-- Check for working CXX compiler: /usr/bin/c++ - skipped
-- Detecting CXX compile features
-- Detecting CXX compile features - done
-- Found ZLIB: /usr/lib/x86_64-linux-gnu/libz.so (found version "1.3.1")
-- Found PNG: /usr/lib/x86_64-linux-gnu/libpng.so (found version "1.6.48")
-- UI fonts: FreeType 2.13.3
-- Found PkgConfig: /usr/bin/pkg-config (found version "1.8.1")
-- Checking for module 'egl'
--   Package 'egl', required by 'virtual:world', not found
-- Checking for module 'glesv2'
--   Package 'glesv2', required by 'virtual:world', not found
-- Checking for module 'wayland-client'
--   Package 'wayland-client', required by 'virtual:world', not found
-- Checking for module 'wayland-egl'
--   Package 'wayland-egl', required by 'virtual:world', not found
-- Desktop shell disabled: Wayland, EGL, GLES2, or xdg-shell files are missing
-- Found Python3: /opt/pyvenv/bin/python3 (found version "3.13.5") found components: Interpreter
-- Original comparison not configured: set TORCHLIGHT_ORIGINAL to run it
-- Configuring done (4.3s)
-- Generating done (0.1s)
-- Build files have been written to: /mnt/data/freetype12
[1/77] Building CXX object CMakeFiles/torchlight_core.dir/src/actor_motion.cpp.o
[2/77] Building CXX object CMakeFiles/torchlight_core.dir/src/animation_events.cpp.o
[3/77] Building CXX object CMakeFiles/torchlight_core.dir/src/animation_manifest.cpp.o
[4/77] Building CXX object CMakeFiles/torchlight_core.dir/src/adm_document.cpp.o
[5/77] Building CXX object CMakeFiles/torchlight_core.dir/src/line_of_sight.cpp.o
[6/77] Building CXX object CMakeFiles/torchlight_core.dir/src/collision_scene.cpp.o
[7/77] Building CXX object CMakeFiles/torchlight_core.dir/src/attack_action.cpp.o
[8/77] Building CXX object CMakeFiles/torchlight_core.dir/src/consumable.cpp.o
[9/77] Building CXX object CMakeFiles/torchlight_core.dir/src/combat.cpp.o
[10/77] Building CXX object CMakeFiles/torchlight_core.dir/src/save_store.cpp.o
[11/77] Building CXX object CMakeFiles/torchlight_core.dir/src/save_codec.cpp.o
[12/77] Building CXX object CMakeFiles/torchlight_core.dir/src/checkpoint.cpp.o
[13/77] Building CXX object CMakeFiles/torchlight_core.dir/src/ui_font.cpp.o
[14/77] Building CXX object CMakeFiles/torchlight_core.dir/src/ui_text.cpp.o
[15/77] Building CXX object CMakeFiles/torchlight_core.dir/src/ui_layout.cpp.o
[16/77] Building CXX object CMakeFiles/torchlight_core.dir/src/ui_hud.cpp.o
[17/77] Building CXX object CMakeFiles/torchlight_core.dir/src/damage.cpp.o
[18/77] Building CXX object CMakeFiles/torchlight_core.dir/src/dds_texture.cpp.o
[19/77] Building CXX object CMakeFiles/torchlight_core.dir/src/frontend.cpp.o
[20/77] Building CXX object CMakeFiles/torchlight_core.dir/src/interaction.cpp.o
[21/77] Building CXX object CMakeFiles/torchlight_core.dir/src/equipment.cpp.o
[22/77] Building CXX object CMakeFiles/torchlight_core.dir/src/entity_world.cpp.o
[23/77] Building CXX object CMakeFiles/torchlight_core.dir/src/input_state.cpp.o
[24/77] Building CXX object CMakeFiles/torchlight_core.dir/src/vitals.cpp.o
[25/77] Building CXX object CMakeFiles/torchlight_core.dir/src/enemy_ai.cpp.o
[26/77] Building CXX object CMakeFiles/torchlight_core.dir/src/inventory.cpp.o
[27/77] Building CXX object CMakeFiles/torchlight_core.dir/src/inventory_view.cpp.o
[28/77] Building CXX object CMakeFiles/torchlight_core.dir/src/progression.cpp.o
[29/77] Building CXX object CMakeFiles/torchlight_core.dir/src/player_session.cpp.o
[30/77] Building CXX object CMakeFiles/torchlight_core.dir/src/key_manager.cpp.o
[31/77] Building CXX object CMakeFiles/torchlight_core.dir/src/population.cpp.o
[32/77] Building CXX object CMakeFiles/torchlight_core.dir/src/treasure.cpp.o
[33/77] Building CXX object CMakeFiles/torchlight_core.dir/src/level_transition.cpp.o
[34/77] Building CXX object CMakeFiles/torchlight_core.dir/src/master_resource_index.cpp.o
[35/77] Building CXX object CMakeFiles/torchlight_core.dir/src/mouse_manager.cpp.o
[36/77] Building CXX object CMakeFiles/torchlight_core.dir/src/logic_runtime.cpp.o
[37/77] Building CXX object CMakeFiles/torchlight_core.dir/src/level_scene.cpp.o
[38/77] Building CXX object CMakeFiles/torchlight_core.dir/src/navigation_grid.cpp.o
[39/77] Building CXX object CMakeFiles/torchlight_core.dir/src/ogre_material.cpp.o
[40/77] Building CXX object CMakeFiles/torchlight_core.dir/src/ogre_mesh.cpp.o
[41/77] Building CXX object CMakeFiles/torchlight_core.dir/src/pathfinder_rules.cpp.o
[42/77] Building CXX object CMakeFiles/torchlight_core.dir/src/pointer_movement.cpp.o
[43/77] Building CXX object CMakeFiles/torchlight_core.dir/src/ogre_skeleton.cpp.o
[44/77] Building CXX object CMakeFiles/torchlight_core.dir/src/png_texture.cpp.o
[45/77] Building CXX object CMakeFiles/torchlight_core.dir/src/pak_archive.cpp.o
[46/77] Building CXX object CMakeFiles/torchlight_core.dir/src/randomizer.cpp.o
[47/77] Building CXX object CMakeFiles/torchlight_core.dir/src/resource_config.cpp.o
[48/77] Building CXX object CMakeFiles/torchlight_core.dir/src/player.cpp.o
[49/77] Building CXX object CMakeFiles/torchlight_core.dir/src/random_level.cpp.o
[50/77] Building CXX object CMakeFiles/torchlight_core.dir/src/scene_math.cpp.o
[51/77] Building CXX object CMakeFiles/torchlight_core.dir/src/scene_animation.cpp.o
[52/77] Building CXX object CMakeFiles/torchlight_core.dir/src/scene_geometry.cpp.o
[53/77] Building CXX object CMakeFiles/torchlight_core.dir/src/skeletal_animation.cpp.o
[54/77] Building CXX object CMakeFiles/torchlight_core.dir/src/spawn_class.cpp.o
[55/77] Building CXX object CMakeFiles/torchlight_core.dir/src/stat_graph.cpp.o
[56/77] Building CXX object CMakeFiles/torchlight_core.dir/src/unit_definition.cpp.o
[57/77] Building CXX object CMakeFiles/torchlight_core.dir/src/unit_type.cpp.o
[58/77] Linking CXX static library libtorchlight_core.a
[59/77] Generating fixtures/frontend.pak.zip
Authored combat fixture: 24 units, 60 files; no original assets
[60/77] Generating fixtures/hud.pak.zip
Authored HUD fixture: 3 original-geometry bars, 8x8 colored atlas; no original assets
[61/77] Generating fixtures/menu-widgets.pak.zip
[62/77] Generating fixtures/ui-font.pak.zip
[63/77] Building CXX object CMakeFiles/ui_text_test.dir/tests/ui_text_test.cpp.o
[64/77] Building CXX object CMakeFiles/ui_font_probe.dir/tests/ui_font_probe.cpp.o
[65/77] Building CXX object CMakeFiles/torchlight_application.dir/src/application.cpp.o
[66/77] Linking CXX static library libtorchlight_application.a
[67/77] Building CXX object CMakeFiles/application_scenario_probe.dir/tests/application_scenario_probe.cpp.o
[68/77] Building CXX object CMakeFiles/application_scenario_probe.dir/src/gles_scene_renderer.cpp.o
[69/77] Building CXX object CMakeFiles/ui_font_atlas_test.dir/tests/ui_font_atlas_test.cpp.o
[70/77] Building CXX object CMakeFiles/application_scenario_probe.dir/src/gles_ui_renderer.cpp.o
[71/77] Linking CXX executable ui_text_test
[72/77] Linking CXX executable ui_font_atlas_test
[73/77] Linking CXX executable ui_font_probe
[74/77] Building CXX object CMakeFiles/gles_ui_probe.dir/tests/gles_ui_probe.cpp.o
[75/77] Linking CXX shared library libapplication_scenario_probe.so
[76/77] Building CXX object CMakeFiles/gles_ui_probe.dir/src/gles_ui_renderer.cpp.o
[77/77] Linking CXX shared library libgles_ui_probe.so
Internal ctest changing into directory: /mnt/data/freetype12
Test project /mnt/data/freetype12
    Start 17: ui_text_layout
    Start 18: ui_font_atlas
1/6 Test #17: ui_text_layout ...................   Passed    0.00 sec
    Start 20: original_ui_font_resource
2/6 Test #18: ui_font_atlas ....................   Passed    0.01 sec
    Start 23: gles_ui_headless
3/6 Test #20: original_ui_font_resource ........   Passed    0.06 sec
    Start 24: gles_menu_text
4/6 Test #23: gles_ui_headless .................   Passed    0.86 sec
    Start 76: application_combat_render
5/6 Test #24: gles_menu_text ...................   Passed    0.88 sec
6/6 Test #76: application_combat_render ........   Passed   24.27 sec

100% tests passed, 0 tests failed out of 6

Label Time Summary:
assets    =   0.06 sec*proc (1 test)
core      =   1.75 sec*proc (4 tests)
render    =  26.01 sec*proc (3 tests)

Total Test time (real) =  25.15 sec
