openjdk version "21.0.12.1" 2026-08-18 LTS
OpenJDK Runtime Environment Temurin-21.0.12.1+1 (build 21.0.12.1+1-LTS)
OpenJDK 64-Bit Server VM Temurin-21.0.12.1+1 (build 21.0.12.1+1-LTS, mixed mode)
INFO  Using log config file: jar:file:/workspace/scratch/3ba0fff8d310/otl-recovery-1518/repo/build-source-cache/ghidra/ghidra_12.1.3_PUBLIC/Ghidra/Framework/Generic/lib/Generic.jar!/generic.log4j.xml (LoggingInitialization)  
INFO  Using log file: /workspace/scratch/3ba0fff8d310/otl-recovery-1518/gameui-analysis/ghidra-config/agent-ghidra/ghidra_12.1.3_PUBLIC/application.log (LoggingInitialization)  
INFO  Loading user preferences: /workspace/scratch/3ba0fff8d310/otl-recovery-1518/gameui-analysis/ghidra-config/agent-ghidra/ghidra_12.1.3_PUBLIC/preferences (Preferences)  
INFO  Searching for classes... (ClassSearcher)  
INFO  Class search complete (1018 ms) (ClassSearcher)  
INFO  Initializing SSL Context (DefaultSSLContextInitializer)  
INFO  Initializing Random Number Generator... (SecureRandomFactory)  
INFO  Random Number Generator initialization complete: NativePRNGNonBlocking (SecureRandomFactory)  
INFO  Trust manager disabled, cacerts have not been set (DefaultTrustManagerFactory)  
INFO  Headless startup complete (2243 ms) (AnalyzeHeadless)  
INFO  Class searcher loaded 59 extension points (20 false positives) (ClassSearcher)  
INFO  HEADLESS Script Paths:
    /workspace/scratch/3ba0fff8d310/otl-recovery-1518/repo/build-source-cache/ghidra/ghidra_12.1.3_PUBLIC/Ghidra/Features/Base/ghidra_scripts
    /workspace/scratch/3ba0fff8d310/otl-recovery-1518/repo/build-source-cache/ghidra/ghidra_12.1.3_PUBLIC/Ghidra/Features/MicrosoftCodeAnalyzer/ghidra_scripts
    /workspace/scratch/3ba0fff8d310/otl-recovery-1518/repo/build-source-cache/ghidra/ghidra_12.1.3_PUBLIC/Ghidra/Features/GnuDemangler/ghidra_scripts
    /workspace/scratch/3ba0fff8d310/otl-recovery-1518/repo/build-source-cache/ghidra/ghidra_12.1.3_PUBLIC/Ghidra/Processors/DATA/ghidra_scripts
    /workspace/scratch/3ba0fff8d310/otl-recovery-1518/pipeline-integration-2464d59/research/decomp-acceleration-2026-10-05
    /workspace/scratch/3ba0fff8d310/otl-recovery-1518/repo/build-source-cache/ghidra/ghidra_12.1.3_PUBLIC/Ghidra/Features/SystemEmulation/ghidra_scripts
    /workspace/scratch/3ba0fff8d310/otl-recovery-1518/repo/build-source-cache/ghidra/ghidra_12.1.3_PUBLIC/Ghidra/Debug/Debugger/ghidra_scripts
    /workspace/scratch/3ba0fff8d310/otl-recovery-1518/repo/build-source-cache/ghidra/ghidra_12.1.3_PUBLIC/Ghidra/Processors/PIC/ghidra_scripts
    /workspace/scratch/3ba0fff8d310/otl-recovery-1518/repo/build-source-cache/ghidra/ghidra_12.1.3_PUBLIC/Ghidra/Features/SwiftDemangler/ghidra_scripts
    /workspace/scratch/3ba0fff8d310/otl-recovery-1518/repo/build-source-cache/ghidra/ghidra_12.1.3_PUBLIC/Ghidra/Features/PDB/ghidra_scripts
    /workspace/scratch/3ba0fff8d310/otl-recovery-1518/repo/build-source-cache/ghidra/ghidra_12.1.3_PUBLIC/Ghidra/Debug/Debugger-rmi-trace/ghidra_scripts
    /workspace/scratch/3ba0fff8d310/otl-recovery-1518/repo/build-source-cache/ghidra/ghidra_12.1.3_PUBLIC/Ghidra/Features/BytePatterns/ghidra_scripts
    /workspace/scratch/3ba0fff8d310/otl-recovery-1518/repo/build-source-cache/ghidra/ghidra_12.1.3_PUBLIC/Ghidra/Features/VersionTracking/ghidra_scripts
    /workspace/scratch/3ba0fff8d310/otl-recovery-1518/repo/build-source-cache/ghidra/ghidra_12.1.3_PUBLIC/Ghidra/Processors/Atmel/ghidra_scripts
    /workspace/scratch/3ba0fff8d310/otl-recovery-1518/repo/build-source-cache/ghidra/ghidra_12.1.3_PUBLIC/Ghidra/Features/BSim/ghidra_scripts
    /workspace/scratch/3ba0fff8d310/otl-recovery-1518/repo/build-source-cache/ghidra/ghidra_12.1.3_PUBLIC/Ghidra/Features/WildcardAssembler/ghidra_scripts
    /workspace/scratch/3ba0fff8d310/otl-recovery-1518/repo/build-source-cache/ghidra/ghidra_12.1.3_PUBLIC/Ghidra/Features/PyGhidra/ghidra_scripts
    /workspace/scratch/3ba0fff8d310/otl-recovery-1518/repo/build-source-cache/ghidra/ghidra_12.1.3_PUBLIC/Ghidra/Features/FileFormats/ghidra_scripts
    /workspace/scratch/3ba0fff8d310/otl-recovery-1518/repo/build-source-cache/ghidra/ghidra_12.1.3_PUBLIC/Ghidra/Features/Decompiler/ghidra_scripts
    /workspace/scratch/3ba0fff8d310/otl-recovery-1518/repo/build-source-cache/ghidra/ghidra_12.1.3_PUBLIC/Ghidra/Features/DecompilerDependent/ghidra_scripts
    /workspace/scratch/3ba0fff8d310/otl-recovery-1518/repo/build-source-cache/ghidra/ghidra_12.1.3_PUBLIC/Ghidra/Processors/8051/ghidra_scripts
    /workspace/scratch/3ba0fff8d310/otl-recovery-1518/repo/build-source-cache/ghidra/ghidra_12.1.3_PUBLIC/Ghidra/Features/FunctionID/ghidra_scripts
    /workspace/scratch/3ba0fff8d310/otl-recovery-1518/repo/build-source-cache/ghidra/ghidra_12.1.3_PUBLIC/Ghidra/Processors/JVM/ghidra_scripts (HeadlessAnalyzer)  
INFO  HEADLESS: execution starts (HeadlessAnalyzer)  
INFO  Opening existing project: /workspace/scratch/3ba0fff8d310/otl-recovery-1518/gameui-analysis/ghidra-project/GameUI (HeadlessAnalyzer)  
INFO  Opening project: /workspace/scratch/3ba0fff8d310/otl-recovery-1518/gameui-analysis/ghidra-project/GameUI (HeadlessProject)  
INFO  REPORT: Processing read-only project file: /Torchlight.bin.x86_64 (HeadlessAnalyzer)  
INFO  REPORT: Execute script: SDKPrototypeAB.java '/workspace/scratch/3ba0fff8d310/otl-recovery-1518/pipeline-integration-2464d59/build-decomp/sdk-prototype-experiment/enriched-types.json' '/workspace/scratch/3ba0fff8d310/otl-recovery-1518/pipeline-integration-2464d59/build-decomp/sdk-prototype-experiment/targets.txt' '/workspace/scratch/3ba0fff8d310/otl-recovery-1518/pipeline-integration-2464d59/build-decomp/sdk-prototype-experiment/enriched'  (HeadlessAnalyzer)  
INFO  SCRIPT: /workspace/scratch/3ba0fff8d310/otl-recovery-1518/pipeline-integration-2464d59/research/decomp-acceleration-2026-10-05/SDKPrototypeAB.java (HeadlessAnalyzer)  
INFO  SDKPrototypeAB.java> applied 885 class layouts (GhidraScript)  
INFO  SDKPrototypeAB.java> applied 3513 method prototypes from the headers (0 failed) (GhidraScript)  
INFO  SDKPrototypeAB.java> set __thiscall on 676 methods (GhidraScript)  
INFO  SDKPrototypeAB.java> decompiled 5 functions (GhidraScript)  
INFO  REPORT: Discarding changes to the following read-only file: /Torchlight.bin.x86_64 (HeadlessAnalyzer)  
